Component: ARM Compiler 5.06 update 2 (build 183) Tool: armlink [4d35b7]

==============================================================================

Section Cross References

    image_boot_handlers.o(i.configure_spiflash_pins) refers to am_bsp.o(i.am_bsp_iom_spi_pins_enable) for am_bsp_iom_spi_pins_enable
    image_boot_handlers.o(i.image_flash_write_from_sram) refers to am_hal_mcuctrl.o(i.am_hal_mcuctrl_device_info_get) for am_hal_mcuctrl_device_info_get
    image_boot_handlers.o(i.image_flash_write_from_sram) refers to am_hal_interrupt.o(.emb_text) for am_hal_interrupt_master_disable
    image_boot_handlers.o(i.image_flash_write_from_sram) refers to am_hal_flash.o(i.am_hal_flash_page_erase) for am_hal_flash_page_erase
    image_boot_handlers.o(i.image_flash_write_from_sram) refers to am_hal_flash.o(i.am_hal_flash_program_main) for am_hal_flash_program_main
    image_boot_handlers.o(i.image_get_storage_information_internal) refers to am_hal_mcuctrl.o(i.am_hal_mcuctrl_device_info_get) for am_hal_mcuctrl_device_info_get
    image_boot_handlers.o(i.image_load_from_external_flash) refers to am_bsp.o(i.am_bsp_iom_spi_pins_enable) for am_bsp_iom_spi_pins_enable
    image_boot_handlers.o(i.image_load_from_external_flash) refers to am_hal_iom.o(i.am_hal_iom_enable) for am_hal_iom_enable
    image_boot_handlers.o(i.image_load_from_external_flash) refers to am_devices_spiflash.o(i.am_devices_spiflash_read) for am_devices_spiflash_read
    image_boot_handlers.o(i.image_load_from_external_flash) refers to am_hal_interrupt.o(.emb_text) for am_hal_interrupt_master_disable
    image_boot_handlers.o(i.image_load_from_external_flash) refers to am_hal_flash.o(i.am_hal_flash_page_erase) for am_hal_flash_page_erase
    image_boot_handlers.o(i.image_load_from_external_flash) refers to am_hal_flash.o(i.am_hal_flash_program_main) for am_hal_flash_program_main
    image_boot_handlers.o(i.image_load_from_external_flash) refers to am_bsp.o(i.am_bsp_iom_spi_pins_disable) for am_bsp_iom_spi_pins_disable
    image_boot_handlers.o(i.image_load_from_external_flash) refers to am_hal_iom.o(i.am_hal_iom_disable) for am_hal_iom_disable
    image_boot_handlers.o(i.image_load_from_external_flash) refers to image_boot_handlers.o(.bss) for g_ui32FlashLoadingBuffer
    image_boot_handlers.o(i.image_load_from_internal_flash) refers to rt_memcpy_w.o(.text) for __aeabi_memcpy4
    image_boot_handlers.o(i.image_load_from_internal_flash) refers to am_hal_interrupt.o(.emb_text) for am_hal_interrupt_master_disable
    image_boot_handlers.o(i.image_load_from_internal_flash) refers to am_hal_flash.o(i.am_hal_flash_page_erase) for am_hal_flash_page_erase
    image_boot_handlers.o(i.image_load_from_internal_flash) refers to am_hal_flash.o(i.am_hal_flash_program_main) for am_hal_flash_program_main
    image_boot_handlers.o(i.image_load_from_internal_flash) refers to image_boot_handlers.o(.bss) for g_ui32FlashLoadingBuffer
    image_boot_handlers.o(i.image_spiflash_erase) refers to am_bsp.o(i.am_bsp_iom_spi_pins_enable) for am_bsp_iom_spi_pins_enable
    image_boot_handlers.o(i.image_spiflash_erase) refers to am_hal_iom.o(i.am_hal_iom_enable) for am_hal_iom_enable
    image_boot_handlers.o(i.image_spiflash_erase) refers to am_devices_spiflash.o(i.am_devices_spiflash_sector_erase) for am_devices_spiflash_sector_erase
    image_boot_handlers.o(i.image_spiflash_erase) refers to am_bsp.o(i.am_bsp_iom_spi_pins_disable) for am_bsp_iom_spi_pins_disable
    image_boot_handlers.o(i.image_spiflash_erase) refers to am_hal_iom.o(i.am_hal_iom_disable) for am_hal_iom_disable
    ios_boot_handlers.o(i.am_ioslave_acc_isr) refers to am_hal_ios.o(i.am_hal_ios_access_int_status_get) for am_hal_ios_access_int_status_get
    ios_boot_handlers.o(i.am_ioslave_acc_isr) refers to am_hal_ios.o(i.am_hal_ios_access_int_clear) for am_hal_ios_access_int_clear
    ios_boot_handlers.o(i.am_ioslave_acc_isr) refers to ios_boot_handlers.o(i.image_start_packet_read) for image_start_packet_read
    ios_boot_handlers.o(i.am_ioslave_acc_isr) refers to ios_boot_handlers.o(i.image_data_packet_read) for image_data_packet_read
    ios_boot_handlers.o(i.am_ioslave_acc_isr) refers to am_bootloader.o(i.am_bootloader_flag_page_update) for am_bootloader_flag_page_update
    ios_boot_handlers.o(i.am_ioslave_acc_isr) refers to am_hal_reset.o(i.am_hal_reset_poi) for am_hal_reset_poi
    ios_boot_handlers.o(i.am_ioslave_acc_isr) refers to ios_boot_handlers.o(.data) for g_bIOSActive
    ios_boot_handlers.o(i.am_ioslave_acc_isr) refers to am_hal_ios.o(.constdata) for am_hal_ios_pui8LRAM
    ios_boot_handlers.o(i.am_ioslave_acc_isr) refers to multi_boot.o(.bss) for g_sImage
    ios_boot_handlers.o(i.am_ioslave_acc_isr) refers to multi_boot.o(.data) for g_bImageValid
    ios_boot_handlers.o(i.am_ioslave_acc_isr) refers to image_boot_handlers.o(.data) for g_psBootImage
    ios_boot_handlers.o(i.am_ioslave_handshake) refers to am_util_delay.o(i.am_util_delay_us) for am_util_delay_us
[...]
    defsig_general.o(.text) refers to sys_wrch.o(.text) for _ttywrch
    sys_wrch.o(.text) refers (Special) to use_no_semi.o(.text) for __I$use$semihosting
    sys_wrch.o(.text) refers (Special) to indicate_semi.o(.text) for __semihosting_library_function
    defsig.o(CL$$defsig) refers to defsig_rtmem_inner.o(.text) for __rt_SIGRTMEM_inner
    defsig_abrt_inner.o(.text) refers to defsig_general.o(.text) for __default_signal_display
    defsig_fpe_inner.o(.text) refers to defsig_general.o(.text) for __default_signal_display
    defsig_rtred_inner.o(.text) refers to defsig_general.o(.text) for __default_signal_display
    defsig_stak_inner.o(.text) refers to defsig_general.o(.text) for __default_signal_display
    defsig_pvfn_inner.o(.text) refers to defsig_general.o(.text) for __default_signal_display
    defsig_cppl_inner.o(.text) refers to defsig_general.o(.text) for __default_signal_display
    defsig_segv_inner.o(.text) refers to defsig_general.o(.text) for __default_signal_display
    defsig_other.o(.text) refers to defsig_general.o(.text) for __default_signal_display


==============================================================================

Removing Unused input sections from the image.

    Removing image_boot_handlers.o(i.image_flash_write_from_sram), (284 bytes).
    Removing image_boot_handlers.o(i.image_get_storage_information_internal), (108 bytes).
    Removing image_boot_handlers.o(i.image_spiflash_erase), (76 bytes).
    Removing ios_boot_handlers.o(i.am_ioslave_handshake), (76 bytes).
    Removing uart_boot_handlers.o(i.hex_out), (68 bytes).
    Removing uart_boot_handlers.o(i.hex_out_int), (20 bytes).
    Removing am_util_delay.o(i.am_util_delay_us), (32 bytes).
    Removing am_util_stdio.o(i.am_util_stdio_printf), (48 bytes).
    Removing am_util_stdio.o(i.am_util_stdio_printf_init), (12 bytes).
    Removing am_util_stdio.o(i.am_util_stdio_sprintf), (34 bytes).
    Removing am_util_stdio.o(i.am_util_stdio_strtoul), (146 bytes).
    Removing am_util_stdio.o(i.am_util_stdio_terminal_clear), (56 bytes).
    Removing am_util_stdio.o(i.am_util_stdio_textmode_set), (16 bytes).
    Removing am_util_stdio.o(i.am_util_stdio_vsprintf), (832 bytes).
    Removing am_util_stdio.o(i.decstr_to_u), (44 bytes).
    Removing am_util_stdio.o(i.divu64_10), (204 bytes).
    Removing am_util_stdio.o(i.ftoa), (340 bytes).
    Removing am_util_stdio.o(i.ndigits_in_hex), (52 bytes).
    Removing am_util_stdio.o(i.ndigits_in_i64), (36 bytes).
    Removing am_util_stdio.o(i.ndigits_in_u64), (58 bytes).
    Removing am_util_stdio.o(i.uint64_to_hexstr), (138 bytes).
    Removing am_util_stdio.o(i.uint64_to_str), (112 bytes).
    Removing am_util_stdio.o(.bss), (256 bytes).
    Removing am_util_stdio.o(.data), (5 bytes).
    Removing am_devices_spiflash.o(i.am_devices_spiflash_id), (40 bytes).
    Removing am_devices_spiflash.o(i.am_devices_spiflash_mass_erase), (100 bytes).
    Removing am_devices_spiflash.o(i.am_devices_spiflash_sector_erase), (120 bytes).
    Removing am_devices_spiflash.o(i.am_devices_spiflash_status), (40 bytes).
    Removing am_devices_spiflash.o(i.am_devices_spiflash_write), (184 bytes).
    Removing am_bootloader.o(i.am_bootloader_crc32), (60 bytes).
    Removing am_hal_clkgen.o(i.am_hal_clkgen_clkout_disable), (10 bytes).
    Removing am_hal_clkgen.o(i.am_hal_clkgen_clkout_enable), (12 bytes).
    Removing am_hal_clkgen.o(i.am_hal_clkgen_hfrc_adjust_disable), (12 bytes).
    Removing am_hal_clkgen.o(i.am_hal_clkgen_hfrc_adjust_enable), (18 bytes).
    Removing am_hal_clkgen.o(i.am_hal_clkgen_int_clear), (10 bytes).
    Removing am_hal_clkgen.o(i.am_hal_clkgen_int_disable), (18 bytes).
    Removing am_hal_clkgen.o(i.am_hal_clkgen_int_enable), (16 bytes).
    Removing am_hal_clkgen.o(i.am_hal_clkgen_int_enable_get), (10 bytes).
    Removing am_hal_clkgen.o(i.am_hal_clkgen_int_set), (10 bytes).
    Removing am_hal_clkgen.o(i.am_hal_clkgen_int_status_get), (20 bytes).
    Removing am_hal_clkgen.o(i.am_hal_clkgen_osc_start), (14 bytes).
    Removing am_hal_flash.o(i.am_hal_flash_erase_main_pages_sram), (12 bytes).
    Removing am_hal_flash.o(i.am_hal_flash_load_ui32), (12 bytes).
    Removing am_hal_flash.o(i.am_hal_flash_mass_erase), (12 bytes).
    Removing am_hal_flash.o(i.am_hal_flash_mass_erase_sram), (12 bytes).
    Removing am_hal_flash.o(i.am_hal_flash_program_main_sram), (12 bytes).
    Removing am_hal_flash.o(i.am_hal_flash_program_otp), (24 bytes).
    Removing am_hal_flash.o(i.am_hal_flash_program_otp_sram), (12 bytes).
    Removing am_hal_gpio.o(i.am_hal_gpio_input_read), (24 bytes).
    Removing am_hal_gpio.o(i.am_hal_gpio_int_enable_get), (24 bytes).
    Removing am_hal_gpio.o(i.am_hal_gpio_int_polarity_bit_get), (40 bytes).
    Removing am_hal_gpio.o(i.am_hal_gpio_int_register), (84 bytes).
    Removing am_hal_gpio.o(i.am_hal_gpio_int_service), (88 bytes).
    Removing am_hal_gpio.o(i.am_hal_gpio_int_set), (16 bytes).
    Removing am_hal_gpio.o(i.am_hal_gpio_int_status_get), (56 bytes).
    Removing am_hal_gpio.o(i.am_hal_gpio_out_enable_bit_get), (48 bytes).
    Removing am_hal_gpio.o(i.am_hal_gpio_out_enable_get), (24 bytes).
    Removing am_hal_gpio.o(i.am_hal_gpio_out_read), (24 bytes).
    Removing am_hal_gpio.o(.bss), (256 bytes).
    Removing am_hal_interrupt.o(i.am_hal_interrupt_disable), (76 bytes).
    Removing am_hal_interrupt.o(i.am_hal_interrupt_pend_clear), (34 bytes).
    Removing am_hal_interrupt.o(i.am_hal_interrupt_pend_set), (34 bytes).
    Removing am_hal_interrupt.o(i.am_hal_interrupt_priority_set), (52 bytes).
    Removing am_hal_iom.o(i.am_hal_iom_command_repeat_set), (16 bytes).
    Removing am_hal_iom.o(i.am_hal_iom_fifo_empty_slots), (20 bytes).
    Removing am_hal_iom.o(i.am_hal_iom_fifo_full_slots), (20 bytes).
    Removing am_hal_iom.o(i.am_hal_iom_i2c_cmd_run), (48 bytes).
    Removing am_hal_iom.o(i.am_hal_iom_i2c_read), (428 bytes).
    Removing am_hal_iom.o(i.am_hal_iom_i2c_read_nb), (188 bytes).
    Removing am_hal_iom.o(i.am_hal_iom_i2c_write), (428 bytes).
    Removing am_hal_iom.o(i.am_hal_iom_i2c_write_nb), (232 bytes).
    Removing am_hal_iom.o(i.am_hal_iom_int_clear), (16 bytes).
    Removing am_hal_iom.o(i.am_hal_iom_int_disable), (24 bytes).
    Removing am_hal_iom.o(i.am_hal_iom_int_enable), (22 bytes).
    Removing am_hal_iom.o(i.am_hal_iom_int_enable_get), (16 bytes).
    Removing am_hal_iom.o(i.am_hal_iom_int_service), (208 bytes).
    Removing am_hal_iom.o(i.am_hal_iom_int_set), (16 bytes).
    Removing am_hal_iom.o(i.am_hal_iom_int_status_get), (32 bytes).
    Removing am_hal_iom.o(i.am_hal_iom_poll_complete), (24 bytes).
    Removing am_hal_iom.o(i.am_hal_iom_queue_i2c_read), (148 bytes).
    Removing am_hal_iom.o(i.am_hal_iom_queue_i2c_write), (148 bytes).
    Removing am_hal_iom.o(i.am_hal_iom_queue_init), (24 bytes).
    Removing am_hal_iom.o(i.am_hal_iom_queue_length_get), (20 bytes).
    Removing am_hal_iom.o(i.am_hal_iom_queue_service), (48 bytes).
    Removing am_hal_iom.o(i.am_hal_iom_queue_spi_write), (148 bytes).
    Removing am_hal_iom.o(i.am_hal_iom_queue_start_next_msg), (348 bytes).
    Removing am_hal_iom.o(i.am_hal_iom_spi_cmd_run), (60 bytes).
    Removing am_hal_iom.o(i.am_hal_iom_spi_read_nb), (136 bytes).
    Removing am_hal_iom.o(i.am_hal_iom_status_get), (16 bytes).
    Removing am_hal_ios.o(i.am_hal_ios_access_int_disable), (18 bytes).
    Removing am_hal_ios.o(i.am_hal_ios_access_int_enable_get), (10 bytes).
    Removing am_hal_ios.o(i.am_hal_ios_access_int_set), (10 bytes).
    Removing am_hal_ios.o(i.am_hal_ios_disable), (18 bytes).
    Removing am_hal_ios.o(i.am_hal_ios_enable), (18 bytes).
    Removing am_hal_ios.o(i.am_hal_ios_fifo_buffer_init), (20 bytes).
    Removing am_hal_ios.o(i.am_hal_ios_fifo_ptr_set), (36 bytes).
    Removing am_hal_ios.o(i.am_hal_ios_fifo_space_left), (28 bytes).
    Removing am_hal_ios.o(i.am_hal_ios_fifo_write), (196 bytes).
    Removing am_hal_ios.o(i.am_hal_ios_fifo_write_simple), (68 bytes).
    Removing am_hal_ios.o(i.am_hal_ios_host_int_clear), (18 bytes).
    Removing am_hal_ios.o(i.am_hal_ios_host_int_enable_get), (12 bytes).
    Removing am_hal_ios.o(i.am_hal_ios_host_int_get), (14 bytes).
    Removing am_hal_ios.o(i.am_hal_ios_host_int_set), (12 bytes).
    Removing am_hal_ios.o(i.am_hal_ios_int_disable), (18 bytes).
    Removing am_hal_ios.o(i.am_hal_ios_int_enable_get), (10 bytes).
    Removing am_hal_ios.o(i.am_hal_ios_int_set), (10 bytes).
    Removing am_hal_ios.o(i.am_hal_ios_lram_read), (8 bytes).
    Removing am_hal_ios.o(i.am_hal_ios_lram_write), (8 bytes).
    Removing am_hal_ios.o(i.am_hal_ios_read_poll_complete), (16 bytes).
    Removing am_hal_ios.o(i.fifo_write), (108 bytes).
    Removing am_hal_ios.o(.conststring), (166 bytes).
    Removing am_hal_mcuctrl.o(i.am_hal_mcuctrl_bandgap_enable), (16 bytes).
    Removing am_hal_mcuctrl.o(i.am_hal_mcuctrl_bodpor_control), (12 bytes).
    Removing am_hal_mcuctrl.o(i.am_hal_mcuctrl_bucks_disable), (24 bytes).
    Removing am_hal_mcuctrl.o(i.am_hal_mcuctrl_fault_capture_disable), (20 bytes).
    Removing am_hal_mcuctrl.o(i.am_hal_mcuctrl_fault_capture_enable), (20 bytes).
    Removing am_hal_mcuctrl.o(i.am_hal_mcuctrl_fault_status), (56 bytes).
    Removing am_hal_mcuctrl.o(i.am_hal_mcuctrl_flash_power_set), (12 bytes).
    Removing am_hal_mcuctrl.o(i.am_hal_mcuctrl_pmu_disable), (16 bytes).
    Removing am_hal_mcuctrl.o(i.am_hal_mcuctrl_pmu_enable), (16 bytes).
    Removing am_hal_mcuctrl.o(i.am_hal_mcuctrl_sram_power_set), (16 bytes).
    Removing am_hal_reset.o(i.am_hal_reset_init), (8 bytes).
    Removing am_hal_reset.o(i.am_hal_reset_por), (8 bytes).
    Removing am_hal_reset.o(i.am_hal_reset_status_clear), (8 bytes).
    Removing am_hal_reset.o(i.am_hal_reset_status_get), (8 bytes).
    Removing am_hal_systick.o(i.am_hal_systick_delay_us), (464 bytes).
    Removing am_hal_systick.o(i.am_hal_systick_int_disable), (14 bytes).
    Removing am_hal_systick.o(i.am_hal_systick_int_enable), (14 bytes).
    Removing am_hal_systick.o(i.am_hal_systick_int_status_get), (12 bytes).
    Removing am_hal_systick.o(i.am_hal_systick_reset), (10 bytes).
    Removing am_hal_systick.o(i.am_hal_systick_stop), (14 bytes).
    Removing am_hal_systick.o(i.am_hal_systick_wait_ticks), (34 bytes).
    Removing am_hal_uart.o(i.am_hal_uart_char_receive_buffered), (92 bytes).
    Removing am_hal_uart.o(i.am_hal_uart_char_receive_polled), (20 bytes).
    Removing am_hal_uart.o(i.am_hal_uart_char_transmit_buffered), (68 bytes).
    Removing am_hal_uart.o(i.am_hal_uart_clock_disable), (28 bytes).
    Removing am_hal_uart.o(i.am_hal_uart_flags_get), (12 bytes).
    Removing am_hal_uart.o(i.am_hal_uart_init_buffered), (72 bytes).
    Removing am_hal_uart.o(i.am_hal_uart_int_disable), (16 bytes).
    Removing am_hal_uart.o(i.am_hal_uart_int_enable_get), (12 bytes).
    Removing am_hal_uart.o(i.am_hal_uart_line_receive_polled), (72 bytes).
    Removing am_hal_uart.o(i.am_hal_uart_service_buffered), (196 bytes).
    Removing am_hal_uart.o(i.am_hal_uart_status_get), (12 bytes).
    Removing am_hal_uart.o(i.am_hal_uart_string_transmit_buffered), (100 bytes).
    Removing am_hal_uart.o(i.am_hal_uart_string_transmit_polled), (36 bytes).
    Removing am_hal_uart.o(.bss), (40 bytes).
    Removing am_bsp.o(i.am_bsp_debug_printf_disable), (68 bytes).
    Removing am_bsp.o(i.am_bsp_debug_printf_enable), (60 bytes).
    Removing am_bsp.o(i.am_bsp_iom_i2c_pins_disable), (64 bytes).
    Removing am_bsp.o(i.am_bsp_iom_i2c_pins_enable), (72 bytes).
    Removing am_bsp.o(i.am_bsp_itm_string_print), (4 bytes).
    Removing am_bsp.o(i.am_bsp_uart_string_print), (8 bytes).
    Removing am_bsp.o(.data), (32 bytes).
    Removing am_bsp.o(.data), (48 bytes).
    Removing am_hal_i2c_bit_bang.o(i.am_hal_i2c_bit_bang_init), (252 bytes).
    Removing am_hal_i2c_bit_bang.o(i.am_hal_i2c_bit_bang_receive), (488 bytes).
    Removing am_hal_i2c_bit_bang.o(i.am_hal_i2c_bit_bang_send), (288 bytes).
    Removing am_hal_i2c_bit_bang.o(i.i2c_send_byte), (252 bytes).
    Removing am_hal_i2c_bit_bang.o(.bss), (12 bytes).
    Removing am_hal_itm.o(.emb_text), (6 bytes).
    Removing am_hal_itm.o(i.am_hal_itm_delay_us), (28 bytes).
    Removing am_hal_itm.o(i.am_hal_itm_disable), (100 bytes).
    Removing am_hal_itm.o(i.am_hal_itm_enable), (88 bytes).
    Removing am_hal_itm.o(i.am_hal_itm_not_busy), (44 bytes).
    Removing am_hal_itm.o(i.am_hal_itm_print), (48 bytes).
    Removing am_hal_itm.o(i.am_hal_itm_print_not_busy), (14 bytes).
    Removing am_hal_itm.o(i.am_hal_itm_stimulus_not_busy), (18 bytes).
    Removing am_hal_itm.o(i.am_hal_itm_stimulus_reg_byte_write), (18 bytes).
    Removing am_hal_itm.o(i.am_hal_itm_stimulus_reg_short_write), (18 bytes).
    Removing am_hal_itm.o(i.am_hal_itm_stimulus_reg_word_write), (18 bytes).
    Removing am_hal_itm.o(i.am_hal_itm_sync_send), (20 bytes).
    Removing am_hal_itm.o(i.am_hal_itm_trace_port_disable), (24 bytes).
    Removing am_hal_itm.o(i.am_hal_itm_trace_port_enable), (24 bytes).
    Removing am_hal_queue.o(i.am_hal_queue_init), (22 bytes).
    Removing am_hal_queue.o(i.am_hal_queue_item_get), (152 bytes).
    Removing am_hal_rtc.o(i.am_hal_rtc_alarm_get), (158 bytes).
    Removing am_hal_rtc.o(i.am_hal_rtc_alarm_interval_set), (52 bytes).
    Removing am_hal_rtc.o(i.am_hal_rtc_alarm_set), (312 bytes).
    Removing am_hal_rtc.o(i.am_hal_rtc_int_clear), (10 bytes).
    Removing am_hal_rtc.o(i.am_hal_rtc_int_disable), (18 bytes).
    Removing am_hal_rtc.o(i.am_hal_rtc_int_enable), (16 bytes).
    Removing am_hal_rtc.o(i.am_hal_rtc_int_enable_get), (10 bytes).
    Removing am_hal_rtc.o(i.am_hal_rtc_int_set), (10 bytes).
    Removing am_hal_rtc.o(i.am_hal_rtc_int_status_get), (24 bytes).
    Removing am_hal_rtc.o(i.am_hal_rtc_osc_enable), (14 bytes).
    Removing am_hal_rtc.o(i.am_hal_rtc_time_12hour), (18 bytes).
    Removing am_hal_rtc.o(i.am_hal_rtc_time_get), (198 bytes).
    Removing am_hal_rtc.o(i.am_hal_rtc_time_set), (368 bytes).
    Removing am_hal_sysctrl.o(i.am_hal_sysctrl_fpu_disable), (12 bytes).
    Removing am_hal_sysctrl.o(i.am_hal_sysctrl_fpu_enable), (16 bytes).
    Removing am_hal_sysctrl.o(i.am_hal_sysctrl_fpu_stacking_disable), (16 bytes).
    Removing am_hal_sysctrl.o(i.am_hal_sysctrl_fpu_stacking_enable), (24 bytes).
    Removing am_hal_sysctrl.o(i.am_hal_sysctrl_reset), (16 bytes).
    Removing am_hal_sysctrl.o(i.am_hal_sysctrl_sleep_auto), (84 bytes).
    Removing am_hal_tpiu.o(i.am_hal_tpiu_clock_disable), (20 bytes).
    Removing am_hal_tpiu.o(i.am_hal_tpiu_clock_enable), (20 bytes).
    Removing am_hal_tpiu.o(i.am_hal_tpiu_configure), (48 bytes).
    Removing am_hal_tpiu.o(i.am_hal_tpiu_disable), (16 bytes).
    Removing am_hal_tpiu.o(i.am_hal_tpiu_enable), (52 bytes).
    Removing am_hal_tpiu.o(i.am_hal_tpiu_port_width_get), (40 bytes).
    Removing am_hal_tpiu.o(i.am_hal_tpiu_port_width_set), (20 bytes).
    Removing am_hal_tpiu.o(i.am_hal_tpiu_supported_port_width_get), (56 bytes).
    Removing am_hal_vcomp.o(i.am_hal_vcomp_config), (20 bytes).
    Removing am_hal_vcomp.o(i.am_hal_vcomp_dac_level_set), (24 bytes).
    Removing am_hal_vcomp.o(i.am_hal_vcomp_enable), (12 bytes).
    Removing am_hal_vcomp.o(i.am_hal_vcomp_int_clear), (12 bytes).
    Removing am_hal_vcomp.o(i.am_hal_vcomp_int_disable), (20 bytes).
    Removing am_hal_vcomp.o(i.am_hal_vcomp_int_enable), (20 bytes).
    Removing am_hal_vcomp.o(i.am_hal_vcomp_int_enable_get), (12 bytes).
    Removing am_hal_vcomp.o(i.am_hal_vcomp_int_set), (12 bytes).
    Removing am_hal_vcomp.o(i.am_hal_vcomp_int_status_get), (24 bytes).
    Removing am_hal_vcomp.o(i.am_hal_vcomp_read), (16 bytes).

212 unused section(s) (total 14067 bytes) removed from the image.

==============================================================================

Image Symbol Table

    Local Symbols

    Symbol Name                              Value     Ov Type        Size  Object(Section)

    RESET                                    0x00000000   Section      160  startup_keil.o(RESET)
    ../../../../../bootloader/am_bootloader.c 0x00000000   Number         0  am_bootloader.o ABSOLUTE
    ../../../../../utils/am_util_delay.c     0x00000000   Number         0  am_util_delay.o ABSOLUTE
    ../../../../../utils/am_util_stdio.c     0x00000000   Number         0  am_util_stdio.o ABSOLUTE
    ../am_bsp.c                              0x00000000   Number         0  am_bsp.o ABSOLUTE
    ../am_hal_clkgen.c                       0x00000000   Number         0  am_hal_clkgen.o ABSOLUTE
    ../am_hal_debug.c                        0x00000000   Number         0  am_hal_debug.o ABSOLUTE
    ../am_hal_flash.c                        0x00000000   Number         0  am_hal_flash.o ABSOLUTE
    ../am_hal_global.c                       0x00000000   Number         0  am_hal_global.o ABSOLUTE
    ../am_hal_gpio.c                         0x00000000   Number         0  am_hal_gpio.o ABSOLUTE
    ../am_hal_i2c_bit_bang.c                 0x00000000   Number         0  am_hal_i2c_bit_bang.o ABSOLUTE
    ../am_hal_interrupt.c                    0x00000000   Number         0  am_hal_interrupt.o ABSOLUTE
    ../am_hal_iom.c                          0x00000000   Number         0  am_hal_iom.o ABSOLUTE
    ../am_hal_ios.c                          0x00000000   Number         0  am_hal_ios.o ABSOLUTE
    ../am_hal_itm.c                          0x00000000   Number         0  am_hal_itm.o ABSOLUTE
    ../am_hal_mcuctrl.c                      0x00000000   Number         0  am_hal_mcuctrl.o ABSOLUTE
    ../am_hal_queue.c                        0x00000000   Number         0  am_hal_queue.o ABSOLUTE
    ../am_hal_reset.c                        0x00000000   Number         0  am_hal_reset.o ABSOLUTE
    ../am_hal_rtc.c                          0x00000000   Number         0  am_hal_rtc.o ABSOLUTE
    ../am_hal_sysctrl.c                      0x00000000   Number         0  am_hal_sysctrl.o ABSOLUTE
    ../am_hal_systick.c                      0x00000000   Number         0  am_hal_systick.o ABSOLUTE
    ../am_hal_tpiu.c                         0x00000000   Number         0  am_hal_tpiu.o ABSOLUTE
    ../am_hal_uart.c                         0x00000000   Number         0  am_hal_uart.o ABSOLUTE
    ../am_hal_vcomp.c                        0x00000000   Number         0  am_hal_vcomp.o ABSOLUTE
    ../clib/angel/boardlib.s                 0x00000000   Number         0  boardshut.o ABSOLUTE
    ../clib/angel/boardlib.s                 0x00000000   Number         0  boardinit3.o ABSOLUTE
    ../clib/angel/boardlib.s                 0x00000000   Number         0  boardinit2.o ABSOLUTE
    ../clib/angel/boardlib.s                 0x00000000   Number         0  boardinit1.o ABSOLUTE
    ../clib/angel/handlers.s                 0x00000000   Number         0  __scatter_copy.o ABSOLUTE
    ../clib/angel/handlers.s                 0x00000000   Number         0  __scatter_zi.o ABSOLUTE
    ../clib/angel/kernel.s                   0x00000000   Number         0  __rtentry4.o ABSOLUTE
    ../clib/angel/kernel.s                   0x00000000   Number         0  rtexit.o ABSOLUTE
    ../clib/angel/kernel.s                   0x00000000   Number         0  __rtentry.o ABSOLUTE
    ../clib/angel/kernel.s                   0x00000000   Number         0  __rtentry2.o ABSOLUTE
    ../clib/angel/kernel.s                   0x00000000   Number         0  rtexit2.o ABSOLUTE
    ../clib/angel/rt.s                       0x00000000   Number         0  rt_raise.o ABSOLUTE
    ../clib/angel/scatter.s                  0x00000000   Number         0  __scatter.o ABSOLUTE
    ../clib/angel/startup.s                  0x00000000   Number         0  __main.o ABSOLUTE
    ../clib/angel/sys.s                      0x00000000   Number         0  sys_stackheap_outer.o ABSOLUTE
    ../clib/angel/sys.s                      0x00000000   Number         0  use_no_semi.o ABSOLUTE
    ../clib/angel/sys.s                      0x00000000   Number         0  indicate_semi.o ABSOLUTE
    ../clib/angel/sys.s                      0x00000000   Number         0  libspace.o ABSOLUTE
    ../clib/angel/sysapp.c                   0x00000000   Number         0  sys_command.o ABSOLUTE
    ../clib/angel/sysapp.c                   0x00000000   Number         0  sys_wrch.o ABSOLUTE
    ../clib/angel/sysapp.c                   0x00000000   Number         0  sys_exit.o ABSOLUTE
    ../clib/armsys.c                         0x00000000   Number         0  argv_veneer.o ABSOLUTE
    ../clib/armsys.c                         0x00000000   Number         0  argv_veneer.o ABSOLUTE
    ../clib/armsys.c                         0x00000000   Number         0  _get_argv_nomalloc.o ABSOLUTE
    ../clib/armsys.c                         0x00000000   Number         0  no_argv.o ABSOLUTE
    ../clib/heapalloc.c                      0x00000000   Number         0  hrguard.o ABSOLUTE
    ../clib/heapaux.c                        0x00000000   Number         0  heapauxi.o ABSOLUTE
    ../clib/libinit.s                        0x00000000   Number         0  libshutdown.o ABSOLUTE
    ../clib/libinit.s                        0x00000000   Number         0  libinit.o ABSOLUTE
    ../clib/libinit.s                        0x00000000   Number         0  libinit2.o ABSOLUTE
    ../clib/libinit.s                        0x00000000   Number         0  libshutdown2.o ABSOLUTE
    ../clib/memcpset.s                       0x00000000   Number         0  rt_memcpy_w.o ABSOLUTE
    ../clib/signal.c                         0x00000000   Number         0  defsig_rtmem_formal.o ABSOLUTE
    ../clib/signal.c                         0x00000000   Number         0  __raise.o ABSOLUTE
    ../clib/signal.c                         0x00000000   Number         0  defsig_rtmem_inner.o ABSOLUTE
    ../clib/signal.c                         0x00000000   Number         0  defsig_rtmem_outer.o ABSOLUTE
    ../clib/signal.c                         0x00000000   Number         0  defsig_exit.o ABSOLUTE
    ../clib/signal.c                         0x00000000   Number         0  defsig_other.o ABSOLUTE
    ../clib/signal.c                         0x00000000   Number         0  defsig_segv_inner.o ABSOLUTE
    ../clib/signal.c                         0x00000000   Number         0  defsig_cppl_inner.o ABSOLUTE
    ../clib/signal.c                         0x00000000   Number         0  defsig_pvfn_inner.o ABSOLUTE
    ../clib/signal.c                         0x00000000   Number         0  defsig_stak_inner.o ABSOLUTE
    ../clib/signal.c                         0x00000000   Number         0  defsig_rtred_inner.o ABSOLUTE
    ../clib/signal.c                         0x00000000   Number         0  defsig_fpe_inner.o ABSOLUTE
    ../clib/signal.c                         0x00000000   Number         0  defsig_abrt_inner.o ABSOLUTE
    ../clib/signal.c                         0x00000000   Number         0  defsig_general.o ABSOLUTE
    ../clib/signal.s                         0x00000000   Number         0  defsig.o ABSOLUTE
    ../clib/stdlib.c                         0x00000000   Number         0  exit.o ABSOLUTE
    ../fplib/d2f.s                           0x00000000   Number         0  d2f.o ABSOLUTE
    ../fplib/dnaninf.s                       0x00000000   Number         0  dnaninf.o ABSOLUTE
    ../fplib/fpinit.s                        0x00000000   Number         0  fpinit.o ABSOLUTE
    ../fplib/fretinf.s                       0x00000000   Number         0  fretinf.o ABSOLUTE
    ../fplib/usenofp.s                       0x00000000   Number         0  usenofp.o ABSOLUTE
    ../keil/startup_keil.s                   0x00000000   Number         0  startup_keil.o ABSOLUTE
    ../src/image_boot_handlers.c             0x00000000   Number         0  image_boot_handlers.o ABSOLUTE
    ../src/ios_boot_handlers.c               0x00000000   Number         0  ios_boot_handlers.o ABSOLUTE
    ../src/multi_boot.c                      0x00000000   Number         0  multi_boot.o ABSOLUTE
    ../src/uart_boot_handlers.c              0x00000000   Number         0  uart_boot_handlers.o ABSOLUTE
    ..\..\..\..\..\bootloader\am_bootloader.c 0x00000000   Number         0  am_bootloader.o ABSOLUTE
    ..\..\..\..\..\devices\am_devices_spiflash.c 0x00000000   Number         0  am_devices_spiflash.o ABSOLUTE
    ..\..\..\..\..\utils\am_util_delay.c     0x00000000   Number         0  am_util_delay.o ABSOLUTE
    ..\am_hal_interrupt.c                    0x00000000   Number         0  am_hal_interrupt.o ABSOLUTE
    ..\am_hal_itm.c                          0x00000000   Number         0  am_hal_itm.o ABSOLUTE
    dc.s                                     0x00000000   Number         0  dc.o ABSOLUTE
    $v0                                      0x00000070   Number         0  startup_keil.o(RESET)
    !!!main                                  0x000000a0   Section        8  __main.o(!!!main)
    !!!scatter                               0x000000a8   Section       52  __scatter.o(!!!scatter)
    !!handler_copy                           0x000000dc   Section       26  __scatter_copy.o(!!handler_copy)
    !!handler_zi                             0x000000f8   Section       28  __scatter_zi.o(!!handler_zi)
    .ARM.Collect$$libinit$$00000000          0x00000114   Section        2  libinit.o(.ARM.Collect$$libinit$$00000000)
    .ARM.Collect$$libinit$$00000001          0x00000116   Section        4  libinit2.o(.ARM.Collect$$libinit$$00000001)
    .ARM.Collect$$libinit$$00000004          0x0000011a   Section        0  libinit2.o(.ARM.Collect$$libinit$$00000004)
    .ARM.Collect$$libinit$$0000000A          0x0000011a   Section        0  libinit2.o(.ARM.Collect$$libinit$$0000000A)
    .ARM.Collect$$libinit$$0000000C          0x0000011a   Section        0  libinit2.o(.ARM.Collect$$libinit$$0000000C)
    .ARM.Collect$$libinit$$0000000E          0x0000011a   Section        0  libinit2.o(.ARM.Collect$$libinit$$0000000E)
    .ARM.Collect$$libinit$$00000011          0x0000011a   Section        0  libinit2.o(.ARM.Collect$$libinit$$00000011)
    .ARM.Collect$$libinit$$00000013          0x0000011a   Section        0  libinit2.o(.ARM.Collect$$libinit$$00000013)
    .ARM.Collect$$libinit$$00000015          0x0000011a   Section        0  libinit2.o(.ARM.Collect$$libinit$$00000015)
    .ARM.Collect$$libinit$$00000017          0x0000011a   Section        0  libinit2.o(.ARM.Collect$$libinit$$00000017)
    .ARM.Collect$$libinit$$00000019          0x0000011a   Section        0  libinit2.o(.ARM.Collect$$libinit$$00000019)
    .ARM.Collect$$libinit$$0000001B          0x0000011a   Section        0  libinit2.o(.ARM.Collect$$libinit$$0000001B)
    .ARM.Collect$$libinit$$0000001D          0x0000011a   Section        0  libinit2.o(.ARM.Collect$$libinit$$0000001D)
    .ARM.Collect$$libinit$$0000001F          0x0000011a   Section        0  libinit2.o(.ARM.Collect$$libinit$$0000001F)
    .ARM.Collect$$libinit$$00000021          0x0000011a   Section        0  libinit2.o(.ARM.Collect$$libinit$$00000021)
    .ARM.Collect$$libinit$$00000023          0x0000011a   Section        0  libinit2.o(.ARM.Collect$$libinit$$00000023)
    .ARM.Collect$$libinit$$00000025          0x0000011a   Section        0  libinit2.o(.ARM.Collect$$libinit$$00000025)
    .ARM.Collect$$libinit$$0000002C          0x0000011a   Section        0  libinit2.o(.ARM.Collect$$libinit$$0000002C)
    .ARM.Collect$$libinit$$0000002E          0x0000011a   Section        0  libinit2.o(.ARM.Collect$$libinit$$0000002E)
    .ARM.Collect$$libinit$$00000030          0x0000011a   Section        0  libinit2.o(.ARM.Collect$$libinit$$00000030)
    .ARM.Collect$$libinit$$00000032          0x0000011a   Section        0  libinit2.o(.ARM.Collect$$libinit$$00000032)
    .ARM.Collect$$libinit$$00000033          0x0000011a   Section        2  libinit2.o(.ARM.Collect$$libinit$$00000033)
    .ARM.Collect$$libshutdown$$00000000      0x0000011c   Section        2  libshutdown.o(.ARM.Collect$$libshutdown$$00000000)
    .ARM.Collect$$libshutdown$$00000002      0x0000011e   Section        0  libshutdown2.o(.ARM.Collect$$libshutdown$$00000002)
    .ARM.Collect$$libshutdown$$00000004      0x0000011e   Section        0  libshutdown2.o(.ARM.Collect$$libshutdown$$00000004)
    .ARM.Collect$$libshutdown$$00000007      0x0000011e   Section        0  libshutdown2.o(.ARM.Collect$$libshutdown$$00000007)
    .ARM.Collect$$libshutdown$$0000000A      0x0000011e   Section        0  libshutdown2.o(.ARM.Collect$$libshutdown$$0000000A)
    .ARM.Collect$$libshutdown$$0000000C      0x0000011e   Section        0  libshutdown2.o(.ARM.Collect$$libshutdown$$0000000C)
    .ARM.Collect$$libshutdown$$0000000F      0x0000011e   Section        0  libshutdown2.o(.ARM.Collect$$libshutdown$$0000000F)
    .ARM.Collect$$libshutdown$$00000010      0x0000011e   Section        2  libshutdown2.o(.ARM.Collect$$libshutdown$$00000010)
    .ARM.Collect$$rtentry$$00000000          0x00000120   Section        0  __rtentry.o(.ARM.Collect$$rtentry$$00000000)
    .ARM.Collect$$rtentry$$00000002          0x00000120   Section        0  __rtentry2.o(.ARM.Collect$$rtentry$$00000002)
    .ARM.Collect$$rtentry$$00000004          0x00000120   Section        6  __rtentry4.o(.ARM.Collect$$rtentry$$00000004)
    .ARM.Collect$$rtentry$$00000009          0x00000126   Section        0  __rtentry2.o(.ARM.Collect$$rtentry$$00000009)
    .ARM.Collect$$rtentry$$0000000A          0x00000126   Section        4  __rtentry2.o(.ARM.Collect$$rtentry$$0000000A)
    .ARM.Collect$$rtentry$$0000000C          0x0000012a   Section        0  __rtentry2.o(.ARM.Collect$$rtentry$$0000000C)
    .ARM.Collect$$rtentry$$0000000D          0x0000012a   Section        8  __rtentry2.o(.ARM.Collect$$rtentry$$0000000D)
    .ARM.Collect$$rtexit$$00000000           0x00000132   Section        2  rtexit.o(.ARM.Collect$$rtexit$$00000000)
    .ARM.Collect$$rtexit$$00000002           0x00000134   Section        0  rtexit2.o(.ARM.Collect$$rtexit$$00000002)
    .ARM.Collect$$rtexit$$00000003           0x00000134   Section        4  rtexit2.o(.ARM.Collect$$rtexit$$00000003)
    .ARM.Collect$$rtexit$$00000004           0x00000138   Section        6  rtexit2.o(.ARM.Collect$$rtexit$$00000004)
    .emb_text                                0x00000140   Section        6  am_util_delay.o(.emb_text)
    $v0                                      0x00000140   Number         0  am_util_delay.o(.emb_text)
    .emb_text                                0x00000148   Section       20  am_bootloader.o(.emb_text)
    $v0                                      0x00000148   Number         0  am_bootloader.o(.emb_text)
    .emb_text                                0x0000015c   Section       22  am_hal_interrupt.o(.emb_text)
    $v0                                      0x0000015c   Number         0  am_hal_interrupt.o(.emb_text)
    .text                                    0x00000174   Section       24  startup_keil.o(.text)
    $v0                                      0x00000174   Number         0  startup_keil.o(.text)
    .text                                    0x0000018c   Section      100  rt_memcpy_w.o(.text)
    .text                                    0x000001f0   Section        0  heapauxi.o(.text)
    .text                                    0x000001f6   Section       74  sys_stackheap_outer.o(.text)
    .text                                    0x00000240   Section        0  exit.o(.text)
    .text                                    0x00000254   Section        8  libspace.o(.text)
    .text                                    0x0000025c   Section        0  sys_exit.o(.text)
    .text                                    0x00000268   Section        2  use_no_semi.o(.text)
    .text                                    0x0000026a   Section        0  indicate_semi.o(.text)
    i.am_bootloader_boot_from_storage        0x0000026c   Section        0  am_bootloader.o(i.am_bootloader_boot_from_storage)
    i.am_bootloader_fast_crc32               0x00000304   Section        0  am_bootloader.o(i.am_bootloader_fast_crc32)
    i.am_bootloader_flag_page_update         0x00000330   Section        0  am_bootloader.o(i.am_bootloader_flag_page_update)
    i.am_bootloader_flash_check              0x00000370   Section        0  am_bootloader.o(i.am_bootloader_flash_check)
    i.am_bootloader_image_check              0x000003d0   Section        0  am_bootloader.o(i.am_bootloader_image_check)
    i.am_bootloader_new_image_check          0x000005a4   Section        0  am_bootloader.o(i.am_bootloader_new_image_check)
    i.am_bootloader_partial_crc32            0x00000614   Section        0  am_bootloader.o(i.am_bootloader_partial_crc32)
    i.am_bsp_iom_spi_pins_disable            0x00000640   Section        0  am_bsp.o(i.am_bsp_iom_spi_pins_disable)
    i.am_bsp_iom_spi_pins_enable             0x0000069c   Section        0  am_bsp.o(i.am_bsp_iom_spi_pins_enable)
    i.am_bsp_low_power_init                  0x000006f8   Section        0  am_bsp.o(i.am_bsp_low_power_init)
    i.am_devices_spiflash_init               0x00000720   Section        0  am_devices_spiflash.o(i.am_devices_spiflash_init)
    i.am_devices_spiflash_read               0x0000072c   Section        0  am_devices_spiflash.o(i.am_devices_spiflash_read)
    i.am_gpio_isr                            0x000007c8   Section        0  multi_boot.o(i.am_gpio_isr)
    i.am_hal_clkgen_osc_stop                 0x0000088c   Section        0  am_hal_clkgen.o(i.am_hal_clkgen_osc_stop)
    i.am_hal_clkgen_sysclk_get               0x00000898   Section        0  am_hal_clkgen.o(i.am_hal_clkgen_sysclk_get)
    i.am_hal_clkgen_sysclk_select            0x000008f8   Section        0  am_hal_clkgen.o(i.am_hal_clkgen_sysclk_select)
    i.am_hal_debug_error                     0x00000908   Section        0  am_hal_debug.o(i.am_hal_debug_error)
    i.am_hal_flash_page_erase                0x0000090c   Section        0  am_hal_flash.o(i.am_hal_flash_page_erase)
    i.am_hal_flash_program_main              0x00000918   Section        0  am_hal_flash.o(i.am_hal_flash_program_main)
    i.am_hal_gpio_int_clear                  0x00000928   Section        0  am_hal_gpio.o(i.am_hal_gpio_int_clear)
    i.am_hal_gpio_int_disable                0x00000938   Section        0  am_hal_gpio.o(i.am_hal_gpio_int_disable)
    i.am_hal_gpio_int_enable                 0x00000958   Section        0  am_hal_gpio.o(i.am_hal_gpio_int_enable)
    i.am_hal_interrupt_enable                0x00000974   Section        0  am_hal_interrupt.o(i.am_hal_interrupt_enable)
    i.am_hal_iom_config                      0x000009c0   Section        0  am_hal_iom.o(i.am_hal_iom_config)
    i.am_hal_iom_disable                     0x00000a18   Section        0  am_hal_iom.o(i.am_hal_iom_disable)
    i.am_hal_iom_enable                      0x00000a98   Section        0  am_hal_iom.o(i.am_hal_iom_enable)
    i.am_hal_iom_fifo_read                   0x00000b00   Section        0  am_hal_iom.o(i.am_hal_iom_fifo_read)
    i.am_hal_iom_fifo_write                  0x00000bd0   Section        0  am_hal_iom.o(i.am_hal_iom_fifo_write)
    i.am_hal_iom_queue_spi_read              0x00000ca0   Section        0  am_hal_iom.o(i.am_hal_iom_queue_spi_read)
    i.am_hal_iom_sleeping_queue_flush        0x00000d94   Section        0  am_hal_iom.o(i.am_hal_iom_sleeping_queue_flush)
    i.am_hal_iom_spi_read                    0x00000de8   Section        0  am_hal_iom.o(i.am_hal_iom_spi_read)
    i.am_hal_iom_spi_write                   0x00000f08   Section        0  am_hal_iom.o(i.am_hal_iom_spi_write)
    i.am_hal_iom_spi_write_nb                0x00001088   Section        0  am_hal_iom.o(i.am_hal_iom_spi_write_nb)
    i.am_hal_ios_access_int_clear            0x0000114c   Section        0  am_hal_ios.o(i.am_hal_ios_access_int_clear)
    i.am_hal_ios_access_int_enable           0x00001156   Section        0  am_hal_ios.o(i.am_hal_ios_access_int_enable)
    i.am_hal_ios_access_int_status_get       0x00001166   Section        0  am_hal_ios.o(i.am_hal_ios_access_int_status_get)
    i.am_hal_ios_config                      0x0000117c   Section        0  am_hal_ios.o(i.am_hal_ios_config)
    i.am_hal_ios_fifo_service                0x00001208   Section        0  am_hal_ios.o(i.am_hal_ios_fifo_service)
    i.am_hal_ios_int_clear                   0x000012a0   Section        0  am_hal_ios.o(i.am_hal_ios_int_clear)
    i.am_hal_ios_int_enable                  0x000012aa   Section        0  am_hal_ios.o(i.am_hal_ios_int_enable)
    i.am_hal_ios_int_status_get              0x000012ba   Section        0  am_hal_ios.o(i.am_hal_ios_int_status_get)
    i.am_hal_mcuctrl_bandgap_disable         0x000012d0   Section        0  am_hal_mcuctrl.o(i.am_hal_mcuctrl_bandgap_disable)
    i.am_hal_mcuctrl_bucks_enable            0x000012e0   Section        0  am_hal_mcuctrl.o(i.am_hal_mcuctrl_bucks_enable)
    i.am_hal_mcuctrl_device_info_get         0x00001308   Section        0  am_hal_mcuctrl.o(i.am_hal_mcuctrl_device_info_get)
    i.am_hal_queue_item_add                  0x00001348   Section        0  am_hal_queue.o(i.am_hal_queue_item_add)
    i.am_hal_reset_poi                       0x000013e6   Section        0  am_hal_reset.o(i.am_hal_reset_poi)
    i.am_hal_rtc_osc_disable                 0x000013f0   Section        0  am_hal_rtc.o(i.am_hal_rtc_osc_disable)
    i.am_hal_rtc_osc_select                  0x000013fe   Section        0  am_hal_rtc.o(i.am_hal_rtc_osc_select)
    i.am_hal_sysctrl_sleep                   0x00001414   Section        0  am_hal_sysctrl.o(i.am_hal_sysctrl_sleep)
    i.am_hal_systick_count                   0x00001448   Section        0  am_hal_systick.o(i.am_hal_systick_count)
    i.am_hal_systick_load                    0x00001450   Section        0  am_hal_systick.o(i.am_hal_systick_load)
    i.am_hal_systick_start                   0x00001458   Section        0  am_hal_systick.o(i.am_hal_systick_start)
    i.am_hal_uart_char_transmit_polled       0x00001468   Section        0  am_hal_uart.o(i.am_hal_uart_char_transmit_polled)
    i.am_hal_uart_clock_enable               0x0000147c   Section        0  am_hal_uart.o(i.am_hal_uart_clock_enable)
    i.am_hal_uart_config                     0x000014a0   Section        0  am_hal_uart.o(i.am_hal_uart_config)
    i.am_hal_uart_disable                    0x000014f4   Section        0  am_hal_uart.o(i.am_hal_uart_disable)
    i.am_hal_uart_enable                     0x00001508   Section        0  am_hal_uart.o(i.am_hal_uart_enable)
    i.am_hal_uart_fifo_config                0x0000151c   Section        0  am_hal_uart.o(i.am_hal_uart_fifo_config)
    i.am_hal_uart_int_clear                  0x00001530   Section        0  am_hal_uart.o(i.am_hal_uart_int_clear)
    i.am_hal_uart_int_enable                 0x0000153c   Section        0  am_hal_uart.o(i.am_hal_uart_int_enable)
    i.am_hal_uart_int_status_get             0x0000154c   Section        0  am_hal_uart.o(i.am_hal_uart_int_status_get)
    i.am_hal_vcomp_disable                   0x0000155c   Section        0  am_hal_vcomp.o(i.am_hal_vcomp_disable)
    i.am_ioslave_acc_isr                     0x00001568   Section        0  ios_boot_handlers.o(i.am_ioslave_acc_isr)
    i.am_ioslave_ios_isr                     0x0000168c   Section        0  ios_boot_handlers.o(i.am_ioslave_ios_isr)
    i.am_uart_isr                            0x000016a4   Section        0  uart_boot_handlers.o(i.am_uart_isr)
    i.am_util_delay_ms                       0x000018d8   Section        0  am_util_delay.o(i.am_util_delay_ms)
    i.cleanup_ios_interface                  0x000018f4   Section        0  ios_boot_handlers.o(i.cleanup_ios_interface)
    i.configure_spiflash_pins                0x000019b0   Section        0  image_boot_handlers.o(i.configure_spiflash_pins)
    i.image_data_packet_read                 0x000019e4   Section        0  ios_boot_handlers.o(i.image_data_packet_read)
    image_data_packet_read                   0x000019e5   Thumb Code   194  ios_boot_handlers.o(i.image_data_packet_read)
    i.image_data_packet_read                 0x00001acc   Section        0  uart_boot_handlers.o(i.image_data_packet_read)
    image_data_packet_read                   0x00001acd   Thumb Code   216  uart_boot_handlers.o(i.image_data_packet_read)
    i.image_load_from_external_flash         0x00001bc8   Section        0  image_boot_handlers.o(i.image_load_from_external_flash)
    i.image_load_from_internal_flash         0x00001ca8   Section        0  image_boot_handlers.o(i.image_load_from_internal_flash)
    i.image_start_packet_read                0x00001d74   Section        0  ios_boot_handlers.o(i.image_start_packet_read)
    image_start_packet_read                  0x00001d75   Thumb Code    68  ios_boot_handlers.o(i.image_start_packet_read)
    i.image_start_packet_read                0x00001dc8   Section        0  uart_boot_handlers.o(i.image_start_packet_read)
    image_start_packet_read                  0x00001dc9   Thumb Code    60  uart_boot_handlers.o(i.image_start_packet_read)
    i.main                                   0x00001e10   Section        0  multi_boot.o(i.main)
    i.ser_out                                0x00001f48   Section        0  uart_boot_handlers.o(i.ser_out)
    i.setup_ios_interface                    0x00001f60   Section        0  ios_boot_handlers.o(i.setup_ios_interface)
    i.setup_serial                           0x00002100   Section        0  uart_boot_handlers.o(i.setup_serial)
    x$fpl$fpinit                             0x000021d4   Section       10  fpinit.o(x$fpl$fpinit)
    $v0                                      0x000021d4   Number         0  fpinit.o(x$fpl$fpinit)
    .constdata                               0x000021e0   Section     1024  am_bootloader.o(.constdata)
    g_pui32CRC32Table                        0x000021e0   Data        1024  am_bootloader.o(.constdata)
    .constdata                               0x000025e0   Section        4  am_hal_ios.o(.constdata)
    .constdata                               0x000025e4   Section      128  am_hal_mcuctrl.o(.constdata)
    .conststring                             0x00002664   Section      113  am_hal_iom.o(.conststring)
    .data                                    0x10000000   Section       24  image_boot_handlers.o(.data)
    .data                                    0x10000018   Section       28  ios_boot_handlers.o(.data)
    g_sIOSConfig                             0x1000001c   Data          24  ios_boot_handlers.o(.data)
    .data                                    0x10000034   Section       32  multi_boot.o(.data)
    .data                                    0x10000054   Section       42  uart_boot_handlers.o(.data)
    .data                                    0x10000080   Section        4  am_devices_spiflash.o(.data)
    .data                                    0x10000084   Section        4  am_hal_global.o(.data)
    .data                                    0x10000088   Section       40  am_hal_flash.o(.data)
    .data                                    0x100000b0   Section       12  am_hal_iom.o(.data)
    .data                                    0x100000bc   Section       12  am_hal_ios.o(.data)
    .bss                                     0x100000c8   Section     2048  image_boot_handlers.o(.bss)
    .bss                                     0x100008c8   Section     2236  multi_boot.o(.bss)
    .bss                                     0x10001184   Section      256  uart_boot_handlers.o(.bss)
    .bss                                     0x10001284   Section       80  am_hal_iom.o(.bss)
    .bss                                     0x100012d4   Section       20  am_hal_ios.o(.bss)
    .bss                                     0x100012e8   Section       96  libspace.o(.bss)
    HEAP                                     0x10001348   Section        0  startup_keil.o(HEAP)
    STACK                                    0x10001348   Section      512  startup_keil.o(STACK)
    HeapMem                                  0x10001348   Data           0  startup_keil.o(HEAP)
    StackMem                                 0x10001348   Data           0  startup_keil.o(STACK)

    Global Symbols

    Symbol Name                              Value     Ov Type        Size  Object(Section)

    BuildAttributes$$THM_ISAv4$E$P$D$K$B$S$7EM$VFPi3$EXTD16$VFPS$VFMA$PE$A:L22UL41UL21$X:L11$S22US41US21$IEEE1$IW$USESV6$~STKCKD$USESV7$~SHL$OTIME$ROPI$EBA8$UX$STANDARDLIB$REQ8$EABIv2 0x00000000   Number         0  anon$$obj.o ABSOLUTE
    __ARM_use_no_argv                        0x00000000   Number         0  multi_boot.o ABSOLUTE
    __Vectors                                0x00000000   Data           0  startup_keil.o(RESET)
    __ARM_exceptions_init                     - Undefined Weak Reference
    __alloca_initialize                       - Undefined Weak Reference
    __arm_preinit_                            - Undefined Weak Reference
    __cpp_initialize__aeabi_                  - Undefined Weak Reference
    __cxa_finalize                            - Undefined Weak Reference
    __rt_locale                               - Undefined Weak Reference
    __sigvec_lookup                           - Undefined Weak Reference
    _atexit_init                              - Undefined Weak Reference
    _call_atexit_fns                          - Undefined Weak Reference
    _clock_init                               - Undefined Weak Reference
    _fp_trap_init                             - Undefined Weak Reference
    _fp_trap_shutdown                         - Undefined Weak Reference
    _get_lc_collate                           - Undefined Weak Reference
    _get_lc_ctype                             - Undefined Weak Reference
    _get_lc_monetary                          - Undefined Weak Reference
    _get_lc_numeric                           - Undefined Weak Reference
    _get_lc_time                              - Undefined Weak Reference
    _getenv_init                              - Undefined Weak Reference
    _handle_redirection                       - Undefined Weak Reference
    _init_alloc                               - Undefined Weak Reference
    _init_user_alloc                          - Undefined Weak Reference
    _initio                                   - Undefined Weak Reference
    _rand_init                                - Undefined Weak Reference
    _signal_finish                            - Undefined Weak Reference
    _signal_init                              - Undefined Weak Reference
    _terminate_alloc                          - Undefined Weak Reference
    _terminate_user_alloc                     - Undefined Weak Reference
    _terminateio                              - Undefined Weak Reference
    Reset_Handler                            0x00000071   Thumb Code    28  startup_keil.o(RESET)
    am_nmi_isr                               0x0000008d   Thumb Code     2  startup_keil.o(RESET)
    am_fault_isr                             0x0000008f   Thumb Code     2  startup_keil.o(RESET)
    am_memmanage_isr                         0x00000091   Thumb Code     2  startup_keil.o(RESET)
    am_mpufault_isr                          0x00000093   Thumb Code     2  startup_keil.o(RESET)
    am_busfault_isr                          0x00000095   Thumb Code     2  startup_keil.o(RESET)
    am_usagefault_isr                        0x00000097   Thumb Code     2  startup_keil.o(RESET)
    am_adc_isr                               0x00000099   Thumb Code     0  startup_keil.o(RESET)
    am_brownout_isr                          0x00000099   Thumb Code     0  startup_keil.o(RESET)
    am_clkgen_isr                            0x00000099   Thumb Code     0  startup_keil.o(RESET)
    am_ctimer_isr                            0x00000099   Thumb Code     0  startup_keil.o(RESET)
    am_debugmon_isr                          0x00000099   Thumb Code     0  startup_keil.o(RESET)
    am_iomaster0_isr                         0x00000099   Thumb Code     0  startup_keil.o(RESET)
    am_iomaster1_isr                         0x00000099   Thumb Code     0  startup_keil.o(RESET)
    am_pendsv_isr                            0x00000099   Thumb Code     0  startup_keil.o(RESET)
    am_svcall_isr                            0x00000099   Thumb Code     0  startup_keil.o(RESET)
    am_systick_isr                           0x00000099   Thumb Code     0  startup_keil.o(RESET)
    am_vcomp_isr                             0x00000099   Thumb Code     0  startup_keil.o(RESET)
    am_watchdog_isr                          0x00000099   Thumb Code     0  startup_keil.o(RESET)
    __main                                   0x000000a1   Thumb Code     8  __main.o(!!!main)
    __scatterload                            0x000000a9   Thumb Code     0  __scatter.o(!!!scatter)
    __scatterload_rt2                        0x000000a9   Thumb Code    44  __scatter.o(!!!scatter)
    __scatterload_rt2_thumb_only             0x000000a9   Thumb Code     0  __scatter.o(!!!scatter)
    __scatterload_null                       0x000000b7   Thumb Code     0  __scatter.o(!!!scatter)
    __scatterload_copy                       0x000000dd   Thumb Code    26  __scatter_copy.o(!!handler_copy)
    __scatterload_zeroinit                   0x000000f9   Thumb Code    28  __scatter_zi.o(!!handler_zi)
    __rt_lib_init                            0x00000115   Thumb Code     0  libinit.o(.ARM.Collect$$libinit$$00000000)
    __rt_lib_init_fp_1                       0x00000117   Thumb Code     0  libinit2.o(.ARM.Collect$$libinit$$00000001)
    __rt_lib_init_alloca_1                   0x0000011b   Thumb Code     0  libinit2.o(.ARM.Collect$$libinit$$0000002E)
    __rt_lib_init_argv_1                     0x0000011b   Thumb Code     0  libinit2.o(.ARM.Collect$$libinit$$0000002C)
    __rt_lib_init_atexit_1                   0x0000011b   Thumb Code     0  libinit2.o(.ARM.Collect$$libinit$$0000001B)
    __rt_lib_init_clock_1                    0x0000011b   Thumb Code     0  libinit2.o(.ARM.Collect$$libinit$$00000021)
    __rt_lib_init_cpp_1                      0x0000011b   Thumb Code     0  libinit2.o(.ARM.Collect$$libinit$$00000032)
    __rt_lib_init_exceptions_1               0x0000011b   Thumb Code     0  libinit2.o(.ARM.Collect$$libinit$$00000030)
    __rt_lib_init_fp_trap_1                  0x0000011b   Thumb Code     0  libinit2.o(.ARM.Collect$$libinit$$0000001F)
    __rt_lib_init_getenv_1                   0x0000011b   Thumb Code     0  libinit2.o(.ARM.Collect$$libinit$$00000023)
    __rt_lib_init_heap_1                     0x0000011b   Thumb Code     0  libinit2.o(.ARM.Collect$$libinit$$0000000A)
    __rt_lib_init_lc_collate_1               0x0000011b   Thumb Code     0  libinit2.o(.ARM.Collect$$libinit$$00000011)
    __rt_lib_init_lc_ctype_1                 0x0000011b   Thumb Code     0  libinit2.o(.ARM.Collect$$libinit$$00000013)
    __rt_lib_init_lc_monetary_1              0x0000011b   Thumb Code     0  libinit2.o(.ARM.Collect$$libinit$$00000015)
    __rt_lib_init_lc_numeric_1               0x0000011b   Thumb Code     0  libinit2.o(.ARM.Collect$$libinit$$00000017)
    __rt_lib_init_lc_time_1                  0x0000011b   Thumb Code     0  libinit2.o(.ARM.Collect$$libinit$$00000019)
    __rt_lib_init_preinit_1                  0x0000011b   Thumb Code     0  libinit2.o(.ARM.Collect$$libinit$$00000004)
    __rt_lib_init_rand_1                     0x0000011b   Thumb Code     0  libinit2.o(.ARM.Collect$$libinit$$0000000E)
    __rt_lib_init_return                     0x0000011b   Thumb Code     0  libinit2.o(.ARM.Collect$$libinit$$00000033)
    __rt_lib_init_signal_1                   0x0000011b   Thumb Code     0  libinit2.o(.ARM.Collect$$libinit$$0000001D)
    __rt_lib_init_stdio_1                    0x0000011b   Thumb Code     0  libinit2.o(.ARM.Collect$$libinit$$00000025)
    __rt_lib_init_user_alloc_1               0x0000011b   Thumb Code     0  libinit2.o(.ARM.Collect$$libinit$$0000000C)
    __rt_lib_shutdown                        0x0000011d   Thumb Code     0  libshutdown.o(.ARM.Collect$$libshutdown$$00000000)
    __rt_lib_shutdown_cpp_1                  0x0000011f   Thumb Code     0  libshutdown2.o(.ARM.Collect$$libshutdown$$00000002)
    __rt_lib_shutdown_fp_trap_1              0x0000011f   Thumb Code     0  libshutdown2.o(.ARM.Collect$$libshutdown$$00000007)
    __rt_lib_shutdown_heap_1                 0x0000011f   Thumb Code     0  libshutdown2.o(.ARM.Collect$$libshutdown$$0000000F)
    __rt_lib_shutdown_return                 0x0000011f   Thumb Code     0  libshutdown2.o(.ARM.Collect$$libshutdown$$00000010)
    __rt_lib_shutdown_signal_1               0x0000011f   Thumb Code     0  libshutdown2.o(.ARM.Collect$$libshutdown$$0000000A)
    __rt_lib_shutdown_stdio_1                0x0000011f   Thumb Code     0  libshutdown2.o(.ARM.Collect$$libshutdown$$00000004)
    __rt_lib_shutdown_user_alloc_1           0x0000011f   Thumb Code     0  libshutdown2.o(.ARM.Collect$$libshutdown$$0000000C)
    __rt_entry                               0x00000121   Thumb Code     0  __rtentry.o(.ARM.Collect$$rtentry$$00000000)
    __rt_entry_presh_1                       0x00000121   Thumb Code     0  __rtentry2.o(.ARM.Collect$$rtentry$$00000002)
    __rt_entry_sh                            0x00000121   Thumb Code     0  __rtentry4.o(.ARM.Collect$$rtentry$$00000004)
    __rt_entry_li                            0x00000127   Thumb Code     0  __rtentry2.o(.ARM.Collect$$rtentry$$0000000A)
    __rt_entry_postsh_1                      0x00000127   Thumb Code     0  __rtentry2.o(.ARM.Collect$$rtentry$$00000009)
    __rt_entry_main                          0x0000012b   Thumb Code     0  __rtentry2.o(.ARM.Collect$$rtentry$$0000000D)
    __rt_entry_postli_1                      0x0000012b   Thumb Code     0  __rtentry2.o(.ARM.Collect$$rtentry$$0000000C)
    __rt_exit                                0x00000133   Thumb Code     0  rtexit.o(.ARM.Collect$$rtexit$$00000000)
    __rt_exit_ls                             0x00000135   Thumb Code     0  rtexit2.o(.ARM.Collect$$rtexit$$00000003)
    __rt_exit_prels_1                        0x00000135   Thumb Code     0  rtexit2.o(.ARM.Collect$$rtexit$$00000002)
    __rt_exit_exit                           0x00000139   Thumb Code     0  rtexit2.o(.ARM.Collect$$rtexit$$00000004)
    am_util_delay_cycles                     0x00000141   Thumb Code     6  am_util_delay.o(.emb_text)
    am_bootloader_image_run                  0x00000149   Thumb Code    20  am_bootloader.o(.emb_text)
    am_hal_interrupt_master_enable           0x0000015d   Thumb Code     8  am_hal_interrupt.o(.emb_text)
    am_hal_interrupt_master_disable          0x00000165   Thumb Code     8  am_hal_interrupt.o(.emb_text)
    am_hal_interrupt_master_set              0x0000016d   Thumb Code     6  am_hal_interrupt.o(.emb_text)
    __user_initial_stackheap                 0x00000175   Thumb Code    10  startup_keil.o(.text)
    __aeabi_memcpy4                          0x0000018d   Thumb Code     0  rt_memcpy_w.o(.text)
    __aeabi_memcpy8                          0x0000018d   Thumb Code     0  rt_memcpy_w.o(.text)
    __rt_memcpy_w                            0x0000018d   Thumb Code   100  rt_memcpy_w.o(.text)
    _memcpy_lastbytes_aligned                0x000001d5   Thumb Code     0  rt_memcpy_w.o(.text)
    __use_two_region_memory                  0x000001f1   Thumb Code     2  heapauxi.o(.text)
    __rt_heap_escrow$2region                 0x000001f3   Thumb Code     2  heapauxi.o(.text)
    __rt_heap_expand$2region                 0x000001f5   Thumb Code     2  heapauxi.o(.text)
    __user_setup_stackheap                   0x000001f7   Thumb Code    74  sys_stackheap_outer.o(.text)
    exit                                     0x00000241   Thumb Code    18  exit.o(.text)
    __user_libspace                          0x00000255   Thumb Code     8  libspace.o(.text)
    __user_perproc_libspace                  0x00000255   Thumb Code     0  libspace.o(.text)
    __user_perthread_libspace                0x00000255   Thumb Code     0  libspace.o(.text)
    _sys_exit                                0x0000025d   Thumb Code     8  sys_exit.o(.text)
    __I$use$semihosting                      0x00000269   Thumb Code     0  use_no_semi.o(.text)
    __use_no_semihosting_swi                 0x00000269   Thumb Code     2  use_no_semi.o(.text)
    __semihosting_library_function           0x0000026b   Thumb Code     0  indicate_semi.o(.text)
    am_bootloader_boot_from_storage          0x0000026d   Thumb Code   142  am_bootloader.o(i.am_bootloader_boot_from_storage)
    am_bootloader_fast_crc32                 0x00000305   Thumb Code    38  am_bootloader.o(i.am_bootloader_fast_crc32)
    am_bootloader_flag_page_update           0x00000331   Thumb Code    60  am_bootloader.o(i.am_bootloader_flag_page_update)
    am_bootloader_flash_check                0x00000371   Thumb Code    96  am_bootloader.o(i.am_bootloader_flash_check)
    am_bootloader_image_check                0x000003d1   Thumb Code   462  am_bootloader.o(i.am_bootloader_image_check)
    am_bootloader_new_image_check            0x000005a5   Thumb Code   110  am_bootloader.o(i.am_bootloader_new_image_check)
    am_bootloader_partial_crc32              0x00000615   Thumb Code    40  am_bootloader.o(i.am_bootloader_partial_crc32)
    am_bsp_iom_spi_pins_disable              0x00000641   Thumb Code    86  am_bsp.o(i.am_bsp_iom_spi_pins_disable)
    am_bsp_iom_spi_pins_enable               0x0000069d   Thumb Code    86  am_bsp.o(i.am_bsp_iom_spi_pins_enable)
    am_bsp_low_power_init                    0x000006f9   Thumb Code    40  am_bsp.o(i.am_bsp_low_power_init)
    am_devices_spiflash_init                 0x00000721   Thumb Code     6  am_devices_spiflash.o(i.am_devices_spiflash_init)
    am_devices_spiflash_read                 0x0000072d   Thumb Code   150  am_devices_spiflash.o(i.am_devices_spiflash_read)
    am_gpio_isr                              0x000007c9   Thumb Code   186  multi_boot.o(i.am_gpio_isr)
    am_hal_clkgen_osc_stop                   0x0000088d   Thumb Code    12  am_hal_clkgen.o(i.am_hal_clkgen_osc_stop)
    am_hal_clkgen_sysclk_get                 0x00000899   Thumb Code    64  am_hal_clkgen.o(i.am_hal_clkgen_sysclk_get)
    am_hal_clkgen_sysclk_select              0x000008f9   Thumb Code    16  am_hal_clkgen.o(i.am_hal_clkgen_sysclk_select)
    am_hal_debug_error                       0x00000909   Thumb Code     2  am_hal_debug.o(i.am_hal_debug_error)
    am_hal_flash_page_erase                  0x0000090d   Thumb Code     6  am_hal_flash.o(i.am_hal_flash_page_erase)
    am_hal_flash_program_main                0x00000919   Thumb Code    10  am_hal_flash.o(i.am_hal_flash_program_main)
    am_hal_gpio_int_clear                    0x00000929   Thumb Code    12  am_hal_gpio.o(i.am_hal_gpio_int_clear)
    am_hal_gpio_int_disable                  0x00000939   Thumb Code    28  am_hal_gpio.o(i.am_hal_gpio_int_disable)
    am_hal_gpio_int_enable                   0x00000959   Thumb Code    24  am_hal_gpio.o(i.am_hal_gpio_int_enable)
    am_hal_interrupt_enable                  0x00000975   Thumb Code    70  am_hal_interrupt.o(i.am_hal_interrupt_enable)
    am_hal_iom_config                        0x000009c1   Thumb Code    82  am_hal_iom.o(i.am_hal_iom_config)
    am_hal_iom_disable                       0x00000a19   Thumb Code   118  am_hal_iom.o(i.am_hal_iom_disable)
    am_hal_iom_enable                        0x00000a99   Thumb Code    96  am_hal_iom.o(i.am_hal_iom_enable)
    am_hal_iom_fifo_read                     0x00000b01   Thumb Code   136  am_hal_iom.o(i.am_hal_iom_fifo_read)
    am_hal_iom_fifo_write                    0x00000bd1   Thumb Code   140  am_hal_iom.o(i.am_hal_iom_fifo_write)
    am_hal_iom_queue_spi_read                0x00000ca1   Thumb Code   220  am_hal_iom.o(i.am_hal_iom_queue_spi_read)
    am_hal_iom_sleeping_queue_flush          0x00000d95   Thumb Code    78  am_hal_iom.o(i.am_hal_iom_sleeping_queue_flush)
    am_hal_iom_spi_read                      0x00000de9   Thumb Code   234  am_hal_iom.o(i.am_hal_iom_spi_read)
    am_hal_iom_spi_write                     0x00000f09   Thumb Code   322  am_hal_iom.o(i.am_hal_iom_spi_write)
    am_hal_iom_spi_write_nb                  0x00001089   Thumb Code   146  am_hal_iom.o(i.am_hal_iom_spi_write_nb)
    am_hal_ios_access_int_clear              0x0000114d   Thumb Code    10  am_hal_ios.o(i.am_hal_ios_access_int_clear)
    am_hal_ios_access_int_enable             0x00001157   Thumb Code    16  am_hal_ios.o(i.am_hal_ios_access_int_enable)
    am_hal_ios_access_int_status_get         0x00001167   Thumb Code    20  am_hal_ios.o(i.am_hal_ios_access_int_status_get)
    am_hal_ios_config                        0x0000117d   Thumb Code   136  am_hal_ios.o(i.am_hal_ios_config)
    am_hal_ios_fifo_service                  0x00001209   Thumb Code   142  am_hal_ios.o(i.am_hal_ios_fifo_service)
    am_hal_ios_int_clear                     0x000012a1   Thumb Code    10  am_hal_ios.o(i.am_hal_ios_int_clear)
    am_hal_ios_int_enable                    0x000012ab   Thumb Code    16  am_hal_ios.o(i.am_hal_ios_int_enable)
    am_hal_ios_int_status_get                0x000012bb   Thumb Code    20  am_hal_ios.o(i.am_hal_ios_int_status_get)
    am_hal_mcuctrl_bandgap_disable           0x000012d1   Thumb Code    12  am_hal_mcuctrl.o(i.am_hal_mcuctrl_bandgap_disable)
    am_hal_mcuctrl_bucks_enable              0x000012e1   Thumb Code    36  am_hal_mcuctrl.o(i.am_hal_mcuctrl_bucks_enable)
    am_hal_mcuctrl_device_info_get           0x00001309   Thumb Code    54  am_hal_mcuctrl.o(i.am_hal_mcuctrl_device_info_get)
    am_hal_queue_item_add                    0x00001349   Thumb Code   158  am_hal_queue.o(i.am_hal_queue_item_add)
    am_hal_reset_poi                         0x000013e7   Thumb Code    10  am_hal_reset.o(i.am_hal_reset_poi)
    am_hal_rtc_osc_disable                   0x000013f1   Thumb Code    14  am_hal_rtc.o(i.am_hal_rtc_osc_disable)
    am_hal_rtc_osc_select                    0x000013ff   Thumb Code    22  am_hal_rtc.o(i.am_hal_rtc_osc_select)
    am_hal_sysctrl_sleep                     0x00001415   Thumb Code    42  am_hal_sysctrl.o(i.am_hal_sysctrl_sleep)
    am_hal_systick_count                     0x00001449   Thumb Code     8  am_hal_systick.o(i.am_hal_systick_count)
    am_hal_systick_load                      0x00001451   Thumb Code     8  am_hal_systick.o(i.am_hal_systick_load)
    am_hal_systick_start                     0x00001459   Thumb Code    14  am_hal_systick.o(i.am_hal_systick_start)
    am_hal_uart_char_transmit_polled         0x00001469   Thumb Code    14  am_hal_uart.o(i.am_hal_uart_char_transmit_polled)
    am_hal_uart_clock_enable                 0x0000147d   Thumb Code    32  am_hal_uart.o(i.am_hal_uart_clock_enable)
    am_hal_uart_config                       0x000014a1   Thumb Code    78  am_hal_uart.o(i.am_hal_uart_config)
    am_hal_uart_disable                      0x000014f5   Thumb Code    16  am_hal_uart.o(i.am_hal_uart_disable)
    am_hal_uart_enable                       0x00001509   Thumb Code    14  am_hal_uart.o(i.am_hal_uart_enable)
    am_hal_uart_fifo_config                  0x0000151d   Thumb Code    14  am_hal_uart.o(i.am_hal_uart_fifo_config)
    am_hal_uart_int_clear                    0x00001531   Thumb Code     6  am_hal_uart.o(i.am_hal_uart_int_clear)
    am_hal_uart_int_enable                   0x0000153d   Thumb Code    10  am_hal_uart.o(i.am_hal_uart_int_enable)
    am_hal_uart_int_status_get               0x0000154d   Thumb Code    12  am_hal_uart.o(i.am_hal_uart_int_status_get)
    am_hal_vcomp_disable                     0x0000155d   Thumb Code     8  am_hal_vcomp.o(i.am_hal_vcomp_disable)
    am_ioslave_acc_isr                       0x00001569   Thumb Code   256  ios_boot_handlers.o(i.am_ioslave_acc_isr)
    am_ioslave_ios_isr                       0x0000168d   Thumb Code    24  ios_boot_handlers.o(i.am_ioslave_ios_isr)
    am_uart_isr                              0x000016a5   Thumb Code   488  uart_boot_handlers.o(i.am_uart_isr)
    am_util_delay_ms                         0x000018d9   Thumb Code    28  am_util_delay.o(i.am_util_delay_ms)
    cleanup_ios_interface                    0x000018f5   Thumb Code   184  ios_boot_handlers.o(i.cleanup_ios_interface)
    configure_spiflash_pins                  0x000019b1   Thumb Code    48  image_boot_handlers.o(i.configure_spiflash_pins)
    image_load_from_external_flash           0x00001bc9   Thumb Code   214  image_boot_handlers.o(i.image_load_from_external_flash)
    image_load_from_internal_flash           0x00001ca9   Thumb Code   196  image_boot_handlers.o(i.image_load_from_internal_flash)
    main                                     0x00001e11   Thumb Code   296  multi_boot.o(i.main)
    ser_out                                  0x00001f49   Thumb Code    20  uart_boot_handlers.o(i.ser_out)
    setup_ios_interface                      0x00001f61   Thumb Code   404  ios_boot_handlers.o(i.setup_ios_interface)
    setup_serial                             0x00002101   Thumb Code   176  uart_boot_handlers.o(i.setup_serial)
    _fp_init                                 0x000021d5   Thumb Code    10  fpinit.o(x$fpl$fpinit)
    __fplib_config_fpu_vfp                   0x000021dd   Thumb Code     0  fpinit.o(x$fpl$fpinit)
    __fplib_config_pureend_doubles           0x000021dd   Thumb Code     0  fpinit.o(x$fpl$fpinit)
    am_hal_ios_pui8LRAM                      0x000025e0   Data           4  am_hal_ios.o(.constdata)
    am_hal_mcuctrl_flash_size                0x000025e4   Data          64  am_hal_mcuctrl.o(.constdata)
    am_hal_mcuctrl_sram_size                 0x00002624   Data          64  am_hal_mcuctrl.o(.constdata)
    Region$$Table$$Base                      0x000026d8   Number         0  anon$$obj.o(Region$$Table)
    Region$$Table$$Limit                     0x000026f8   Number         0  anon$$obj.o(Region$$Table)
    g_psBootImage                            0x10000000   Data           4  image_boot_handlers.o(.data)
    g_sSpiFlash                              0x10000004   Data           8  image_boot_handlers.o(.data)
    g_sIOMConfig                             0x1000000c   Data          12  image_boot_handlers.o(.data)
    g_bIOSActive                             0x10000018   Data           1  ios_boot_handlers.o(.data)
    g_pui8TxBuffer                           0x10000034   Data           8  multi_boot.o(.data)
    g_pui8RxBuffer                           0x1000003c   Data           4  multi_boot.o(.data)
    g_ui32BytesInBuffer                      0x10000040   Data           4  multi_boot.o(.data)
    g_pui32WriteAddress                      0x10000044   Data           4  multi_boot.o(.data)
    g_ui32BytesReceived                      0x10000048   Data           4  multi_boot.o(.data)
    g_bImageValid                            0x1000004c   Data           1  multi_boot.o(.data)
    g_ui32CRC                                0x10000050   Data           4  multi_boot.o(.data)
    g_sUartConfig                            0x10000054   Data          20  uart_boot_handlers.o(.data)
    ui32_serial_status                       0x10000068   Data           4  uart_boot_handlers.o(.data)
    cRecChar                                 0x1000006c   Data           1  uart_boot_handlers.o(.data)
    RX_FIFO_FULL                             0x1000006d   Data           1  uart_boot_handlers.o(.data)
    RX_FIFO_EMPTY                            0x1000006e   Data           1  uart_boot_handlers.o(.data)
    uart_RX_cnt                              0x1000006f   Data           1  uart_boot_handlers.o(.data)
    uart_RX_head                             0x10000070   Data           1  uart_boot_handlers.o(.data)
    uart_RX_tail                             0x10000071   Data           1  uart_boot_handlers.o(.data)
    cTxChar                                  0x10000072   Data           1  uart_boot_handlers.o(.data)
    TX_FIFO_FULL                             0x10000073   Data           1  uart_boot_handlers.o(.data)
    TX_FIFO_EMPTY                            0x10000074   Data           1  uart_boot_handlers.o(.data)
    uart_TX_cnt                              0x10000075   Data           1  uart_boot_handlers.o(.data)
    uart_TX_head                             0x10000076   Data           1  uart_boot_handlers.o(.data)
    uart_TX_tail                             0x10000077   Data           1  uart_boot_handlers.o(.data)
    command                                  0x10000078   Data           4  uart_boot_handlers.o(.data)
    packet_cnt                               0x1000007c   Data           1  uart_boot_handlers.o(.data)
    pkt_size                                 0x1000007d   Data           1  uart_boot_handlers.o(.data)
    g_psIOMSettings                          0x10000080   Data           4  am_devices_spiflash.o(.data)
    g_ui32HALflags                           0x10000084   Data           4  am_hal_global.o(.data)
    SRAM_load_ui32                           0x10000088   Data           8  am_hal_flash.o(.data)
    g_am_hal_flash                           0x10000090   Data          32  am_hal_flash.o(.data)
    g_ui32Mod0Interface                      0x100000b0   Data           4  am_hal_iom.o(.data)
    g_ui32Mod1Interface                      0x100000b4   Data           4  am_hal_iom.o(.data)
    am_hal_iom_queue_flush                   0x100000b8   Data           4  am_hal_iom.o(.data)
    g_pui8FIFOBase                           0x100000bc   Data           4  am_hal_ios.o(.data)
    g_pui8FIFOEnd                            0x100000c0   Data           4  am_hal_ios.o(.data)
    g_pui8FIFOPtr                            0x100000c4   Data           4  am_hal_ios.o(.data)
    g_ui32FlashLoadingBuffer                 0x100000c8   Data        2048  image_boot_handlers.o(.bss)
    g_pui32RxBuffer                          0x100008c8   Data        2048  multi_boot.o(.bss)
    g_TestArray                              0x100010c8   Data         128  multi_boot.o(.bss)
    g_sImage                                 0x10001148   Data          60  multi_boot.o(.bss)
    uart_RX_buffer                           0x10001184   Data         128  uart_boot_handlers.o(.bss)
    uart_TX_buffer                           0x10001204   Data         128  uart_boot_handlers.o(.bss)
    g_psIOMBuffers                           0x10001284   Data          32  am_hal_iom.o(.bss)
    g_psIOMQueue                             0x100012a4   Data          48  am_hal_iom.o(.bss)
    g_sSRAMBuffer                            0x100012d4   Data          20  am_hal_ios.o(.bss)
    __libspace_start                         0x100012e8   Data          96  libspace.o(.bss)
    __temporary_stack_top$libspace           0x10001348   Data           0  libspace.o(.bss)



==============================================================================

Memory Map of the image

  Image Entry point : 0x000000a1

  Load Region LR_1 (Base: 0x00000000, Size: 0x000027c0, Max: 0xffffffff, ABSOLUTE)

    Execution Region FLASH (Base: 0x00000000, Size: 0x000026f8, Max: 0x00003000, ABSOLUTE)

    Base Addr    Size         Type   Attr      Idx    E Section Name        Object

    0x00000000   0x000000a0   Code   RO          678    RESET               startup_keil.o
    0x000000a0   0x00000008   Code   RO         1165  * !!!main             c_w.l(__main.o)
    0x000000a8   0x00000034   Code   RO         1329    !!!scatter          c_w.l(__scatter.o)
    0x000000dc   0x0000001a   Code   RO         1331    !!handler_copy      c_w.l(__scatter_copy.o)
    0x000000f6   0x00000002   PAD
    0x000000f8   0x0000001c   Code   RO         1333    !!handler_zi        c_w.l(__scatter_zi.o)
    0x00000114   0x00000002   Code   RO         1199    .ARM.Collect$$libinit$$00000000  c_w.l(libinit.o)
    0x00000116   0x00000004   Code   RO         1205    .ARM.Collect$$libinit$$00000001  c_w.l(libinit2.o)
    0x0000011a   0x00000000   Code   RO         1208    .ARM.Collect$$libinit$$00000004  c_w.l(libinit2.o)
    0x0000011a   0x00000000   Code   RO         1211    .ARM.Collect$$libinit$$0000000A  c_w.l(libinit2.o)
    0x0000011a   0x00000000   Code   RO         1213    .ARM.Collect$$libinit$$0000000C  c_w.l(libinit2.o)
    0x0000011a   0x00000000   Code   RO         1215    .ARM.Collect$$libinit$$0000000E  c_w.l(libinit2.o)
    0x0000011a   0x00000000   Code   RO         1218    .ARM.Collect$$libinit$$00000011  c_w.l(libinit2.o)
    0x0000011a   0x00000000   Code   RO         1220    .ARM.Collect$$libinit$$00000013  c_w.l(libinit2.o)
    0x0000011a   0x00000000   Code   RO         1222    .ARM.Collect$$libinit$$00000015  c_w.l(libinit2.o)
    0x0000011a   0x00000000   Code   RO         1224    .ARM.Collect$$libinit$$00000017  c_w.l(libinit2.o)
    0x0000011a   0x00000000   Code   RO         1226    .ARM.Collect$$libinit$$00000019  c_w.l(libinit2.o)
    0x0000011a   0x00000000   Code   RO         1228    .ARM.Collect$$libinit$$0000001B  c_w.l(libinit2.o)
    0x0000011a   0x00000000   Code   RO         1230    .ARM.Collect$$libinit$$0000001D  c_w.l(libinit2.o)
    0x0000011a   0x00000000   Code   RO         1232    .ARM.Collect$$libinit$$0000001F  c_w.l(libinit2.o)
    0x0000011a   0x00000000   Code   RO         1234    .ARM.Collect$$libinit$$00000021  c_w.l(libinit2.o)
    0x0000011a   0x00000000   Code   RO         1236    .ARM.Collect$$libinit$$00000023  c_w.l(libinit2.o)
    0x0000011a   0x00000000   Code   RO         1238    .ARM.Collect$$libinit$$00000025  c_w.l(libinit2.o)
    0x0000011a   0x00000000   Code   RO         1242    .ARM.Collect$$libinit$$0000002C  c_w.l(libinit2.o)
    0x0000011a   0x00000000   Code   RO         1244    .ARM.Collect$$libinit$$0000002E  c_w.l(libinit2.o)
    0x0000011a   0x00000000   Code   RO         1246    .ARM.Collect$$libinit$$00000030  c_w.l(libinit2.o)
    0x0000011a   0x00000000   Code   RO         1248    .ARM.Collect$$libinit$$00000032  c_w.l(libinit2.o)
    0x0000011a   0x00000002   Code   RO         1249    .ARM.Collect$$libinit$$00000033  c_w.l(libinit2.o)
    0x0000011c   0x00000002   Code   RO         1269    .ARM.Collect$$libshutdown$$00000000  c_w.l(libshutdown.o)
    0x0000011e   0x00000000   Code   RO         1282    .ARM.Collect$$libshutdown$$00000002  c_w.l(libshutdown2.o)
    0x0000011e   0x00000000   Code   RO         1284    .ARM.Collect$$libshutdown$$00000004  c_w.l(libshutdown2.o)
    0x0000011e   0x00000000   Code   RO         1287    .ARM.Collect$$libshutdown$$00000007  c_w.l(libshutdown2.o)
    0x0000011e   0x00000000   Code   RO         1290    .ARM.Collect$$libshutdown$$0000000A  c_w.l(libshutdown2.o)
    0x0000011e   0x00000000   Code   RO         1292    .ARM.Collect$$libshutdown$$0000000C  c_w.l(libshutdown2.o)
    0x0000011e   0x00000000   Code   RO         1295    .ARM.Collect$$libshutdown$$0000000F  c_w.l(libshutdown2.o)
    0x0000011e   0x00000002   Code   RO         1296    .ARM.Collect$$libshutdown$$00000010  c_w.l(libshutdown2.o)
    0x00000120   0x00000000   Code   RO         1169    .ARM.Collect$$rtentry$$00000000  c_w.l(__rtentry.o)
    0x00000120   0x00000000   Code   RO         1176    .ARM.Collect$$rtentry$$00000002  c_w.l(__rtentry2.o)
    0x00000120   0x00000006   Code   RO         1188    .ARM.Collect$$rtentry$$00000004  c_w.l(__rtentry4.o)
    0x00000126   0x00000000   Code   RO         1178    .ARM.Collect$$rtentry$$00000009  c_w.l(__rtentry2.o)
    0x00000126   0x00000004   Code   RO         1179    .ARM.Collect$$rtentry$$0000000A  c_w.l(__rtentry2.o)
    0x0000012a   0x00000000   Code   RO         1181    .ARM.Collect$$rtentry$$0000000C  c_w.l(__rtentry2.o)
    0x0000012a   0x00000008   Code   RO         1182    .ARM.Collect$$rtentry$$0000000D  c_w.l(__rtentry2.o)
    0x00000132   0x00000002   Code   RO         1203    .ARM.Collect$$rtexit$$00000000  c_w.l(rtexit.o)
    0x00000134   0x00000000   Code   RO         1251    .ARM.Collect$$rtexit$$00000002  c_w.l(rtexit2.o)
    0x00000134   0x00000004   Code   RO         1252    .ARM.Collect$$rtexit$$00000003  c_w.l(rtexit2.o)
    0x00000138   0x00000006   Code   RO         1253    .ARM.Collect$$rtexit$$00000004  c_w.l(rtexit2.o)
    0x0000013e   0x00000002   PAD
    0x00000140   0x00000006   Code   RO          436    .emb_text           am_util_delay.o
    0x00000146   0x00000002   PAD
    0x00000148   0x00000014   Code   RO          608    .emb_text           am_bootloader.o
    0x0000015c   0x00000016   Code   RO          761    .emb_text           libam_hal.lib(am_hal_interrupt.o)
    0x00000172   0x00000002   PAD
    0x00000174   0x00000018   Code   RO          679    .text               startup_keil.o
    0x0000018c   0x00000064   Code   RO         1161    .text               c_w.l(rt_memcpy_w.o)
    0x000001f0   0x00000006   Code   RO         1163    .text               c_w.l(heapauxi.o)
    0x000001f6   0x0000004a   Code   RO         1190    .text               c_w.l(sys_stackheap_outer.o)
    0x00000240   0x00000012   Code   RO         1192    .text               c_w.l(exit.o)
    0x00000252   0x00000002   PAD
    0x00000254   0x00000008   Code   RO         1200    .text               c_w.l(libspace.o)
    0x0000025c   0x0000000c   Code   RO         1261    .text               c_w.l(sys_exit.o)
    0x00000268   0x00000002   Code   RO         1272    .text               c_w.l(use_no_semi.o)
    0x0000026a   0x00000000   Code   RO         1274    .text               c_w.l(indicate_semi.o)
    0x0000026a   0x00000002   PAD
    0x0000026c   0x00000098   Code   RO          609    i.am_bootloader_boot_from_storage  am_bootloader.o
    0x00000304   0x0000002c   Code   RO          611    i.am_bootloader_fast_crc32  am_bootloader.o
    0x00000330   0x00000040   Code   RO          612    i.am_bootloader_flag_page_update  am_bootloader.o
    0x00000370   0x00000060   Code   RO          613    i.am_bootloader_flash_check  am_bootloader.o
    0x000003d0   0x000001d4   Code   RO          614    i.am_bootloader_image_check  am_bootloader.o
    0x000005a4   0x0000006e   Code   RO          615    i.am_bootloader_new_image_check  am_bootloader.o
    0x00000612   0x00000002   PAD
    0x00000614   0x0000002c   Code   RO          616    i.am_bootloader_partial_crc32  am_bootloader.o
    0x00000640   0x0000005c   Code   RO         1016    i.am_bsp_iom_spi_pins_disable  libam_bsp.lib(am_bsp.o)
    0x0000069c   0x0000005c   Code   RO         1017    i.am_bsp_iom_spi_pins_enable  libam_bsp.lib(am_bsp.o)
    0x000006f8   0x00000028   Code   RO         1019    i.am_bsp_low_power_init  libam_bsp.lib(am_bsp.o)
    0x00000720   0x0000000c   Code   RO          552    i.am_devices_spiflash_init  am_devices_spiflash.o
    0x0000072c   0x0000009c   Code   RO          554    i.am_devices_spiflash_read  am_devices_spiflash.o
    0x000007c8   0x000000c4   Code   RO          360    i.am_gpio_isr       multi_boot.o
    0x0000088c   0x0000000c   Code   RO          698    i.am_hal_clkgen_osc_stop  libam_hal.lib(am_hal_clkgen.o)
    0x00000898   0x00000060   Code   RO          699    i.am_hal_clkgen_sysclk_get  libam_hal.lib(am_hal_clkgen.o)
    0x000008f8   0x00000010   Code   RO          700    i.am_hal_clkgen_sysclk_select  libam_hal.lib(am_hal_clkgen.o)
    0x00000908   0x00000002   Code   RO         1032    i.am_hal_debug_error  libam_hal.lib(am_hal_debug.o)
    0x0000090a   0x00000002   PAD
    0x0000090c   0x0000000c   Code   RO          719    i.am_hal_flash_page_erase  libam_hal.lib(am_hal_flash.o)
    0x00000918   0x00000010   Code   RO          720    i.am_hal_flash_program_main  libam_hal.lib(am_hal_flash.o)
    0x00000928   0x00000010   Code   RO          735    i.am_hal_gpio_int_clear  libam_hal.lib(am_hal_gpio.o)
    0x00000938   0x00000020   Code   RO          736    i.am_hal_gpio_int_disable  libam_hal.lib(am_hal_gpio.o)
    0x00000958   0x0000001c   Code   RO          737    i.am_hal_gpio_int_enable  libam_hal.lib(am_hal_gpio.o)
    0x00000974   0x0000004c   Code   RO          763    i.am_hal_interrupt_enable  libam_hal.lib(am_hal_interrupt.o)
    0x000009c0   0x00000058   Code   RO          774    i.am_hal_iom_config  libam_hal.lib(am_hal_iom.o)
    0x00000a18   0x00000080   Code   RO          775    i.am_hal_iom_disable  libam_hal.lib(am_hal_iom.o)
    0x00000a98   0x00000068   Code   RO          776    i.am_hal_iom_enable  libam_hal.lib(am_hal_iom.o)
    0x00000b00   0x000000d0   Code   RO          779    i.am_hal_iom_fifo_read  libam_hal.lib(am_hal_iom.o)
    0x00000bd0   0x000000d0   Code   RO          780    i.am_hal_iom_fifo_write  libam_hal.lib(am_hal_iom.o)
    0x00000ca0   0x000000f4   Code   RO          799    i.am_hal_iom_queue_spi_read  libam_hal.lib(am_hal_iom.o)
    0x00000d94   0x00000054   Code   RO          802    i.am_hal_iom_sleeping_queue_flush  libam_hal.lib(am_hal_iom.o)
    0x00000de8   0x00000120   Code   RO          804    i.am_hal_iom_spi_read  libam_hal.lib(am_hal_iom.o)
    0x00000f08   0x00000180   Code   RO          806    i.am_hal_iom_spi_write  libam_hal.lib(am_hal_iom.o)
    0x00001088   0x000000c4   Code   RO          807    i.am_hal_iom_spi_write_nb  libam_hal.lib(am_hal_iom.o)
    0x0000114c   0x0000000a   Code   RO          848    i.am_hal_ios_access_int_clear  libam_hal.lib(am_hal_ios.o)
    0x00001156   0x00000010   Code   RO          850    i.am_hal_ios_access_int_enable  libam_hal.lib(am_hal_ios.o)
    0x00001166   0x00000014   Code   RO          853    i.am_hal_ios_access_int_status_get  libam_hal.lib(am_hal_ios.o)
    0x0000117a   0x00000002   PAD
    0x0000117c   0x0000008c   Code   RO          854    i.am_hal_ios_config  libam_hal.lib(am_hal_ios.o)
    0x00001208   0x00000098   Code   RO          859    i.am_hal_ios_fifo_service  libam_hal.lib(am_hal_ios.o)
    0x000012a0   0x0000000a   Code   RO          867    i.am_hal_ios_int_clear  libam_hal.lib(am_hal_ios.o)
    0x000012aa   0x00000010   Code   RO          869    i.am_hal_ios_int_enable  libam_hal.lib(am_hal_ios.o)
    0x000012ba   0x00000014   Code   RO          872    i.am_hal_ios_int_status_get  libam_hal.lib(am_hal_ios.o)
    0x000012ce   0x00000002   PAD
    0x000012d0   0x00000010   Code   RO          910    i.am_hal_mcuctrl_bandgap_disable  libam_hal.lib(am_hal_mcuctrl.o)
    0x000012e0   0x00000028   Code   RO          914    i.am_hal_mcuctrl_bucks_enable  libam_hal.lib(am_hal_mcuctrl.o)
    0x00001308   0x00000040   Code   RO          915    i.am_hal_mcuctrl_device_info_get  libam_hal.lib(am_hal_mcuctrl.o)
    0x00001348   0x0000009e   Code   RO         1072    i.am_hal_queue_item_add  libam_hal.lib(am_hal_queue.o)
    0x000013e6   0x0000000a   Code   RO          938    i.am_hal_reset_poi  libam_hal.lib(am_hal_reset.o)
    0x000013f0   0x0000000e   Code   RO         1086    i.am_hal_rtc_osc_disable  libam_hal.lib(am_hal_rtc.o)
    0x000013fe   0x00000016   Code   RO         1088    i.am_hal_rtc_osc_select  libam_hal.lib(am_hal_rtc.o)
    0x00001414   0x00000034   Code   RO         1112    i.am_hal_sysctrl_sleep  libam_hal.lib(am_hal_sysctrl.o)
    0x00001448   0x00000008   Code   RO          947    i.am_hal_systick_count  libam_hal.lib(am_hal_systick.o)
    0x00001450   0x00000008   Code   RO          952    i.am_hal_systick_load  libam_hal.lib(am_hal_systick.o)
    0x00001458   0x0000000e   Code   RO          954    i.am_hal_systick_start  libam_hal.lib(am_hal_systick.o)
    0x00001466   0x00000002   PAD
    0x00001468   0x00000014   Code   RO          970    i.am_hal_uart_char_transmit_polled  libam_hal.lib(am_hal_uart.o)
    0x0000147c   0x00000024   Code   RO          972    i.am_hal_uart_clock_enable  libam_hal.lib(am_hal_uart.o)
    0x000014a0   0x00000054   Code   RO          973    i.am_hal_uart_config  libam_hal.lib(am_hal_uart.o)
    0x000014f4   0x00000014   Code   RO          974    i.am_hal_uart_disable  libam_hal.lib(am_hal_uart.o)
    0x00001508   0x00000014   Code   RO          975    i.am_hal_uart_enable  libam_hal.lib(am_hal_uart.o)
    0x0000151c   0x00000014   Code   RO          976    i.am_hal_uart_fifo_config  libam_hal.lib(am_hal_uart.o)
    0x00001530   0x0000000c   Code   RO          979    i.am_hal_uart_int_clear  libam_hal.lib(am_hal_uart.o)
    0x0000153c   0x00000010   Code   RO          981    i.am_hal_uart_int_enable  libam_hal.lib(am_hal_uart.o)
    0x0000154c   0x00000010   Code   RO          983    i.am_hal_uart_int_status_get  libam_hal.lib(am_hal_uart.o)
    0x0000155c   0x0000000c   Code   RO         1139    i.am_hal_vcomp_disable  libam_hal.lib(am_hal_vcomp.o)
    0x00001568   0x00000124   Code   RO          300    i.am_ioslave_acc_isr  ios_boot_handlers.o
    0x0000168c   0x00000018   Code   RO          302    i.am_ioslave_ios_isr  ios_boot_handlers.o
    0x000016a4   0x00000234   Code   RO          386    i.am_uart_isr       uart_boot_handlers.o
    0x000018d8   0x0000001c   Code   RO          437    i.am_util_delay_ms  am_util_delay.o
    0x000018f4   0x000000bc   Code   RO          303    i.cleanup_ios_interface  ios_boot_handlers.o
    0x000019b0   0x00000034   Code   RO            1    i.configure_spiflash_pins  image_boot_handlers.o
    0x000019e4   0x000000e8   Code   RO          304    i.image_data_packet_read  ios_boot_handlers.o
    0x00001acc   0x000000fc   Code   RO          389    i.image_data_packet_read  uart_boot_handlers.o
    0x00001bc8   0x000000e0   Code   RO            4    i.image_load_from_external_flash  image_boot_handlers.o
    0x00001ca8   0x000000cc   Code   RO            5    i.image_load_from_internal_flash  image_boot_handlers.o
    0x00001d74   0x00000054   Code   RO          305    i.image_start_packet_read  ios_boot_handlers.o
    0x00001dc8   0x00000048   Code   RO          390    i.image_start_packet_read  uart_boot_handlers.o
    0x00001e10   0x00000138   Code   RO          361    i.main              multi_boot.o
    0x00001f48   0x00000018   Code   RO          391    i.ser_out           uart_boot_handlers.o
    0x00001f60   0x000001a0   Code   RO          306    i.setup_ios_interface  ios_boot_handlers.o
    0x00002100   0x000000d4   Code   RO          392    i.setup_serial      uart_boot_handlers.o
    0x000021d4   0x0000000a   Code   RO         1259    x$fpl$fpinit        fz_wm.l(fpinit.o)
    0x000021de   0x00000002   PAD
    0x000021e0   0x00000400   Data   RO          617    .constdata          am_bootloader.o
    0x000025e0   0x00000004   Data   RO          878    .constdata          libam_hal.lib(am_hal_ios.o)
    0x000025e4   0x00000080   Data   RO          923    .constdata          libam_hal.lib(am_hal_mcuctrl.o)
    0x00002664   0x00000071   Data   RO          810    .conststring        libam_hal.lib(am_hal_iom.o)
    0x000026d5   0x00000003   PAD
    0x000026d8   0x00000020   Data   RO         1327    Region$$Table       anon$$obj.o


    Execution Region SRAM (Base: 0x10000000, Size: 0x00001548, Max: 0x00004000, ABSOLUTE)

    Base Addr    Size         Type   Attr      Idx    E Section Name        Object

    0x10000000   0x00000018   Data   RW            8    .data               image_boot_handlers.o
    0x10000018   0x0000001c   Data   RW          307    .data               ios_boot_handlers.o
    0x10000034   0x00000020   Data   RW          363    .data               multi_boot.o
    0x10000054   0x0000002a   Data   RW          394    .data               uart_boot_handlers.o
    0x1000007e   0x00000002   PAD
    0x10000080   0x00000004   Data   RW          558    .data               am_devices_spiflash.o
    0x10000084   0x00000004   Data   RW          686    .data               libam_hal.lib(am_hal_global.o)
    0x10000088   0x00000028   Data   RW          724    .data               libam_hal.lib(am_hal_flash.o)
    0x100000b0   0x0000000c   Data   RW          811    .data               libam_hal.lib(am_hal_iom.o)
    0x100000bc   0x0000000c   Data   RW          880    .data               libam_hal.lib(am_hal_ios.o)
    0x100000c8   0x00000800   Zero   RW            7    .bss                image_boot_handlers.o
    0x100008c8   0x000008bc   Zero   RW          362    .bss                multi_boot.o
    0x10001184   0x00000100   Zero   RW          393    .bss                uart_boot_handlers.o
    0x10001284   0x00000050   Zero   RW          809    .bss                libam_hal.lib(am_hal_iom.o)
    0x100012d4   0x00000014   Zero   RW          877    .bss                libam_hal.lib(am_hal_ios.o)
    0x100012e8   0x00000060   Zero   RW         1201    .bss                c_w.l(libspace.o)
    0x10001348   0x00000000   Zero   RW          677    HEAP                startup_keil.o
    0x10001348   0x00000200   Zero   RW          676    STACK               startup_keil.o


==============================================================================

Image component sizes


      Code (inc. data)   RO Data    RW Data    ZI Data      Debug   Object Name

       998         30       1024          0          0       9100   am_bootloader.o
       168         12          0          4          0       3672   am_devices_spiflash.o
        34          0          0          0          0       1199   am_util_delay.o
       480         22          0         24       2048      23818   image_boot_handlers.o
      1236        116          0         28          0       6559   ios_boot_handlers.o
       508         26          0         32       2236       2889   multi_boot.o
       184        132          0          0        512       1220   startup_keil.o
      1124        178          0         42        256       5919   uart_boot_handlers.o

    ----------------------------------------------------------------------
      4736        516       1056        132       5052      54376   Object Totals
         0          0         32          0          0          0   (incl. Generated)
         4          0          0          2          0          0   (incl. Padding)

    ----------------------------------------------------------------------

      Code (inc. data)   RO Data    RW Data    ZI Data      Debug   Library Member Name

         8          0          0          0          0         68   __main.o
         0          0          0          0          0          0   __rtentry.o
        12          0          0          0          0          0   __rtentry2.o
         6          0          0          0          0          0   __rtentry4.o
        52          8          0          0          0          0   __scatter.o
        26          0          0          0          0          0   __scatter_copy.o
        28          0          0          0          0          0   __scatter_zi.o
        18          0          0          0          0         80   exit.o
         6          0          0          0          0        152   heapauxi.o
         0          0          0          0          0          0   indicate_semi.o
         2          0          0          0          0          0   libinit.o
         6          0          0          0          0          0   libinit2.o
         2          0          0          0          0          0   libshutdown.o
         2          0          0          0          0          0   libshutdown2.o
         8          4          0          0         96         68   libspace.o
       100          0          0          0          0         80   rt_memcpy_w.o
         2          0          0          0          0          0   rtexit.o
        10          0          0          0          0          0   rtexit2.o
        12          4          0          0          0         68   sys_exit.o
        74          0          0          0          0         80   sys_stackheap_outer.o
         2          0          0          0          0         68   use_no_semi.o
        10          0          0          0          0        116   fpinit.o
       224         12          0          0          0        360   am_bsp.o
       124         40          0          0          0        348   am_hal_clkgen.o
         2          0          0          0          0        116   am_hal_debug.o
        28         12          0         40          0        232   am_hal_flash.o
         0          0          0          4          0          0   am_hal_global.o
        76         12          0          0          0        348   am_hal_gpio.o
        98          6          0          0          0        264   am_hal_interrupt.o
      1932        360        113         12         80       1364   am_hal_iom.o
       384         14          4         12         20        972   am_hal_ios.o
       120         18        128          0          0        348   am_hal_mcuctrl.o
       158          0          0          0          0        132   am_hal_queue.o
        10          0          0          0          0        116   am_hal_reset.o
        36          0          0          0          0        232   am_hal_rtc.o
        52         10          0          0          0        116   am_hal_sysctrl.o
        30          0          0          0          0        348   am_hal_systick.o
       244         48          0          0          0       1056   am_hal_uart.o
        12          4          0          0          0        116   am_hal_vcomp.o

    ----------------------------------------------------------------------
      3936        552        248         68        196       7248   Library Totals
        20          0          3          0          0          0   (incl. Padding)

    ----------------------------------------------------------------------

      Code (inc. data)   RO Data    RW Data    ZI Data      Debug   Library Name

       376         16          0          0         96        664   c_w.l
        10          0          0          0          0        116   fz_wm.l
       224         12          0          0          0        360   libam_bsp.lib
      3306        524        245         68        100       6108   libam_hal.lib

    ----------------------------------------------------------------------
      3936        552        248         68        196       7248   Library Totals

    ----------------------------------------------------------------------

==============================================================================


      Code (inc. data)   RO Data    RW Data    ZI Data      Debug   

      8672       1068       1304        200       5248      53916   Grand Totals
      8672       1068       1304        200       5248      53916   ELF Image Totals
      8672       1068       1304        200          0          0   ROM Totals

==============================================================================

    Total RO  Size (Code + RO Data)                 9976 (   9.74kB)
    Total RW  Size (RW Data + ZI Data)              5448 (   5.32kB)
    Total ROM Size (Code + RO Data + RW Data)      10176 (   9.94kB)

==============================================================================

