Component: ARM Compiler 5.06 update 2 (build 183) Tool: armlink [4d35b7]

==============================================================================

Section Cross References

    ios_boot_handlers.o(i.am_ioslave_acc_isr) refers to am_hal_ios.o(i.am_hal_ios_access_int_status_get) for am_hal_ios_access_int_status_get
    ios_boot_handlers.o(i.am_ioslave_acc_isr) refers to am_hal_ios.o(i.am_hal_ios_access_int_clear) for am_hal_ios_access_int_clear
    ios_boot_handlers.o(i.am_ioslave_acc_isr) refers to ios_boot_handlers.o(i.image_start_packet_read) for image_start_packet_read
    ios_boot_handlers.o(i.am_ioslave_acc_isr) refers to ios_boot_handlers.o(i.image_data_packet_read) for image_data_packet_read
    ios_boot_handlers.o(i.am_ioslave_acc_isr) refers to am_bootloader.o(i.am_bootloader_flag_page_update) for am_bootloader_flag_page_update
    ios_boot_handlers.o(i.am_ioslave_acc_isr) refers to am_hal_reset.o(i.am_hal_reset_poi) for am_hal_reset_poi
    ios_boot_handlers.o(i.am_ioslave_acc_isr) refers to ios_boot_handlers.o(.data) for g_bIOSActive
    ios_boot_handlers.o(i.am_ioslave_acc_isr) refers to am_hal_ios.o(.constdata) for am_hal_ios_pui8LRAM
    ios_boot_handlers.o(i.am_ioslave_acc_isr) refers to multi_boot.o(.bss) for g_sImage
    ios_boot_handlers.o(i.am_ioslave_acc_isr) refers to multi_boot.o(.data) for g_bImageValid
    ios_boot_handlers.o(i.am_ioslave_handshake) refers to am_util_delay.o(i.am_util_delay_us) for am_util_delay_us
    ios_boot_handlers.o(i.am_ioslave_handshake) refers to am_hal_ios.o(.constdata) for am_hal_ios_pui8LRAM
    ios_boot_handlers.o(i.am_ioslave_ios_isr) refers to am_hal_ios.o(i.am_hal_ios_int_status_get) for am_hal_ios_int_status_get
    ios_boot_handlers.o(i.am_ioslave_ios_isr) refers to am_hal_ios.o(i.am_hal_ios_int_clear) for am_hal_ios_int_clear
    ios_boot_handlers.o(i.am_ioslave_ios_isr) refers to am_hal_ios.o(i.am_hal_ios_fifo_service) for am_hal_ios_fifo_service
    ios_boot_handlers.o(i.image_data_packet_read) refers to am_bootloader.o(i.am_bootloader_partial_crc32) for am_bootloader_partial_crc32
    ios_boot_handlers.o(i.image_data_packet_read) refers to am_hal_flash.o(i.am_hal_flash_page_erase) for am_hal_flash_page_erase
    ios_boot_handlers.o(i.image_data_packet_read) refers to am_hal_flash.o(i.am_hal_flash_program_main) for am_hal_flash_program_main
    ios_boot_handlers.o(i.image_data_packet_read) refers to am_hal_ios.o(.constdata) for am_hal_ios_pui8LRAM
    ios_boot_handlers.o(i.image_data_packet_read) refers to multi_boot.o(.data) for g_pui8RxBuffer
    ios_boot_handlers.o(i.image_data_packet_read) refers to multi_boot.o(.bss) for g_sImage
    ios_boot_handlers.o(i.image_start_packet_read) refers to am_hal_ios.o(.constdata) for am_hal_ios_pui8LRAM
    ios_boot_handlers.o(i.image_start_packet_read) refers to multi_boot.o(.data) for g_pui32WriteAddress
    ios_boot_handlers.o(i.setup_ios_interface) refers to am_hal_ios.o(i.am_hal_ios_config) for am_hal_ios_config
    ios_boot_handlers.o(i.setup_ios_interface) refers to am_hal_ios.o(i.am_hal_ios_access_int_clear) for am_hal_ios_access_int_clear
    ios_boot_handlers.o(i.setup_ios_interface) refers to am_hal_ios.o(i.am_hal_ios_access_int_enable) for am_hal_ios_access_int_enable
    ios_boot_handlers.o(i.setup_ios_interface) refers to am_hal_ios.o(i.am_hal_ios_int_clear) for am_hal_ios_int_clear
    ios_boot_handlers.o(i.setup_ios_interface) refers to am_hal_ios.o(i.am_hal_ios_int_enable) for am_hal_ios_int_enable
    ios_boot_handlers.o(i.setup_ios_interface) refers to am_hal_interrupt.o(i.am_hal_interrupt_enable) for am_hal_interrupt_enable
    ios_boot_handlers.o(i.setup_ios_interface) refers to ios_boot_handlers.o(.data) for g_sIOSConfig
    ios_boot_handlers.o(i.setup_ios_interface) refers to am_hal_ios.o(.constdata) for am_hal_ios_pui8LRAM
    multi_boot.o(i.am_gpio_isr) refers to am_hal_systick.o(i.am_hal_systick_count) for am_hal_systick_count
    multi_boot.o(i.am_gpio_isr) refers to am_hal_gpio.o(i.am_hal_gpio_int_disable) for am_hal_gpio_int_disable
    multi_boot.o(i.am_gpio_isr) refers to am_hal_gpio.o(i.am_hal_gpio_int_clear) for am_hal_gpio_int_clear
    multi_boot.o(i.am_gpio_isr) refers to uart_boot_handlers.o(i.setup_serial) for setup_serial
    multi_boot.o(i.am_gpio_isr) refers to am_hal_uart.o(i.am_hal_uart_char_transmit_polled) for am_hal_uart_char_transmit_polled
    multi_boot.o(i.main) refers to am_bootloader.o(i.am_bootloader_flag_page_update) for am_bootloader_flag_page_update
    multi_boot.o(i.main) refers to am_bootloader.o(i.am_bootloader_image_check) for am_bootloader_image_check
    multi_boot.o(i.main) refers to am_bootloader.o(.emb_text) for am_bootloader_image_run
    multi_boot.o(i.main) refers to am_hal_clkgen.o(i.am_hal_clkgen_sysclk_select) for am_hal_clkgen_sysclk_select
    multi_boot.o(i.main) refers to am_bsp.o(i.am_bsp_low_power_init) for am_bsp_low_power_init
[...]
    am_bsp.o(i.am_bsp_low_power_init) refers to am_hal_clkgen.o(i.am_hal_clkgen_osc_stop) for am_hal_clkgen_osc_stop
    am_bsp.o(i.am_bsp_low_power_init) refers to am_hal_rtc.o(i.am_hal_rtc_osc_disable) for am_hal_rtc_osc_disable
    am_bsp.o(i.am_bsp_low_power_init) refers to am_hal_mcuctrl.o(i.am_hal_mcuctrl_bandgap_disable) for am_hal_mcuctrl_bandgap_disable
    am_bsp.o(i.am_bsp_uart_string_print) refers to am_hal_uart.o(i.am_hal_uart_string_transmit_polled) for am_hal_uart_string_transmit_polled
    am_hal_itm.o(i.am_hal_itm_delay_us) refers to am_hal_clkgen.o(i.am_hal_clkgen_sysclk_get) for am_hal_clkgen_sysclk_get
    am_hal_itm.o(i.am_hal_itm_delay_us) refers to am_hal_itm.o(.emb_text) for __asm___12_am_hal_itm_c_09fc6a91__am_itm_delay_cycles
    am_hal_itm.o(i.am_hal_itm_disable) refers to am_hal_global.o(.data) for g_ui32HALflags
    am_hal_itm.o(i.am_hal_itm_enable) refers to am_hal_global.o(.data) for g_ui32HALflags
    am_hal_itm.o(i.am_hal_itm_not_busy) refers to am_hal_clkgen.o(i.am_hal_clkgen_sysclk_get) for am_hal_clkgen_sysclk_get
    am_hal_itm.o(i.am_hal_itm_not_busy) refers to am_hal_itm.o(.emb_text) for __asm___12_am_hal_itm_c_09fc6a91__am_itm_delay_cycles
    am_hal_mcuctrl.o(i.am_hal_mcuctrl_device_info_get) refers to am_hal_mcuctrl.o(.constdata) for .constdata
    am_hal_tpiu.o(i.am_hal_tpiu_enable) refers to am_hal_itm.o(i.am_hal_itm_delay_us) for am_hal_itm_delay_us
    __main.o(!!!main) refers to __rtentry.o(.ARM.Collect$$rtentry$$00000000) for __rt_entry
    d2f.o(x$fpl$d2f) refers (Special) to usenofp.o(x$fpl$usenofp) for __I$use$fp
    d2f.o(x$fpl$d2f) refers to fretinf.o(x$fpl$fretinf) for __fpl_fretinf
    d2f.o(x$fpl$d2f) refers to dnaninf.o(x$fpl$dnaninf) for __fpl_dnaninf
    __rtentry.o(.ARM.Collect$$rtentry$$00000000) refers (Special) to __rtentry2.o(.ARM.Collect$$rtentry$$0000000A) for __rt_entry_li
    __rtentry.o(.ARM.Collect$$rtentry$$00000000) refers (Special) to __rtentry2.o(.ARM.Collect$$rtentry$$0000000D) for __rt_entry_main
    __rtentry.o(.ARM.Collect$$rtentry$$00000000) refers (Special) to __rtentry2.o(.ARM.Collect$$rtentry$$0000000C) for __rt_entry_postli_1
    __rtentry.o(.ARM.Collect$$rtentry$$00000000) refers (Special) to __rtentry2.o(.ARM.Collect$$rtentry$$00000009) for __rt_entry_postsh_1
    __rtentry.o(.ARM.Collect$$rtentry$$00000000) refers (Special) to __rtentry2.o(.ARM.Collect$$rtentry$$00000002) for __rt_entry_presh_1
    __rtentry.o(.ARM.Collect$$rtentry$$00000000) refers (Special) to __rtentry4.o(.ARM.Collect$$rtentry$$00000004) for __rt_entry_sh
    dnaninf.o(x$fpl$dnaninf) refers (Special) to usenofp.o(x$fpl$usenofp) for __I$use$fp
    fretinf.o(x$fpl$fretinf) refers (Special) to usenofp.o(x$fpl$usenofp) for __I$use$fp
    __rtentry2.o(.ARM.Collect$$rtentry$$00000008) refers to boardinit2.o(.text) for _platform_post_stackheap_init
    __rtentry2.o(.ARM.Collect$$rtentry$$0000000A) refers to libinit.o(.ARM.Collect$$libinit$$00000000) for __rt_lib_init
    __rtentry2.o(.ARM.Collect$$rtentry$$0000000B) refers to boardinit3.o(.text) for _platform_post_lib_init
    __rtentry2.o(.ARM.Collect$$rtentry$$0000000D) refers to multi_boot.o(i.main) for main
    __rtentry2.o(.ARM.Collect$$rtentry$$0000000D) refers to exit.o(.text) for exit
    __rtentry2.o(.ARM.exidx) refers to __rtentry2.o(.ARM.Collect$$rtentry$$00000001) for .ARM.Collect$$rtentry$$00000001
    __rtentry2.o(.ARM.exidx) refers to __rtentry2.o(.ARM.Collect$$rtentry$$00000008) for .ARM.Collect$$rtentry$$00000008
    __rtentry2.o(.ARM.exidx) refers to __rtentry2.o(.ARM.Collect$$rtentry$$0000000A) for .ARM.Collect$$rtentry$$0000000A
    __rtentry2.o(.ARM.exidx) refers to __rtentry2.o(.ARM.Collect$$rtentry$$0000000B) for .ARM.Collect$$rtentry$$0000000B
    __rtentry2.o(.ARM.exidx) refers to __rtentry2.o(.ARM.Collect$$rtentry$$0000000D) for .ARM.Collect$$rtentry$$0000000D
    __rtentry4.o(.ARM.Collect$$rtentry$$00000004) refers to sys_stackheap_outer.o(.text) for __user_setup_stackheap
    __rtentry4.o(.ARM.exidx) refers to __rtentry4.o(.ARM.Collect$$rtentry$$00000004) for .ARM.Collect$$rtentry$$00000004
    sys_stackheap_outer.o(.text) refers to libspace.o(.text) for __user_perproc_libspace
    sys_stackheap_outer.o(.text) refers to startup_keil.o(.text) for __user_initial_stackheap
    exit.o(.text) refers to rtexit.o(.ARM.Collect$$rtexit$$00000000) for __rt_exit
    libinit.o(.ARM.Collect$$libinit$$00000000) refers (Special) to libinit2.o(.ARM.Collect$$libinit$$0000002E) for __rt_lib_init_alloca_1
    libinit.o(.ARM.Collect$$libinit$$00000000) refers (Special) to libinit2.o(.ARM.Collect$$libinit$$0000002C) for __rt_lib_init_argv_1
    libinit.o(.ARM.Collect$$libinit$$00000000) refers (Special) to libinit2.o(.ARM.Collect$$libinit$$0000001B) for __rt_lib_init_atexit_1
    libinit.o(.ARM.Collect$$libinit$$00000000) refers (Special) to libinit2.o(.ARM.Collect$$libinit$$00000021) for __rt_lib_init_clock_1
    libinit.o(.ARM.Collect$$libinit$$00000000) refers (Special) to libinit2.o(.ARM.Collect$$libinit$$00000032) for __rt_lib_init_cpp_1
    libinit.o(.ARM.Collect$$libinit$$00000000) refers (Special) to libinit2.o(.ARM.Collect$$libinit$$00000030) for __rt_lib_init_exceptions_1
    libinit.o(.ARM.Collect$$libinit$$00000000) refers (Special) to libinit2.o(.ARM.Collect$$libinit$$00000001) for __rt_lib_init_fp_1
    libinit.o(.ARM.Collect$$libinit$$00000000) refers (Special) to libinit2.o(.ARM.Collect$$libinit$$0000001F) for __rt_lib_init_fp_trap_1
    libinit.o(.ARM.Collect$$libinit$$00000000) refers (Special) to libinit2.o(.ARM.Collect$$libinit$$00000023) for __rt_lib_init_getenv_1
    libinit.o(.ARM.Collect$$libinit$$00000000) refers (Special) to libinit2.o(.ARM.Collect$$libinit$$0000000A) for __rt_lib_init_heap_1
    libinit.o(.ARM.Collect$$libinit$$00000000) refers (Special) to libinit2.o(.ARM.Collect$$libinit$$00000011) for __rt_lib_init_lc_collate_1
    libinit.o(.ARM.Collect$$libinit$$00000000) refers (Special) to libinit2.o(.ARM.Collect$$libinit$$00000013) for __rt_lib_init_lc_ctype_1
    libinit.o(.ARM.Collect$$libinit$$00000000) refers (Special) to libinit2.o(.ARM.Collect$$libinit$$00000015) for __rt_lib_init_lc_monetary_1
    libinit.o(.ARM.Collect$$libinit$$00000000) refers (Special) to libinit2.o(.ARM.Collect$$libinit$$00000017) for __rt_lib_init_lc_numeric_1
    libinit.o(.ARM.Collect$$libinit$$00000000) refers (Special) to libinit2.o(.ARM.Collect$$libinit$$00000019) for __rt_lib_init_lc_time_1
    libinit.o(.ARM.Collect$$libinit$$00000000) refers (Special) to libinit2.o(.ARM.Collect$$libinit$$00000004) for __rt_lib_init_preinit_1
    libinit.o(.ARM.Collect$$libinit$$00000000) refers (Special) to libinit2.o(.ARM.Collect$$libinit$$0000000E) for __rt_lib_init_rand_1
    libinit.o(.ARM.Collect$$libinit$$00000000) refers (Special) to libinit2.o(.ARM.Collect$$libinit$$00000033) for __rt_lib_init_return
    libinit.o(.ARM.Collect$$libinit$$00000000) refers (Special) to libinit2.o(.ARM.Collect$$libinit$$0000001D) for __rt_lib_init_signal_1
    libinit.o(.ARM.Collect$$libinit$$00000000) refers (Special) to libinit2.o(.ARM.Collect$$libinit$$00000025) for __rt_lib_init_stdio_1
    libinit.o(.ARM.Collect$$libinit$$00000000) refers (Special) to libinit2.o(.ARM.Collect$$libinit$$0000000C) for __rt_lib_init_user_alloc_1
    libspace.o(.text) refers to libspace.o(.bss) for __libspace_start
    rtexit.o(.ARM.Collect$$rtexit$$00000000) refers (Special) to rtexit2.o(.ARM.Collect$$rtexit$$00000004) for __rt_exit_exit
    rtexit.o(.ARM.Collect$$rtexit$$00000000) refers (Special) to rtexit2.o(.ARM.Collect$$rtexit$$00000003) for __rt_exit_ls
    rtexit.o(.ARM.Collect$$rtexit$$00000000) refers (Special) to rtexit2.o(.ARM.Collect$$rtexit$$00000002) for __rt_exit_prels_1
    rtexit.o(.ARM.exidx) refers (Special) to rtexit2.o(.ARM.Collect$$rtexit$$00000004) for __rt_exit_exit
    rtexit.o(.ARM.exidx) refers (Special) to rtexit2.o(.ARM.Collect$$rtexit$$00000003) for __rt_exit_ls
    rtexit.o(.ARM.exidx) refers (Special) to rtexit2.o(.ARM.Collect$$rtexit$$00000002) for __rt_exit_prels_1
    rtexit.o(.ARM.exidx) refers to rtexit.o(.ARM.Collect$$rtexit$$00000000) for .ARM.Collect$$rtexit$$00000000
    libinit2.o(.ARM.Collect$$libinit$$00000001) refers to fpinit.o(x$fpl$fpinit) for _fp_init
    libinit2.o(.ARM.Collect$$libinit$$00000010) refers to libinit2.o(.ARM.Collect$$libinit$$0000000F) for .ARM.Collect$$libinit$$0000000F
    libinit2.o(.ARM.Collect$$libinit$$00000012) refers to libinit2.o(.ARM.Collect$$libinit$$0000000F) for .ARM.Collect$$libinit$$0000000F
    libinit2.o(.ARM.Collect$$libinit$$00000014) refers to libinit2.o(.ARM.Collect$$libinit$$0000000F) for .ARM.Collect$$libinit$$0000000F
    libinit2.o(.ARM.Collect$$libinit$$00000016) refers to libinit2.o(.ARM.Collect$$libinit$$0000000F) for .ARM.Collect$$libinit$$0000000F
    libinit2.o(.ARM.Collect$$libinit$$00000018) refers to libinit2.o(.ARM.Collect$$libinit$$0000000F) for .ARM.Collect$$libinit$$0000000F
    libinit2.o(.ARM.Collect$$libinit$$00000026) refers to argv_veneer.o(.emb_text) for __ARM_argv_veneer
    libinit2.o(.ARM.Collect$$libinit$$00000027) refers to argv_veneer.o(.emb_text) for __ARM_argv_veneer
    rtexit2.o(.ARM.Collect$$rtexit$$00000003) refers to libshutdown.o(.ARM.Collect$$libshutdown$$00000000) for __rt_lib_shutdown
    rtexit2.o(.ARM.Collect$$rtexit$$00000004) refers to sys_exit.o(.text) for _sys_exit
    rtexit2.o(.ARM.exidx) refers to rtexit2.o(.ARM.Collect$$rtexit$$00000001) for .ARM.Collect$$rtexit$$00000001
    rtexit2.o(.ARM.exidx) refers to rtexit2.o(.ARM.Collect$$rtexit$$00000003) for .ARM.Collect$$rtexit$$00000003
    rtexit2.o(.ARM.exidx) refers to rtexit2.o(.ARM.Collect$$rtexit$$00000004) for .ARM.Collect$$rtexit$$00000004
    argv_veneer.o(.emb_text) refers to no_argv.o(.text) for __ARM_get_argv
    sys_exit.o(.text) refers (Special) to use_no_semi.o(.text) for __I$use$semihosting
    sys_exit.o(.text) refers (Special) to indicate_semi.o(.text) for __semihosting_library_function
    _get_argv_nomalloc.o(.text) refers (Special) to hrguard.o(.text) for __heap_region$guard
    _get_argv_nomalloc.o(.text) refers to defsig_rtmem_outer.o(.text) for __rt_SIGRTMEM
    _get_argv_nomalloc.o(.text) refers to sys_command.o(.text) for _sys_command_string
    libshutdown.o(.ARM.Collect$$libshutdown$$00000000) refers (Special) to libshutdown2.o(.ARM.Collect$$libshutdown$$00000002) for __rt_lib_shutdown_cpp_1
    libshutdown.o(.ARM.Collect$$libshutdown$$00000000) refers (Special) to libshutdown2.o(.ARM.Collect$$libshutdown$$00000007) for __rt_lib_shutdown_fp_trap_1
    libshutdown.o(.ARM.Collect$$libshutdown$$00000000) refers (Special) to libshutdown2.o(.ARM.Collect$$libshutdown$$0000000F) for __rt_lib_shutdown_heap_1
    libshutdown.o(.ARM.Collect$$libshutdown$$00000000) refers (Special) to libshutdown2.o(.ARM.Collect$$libshutdown$$00000010) for __rt_lib_shutdown_return
    libshutdown.o(.ARM.Collect$$libshutdown$$00000000) refers (Special) to libshutdown2.o(.ARM.Collect$$libshutdown$$0000000A) for __rt_lib_shutdown_signal_1
    libshutdown.o(.ARM.Collect$$libshutdown$$00000000) refers (Special) to libshutdown2.o(.ARM.Collect$$libshutdown$$00000004) for __rt_lib_shutdown_stdio_1
    libshutdown.o(.ARM.Collect$$libshutdown$$00000000) refers (Special) to libshutdown2.o(.ARM.Collect$$libshutdown$$0000000C) for __rt_lib_shutdown_user_alloc_1
    sys_command.o(.text) refers (Special) to use_no_semi.o(.text) for __I$use$semihosting
    sys_command.o(.text) refers (Special) to indicate_semi.o(.text) for __semihosting_library_function
    defsig_rtmem_outer.o(.text) refers to defsig_rtmem_inner.o(.text) for __rt_SIGRTMEM_inner
    defsig_rtmem_outer.o(.text) refers to defsig_exit.o(.text) for __sig_exit
    defsig_rtmem_formal.o(.text) refers to rt_raise.o(.text) for __rt_raise
    rt_raise.o(.text) refers to __raise.o(.text) for __raise
    rt_raise.o(.text) refers to sys_exit.o(.text) for _sys_exit
    defsig_exit.o(.text) refers to sys_exit.o(.text) for _sys_exit
    defsig_rtmem_inner.o(.text) refers to defsig_general.o(.text) for __default_signal_display
    __raise.o(.text) refers to defsig.o(CL$$defsig) for __default_signal_handler
    defsig_general.o(.text) refers to sys_wrch.o(.text) for _ttywrch
    sys_wrch.o(.text) refers (Special) to use_no_semi.o(.text) for __I$use$semihosting
    sys_wrch.o(.text) refers (Special) to indicate_semi.o(.text) for __semihosting_library_function
    defsig.o(CL$$defsig) refers to defsig_rtmem_inner.o(.text) for __rt_SIGRTMEM_inner
    defsig_abrt_inner.o(.text) refers to defsig_general.o(.text) for __default_signal_display
    defsig_fpe_inner.o(.text) refers to defsig_general.o(.text) for __default_signal_display
    defsig_rtred_inner.o(.text) refers to defsig_general.o(.text) for __default_signal_display
    defsig_stak_inner.o(.text) refers to defsig_general.o(.text) for __default_signal_display
    defsig_pvfn_inner.o(.text) refers to defsig_general.o(.text) for __default_signal_display
    defsig_cppl_inner.o(.text) refers to defsig_general.o(.text) for __default_signal_display
    defsig_segv_inner.o(.text) refers to defsig_general.o(.text) for __default_signal_display
    defsig_other.o(.text) refers to defsig_general.o(.text) for __default_signal_display


==============================================================================

Removing Unused input sections from the image.

    Removing ios_boot_handlers.o(i.am_ioslave_handshake), (76 bytes).
    Removing uart_boot_handlers.o(i.hex_out), (68 bytes).
    Removing uart_boot_handlers.o(i.hex_out_int), (20 bytes).
    Removing am_util_delay.o(i.am_util_delay_us), (32 bytes).
    Removing am_util_stdio.o(i.am_util_stdio_printf), (48 bytes).
    Removing am_util_stdio.o(i.am_util_stdio_printf_init), (12 bytes).
    Removing am_util_stdio.o(i.am_util_stdio_sprintf), (34 bytes).
    Removing am_util_stdio.o(i.am_util_stdio_strtoul), (146 bytes).
    Removing am_util_stdio.o(i.am_util_stdio_terminal_clear), (56 bytes).
    Removing am_util_stdio.o(i.am_util_stdio_textmode_set), (16 bytes).
    Removing am_util_stdio.o(i.am_util_stdio_vsprintf), (832 bytes).
    Removing am_util_stdio.o(i.decstr_to_u), (44 bytes).
    Removing am_util_stdio.o(i.divu64_10), (204 bytes).
    Removing am_util_stdio.o(i.ftoa), (340 bytes).
    Removing am_util_stdio.o(i.ndigits_in_hex), (52 bytes).
    Removing am_util_stdio.o(i.ndigits_in_i64), (36 bytes).
    Removing am_util_stdio.o(i.ndigits_in_u64), (58 bytes).
    Removing am_util_stdio.o(i.uint64_to_hexstr), (138 bytes).
    Removing am_util_stdio.o(i.uint64_to_str), (112 bytes).
    Removing am_util_stdio.o(.bss), (256 bytes).
    Removing am_util_stdio.o(.data), (5 bytes).
    Removing am_bootloader.o(i.am_bootloader_crc32), (60 bytes).
    Removing binary_counter_0x8000_down.o(.constdata), (5172 bytes).
    Removing am_hal_clkgen.o(i.am_hal_clkgen_clkout_disable), (10 bytes).
    Removing am_hal_clkgen.o(i.am_hal_clkgen_clkout_enable), (12 bytes).
    Removing am_hal_clkgen.o(i.am_hal_clkgen_hfrc_adjust_disable), (12 bytes).
    Removing am_hal_clkgen.o(i.am_hal_clkgen_hfrc_adjust_enable), (18 bytes).
    Removing am_hal_clkgen.o(i.am_hal_clkgen_int_clear), (10 bytes).
    Removing am_hal_clkgen.o(i.am_hal_clkgen_int_disable), (18 bytes).
    Removing am_hal_clkgen.o(i.am_hal_clkgen_int_enable), (16 bytes).
    Removing am_hal_clkgen.o(i.am_hal_clkgen_int_enable_get), (10 bytes).
    Removing am_hal_clkgen.o(i.am_hal_clkgen_int_set), (10 bytes).
    Removing am_hal_clkgen.o(i.am_hal_clkgen_int_status_get), (20 bytes).
    Removing am_hal_clkgen.o(i.am_hal_clkgen_osc_start), (14 bytes).
    Removing am_hal_flash.o(i.am_hal_flash_erase_main_pages_sram), (12 bytes).
    Removing am_hal_flash.o(i.am_hal_flash_load_ui32), (12 bytes).
    Removing am_hal_flash.o(i.am_hal_flash_mass_erase), (12 bytes).
    Removing am_hal_flash.o(i.am_hal_flash_mass_erase_sram), (12 bytes).
    Removing am_hal_flash.o(i.am_hal_flash_program_main_sram), (12 bytes).
    Removing am_hal_flash.o(i.am_hal_flash_program_otp), (24 bytes).
    Removing am_hal_flash.o(i.am_hal_flash_program_otp_sram), (12 bytes).
    Removing am_hal_gpio.o(i.am_hal_gpio_input_read), (24 bytes).
    Removing am_hal_gpio.o(i.am_hal_gpio_int_enable_get), (24 bytes).
    Removing am_hal_gpio.o(i.am_hal_gpio_int_polarity_bit_get), (40 bytes).
    Removing am_hal_gpio.o(i.am_hal_gpio_int_register), (84 bytes).
    Removing am_hal_gpio.o(i.am_hal_gpio_int_service), (88 bytes).
    Removing am_hal_gpio.o(i.am_hal_gpio_int_set), (16 bytes).
    Removing am_hal_gpio.o(i.am_hal_gpio_int_status_get), (56 bytes).
    Removing am_hal_gpio.o(i.am_hal_gpio_out_enable_bit_get), (48 bytes).
    Removing am_hal_gpio.o(i.am_hal_gpio_out_enable_get), (24 bytes).
    Removing am_hal_gpio.o(i.am_hal_gpio_out_read), (24 bytes).
    Removing am_hal_gpio.o(.bss), (256 bytes).
    Removing am_hal_interrupt.o(i.am_hal_interrupt_disable), (76 bytes).
    Removing am_hal_interrupt.o(i.am_hal_interrupt_pend_clear), (34 bytes).
    Removing am_hal_interrupt.o(i.am_hal_interrupt_pend_set), (34 bytes).
    Removing am_hal_interrupt.o(i.am_hal_interrupt_priority_set), (52 bytes).
    Removing am_hal_ios.o(i.am_hal_ios_access_int_disable), (18 bytes).
    Removing am_hal_ios.o(i.am_hal_ios_access_int_enable_get), (10 bytes).
    Removing am_hal_ios.o(i.am_hal_ios_access_int_set), (10 bytes).
    Removing am_hal_ios.o(i.am_hal_ios_disable), (18 bytes).
    Removing am_hal_ios.o(i.am_hal_ios_enable), (18 bytes).
    Removing am_hal_ios.o(i.am_hal_ios_fifo_buffer_init), (20 bytes).
    Removing am_hal_ios.o(i.am_hal_ios_fifo_ptr_set), (36 bytes).
    Removing am_hal_ios.o(i.am_hal_ios_fifo_space_left), (28 bytes).
    Removing am_hal_ios.o(i.am_hal_ios_fifo_write), (196 bytes).
    Removing am_hal_ios.o(i.am_hal_ios_fifo_write_simple), (68 bytes).
    Removing am_hal_ios.o(i.am_hal_ios_host_int_clear), (18 bytes).
    Removing am_hal_ios.o(i.am_hal_ios_host_int_enable_get), (12 bytes).
    Removing am_hal_ios.o(i.am_hal_ios_host_int_get), (14 bytes).
    Removing am_hal_ios.o(i.am_hal_ios_host_int_set), (12 bytes).
    Removing am_hal_ios.o(i.am_hal_ios_int_disable), (18 bytes).
    Removing am_hal_ios.o(i.am_hal_ios_int_enable_get), (10 bytes).
    Removing am_hal_ios.o(i.am_hal_ios_int_set), (10 bytes).
    Removing am_hal_ios.o(i.am_hal_ios_lram_read), (8 bytes).
    Removing am_hal_ios.o(i.am_hal_ios_lram_write), (8 bytes).
    Removing am_hal_ios.o(i.am_hal_ios_read_poll_complete), (16 bytes).
    Removing am_hal_ios.o(i.fifo_write), (108 bytes).
    Removing am_hal_ios.o(.conststring), (166 bytes).
    Removing am_hal_reset.o(i.am_hal_reset_init), (8 bytes).
    Removing am_hal_reset.o(i.am_hal_reset_por), (8 bytes).
    Removing am_hal_reset.o(i.am_hal_reset_status_clear), (8 bytes).
    Removing am_hal_reset.o(i.am_hal_reset_status_get), (8 bytes).
    Removing am_hal_systick.o(i.am_hal_systick_delay_us), (464 bytes).
    Removing am_hal_systick.o(i.am_hal_systick_int_disable), (14 bytes).
    Removing am_hal_systick.o(i.am_hal_systick_int_enable), (14 bytes).
    Removing am_hal_systick.o(i.am_hal_systick_int_status_get), (12 bytes).
    Removing am_hal_systick.o(i.am_hal_systick_reset), (10 bytes).
    Removing am_hal_systick.o(i.am_hal_systick_stop), (14 bytes).
    Removing am_hal_systick.o(i.am_hal_systick_wait_ticks), (34 bytes).
    Removing am_hal_uart.o(i.am_hal_uart_char_receive_buffered), (92 bytes).
    Removing am_hal_uart.o(i.am_hal_uart_char_receive_polled), (20 bytes).
    Removing am_hal_uart.o(i.am_hal_uart_char_transmit_buffered), (68 bytes).
    Removing am_hal_uart.o(i.am_hal_uart_clock_disable), (28 bytes).
    Removing am_hal_uart.o(i.am_hal_uart_flags_get), (12 bytes).
    Removing am_hal_uart.o(i.am_hal_uart_init_buffered), (72 bytes).
    Removing am_hal_uart.o(i.am_hal_uart_int_disable), (16 bytes).
    Removing am_hal_uart.o(i.am_hal_uart_int_enable_get), (12 bytes).
    Removing am_hal_uart.o(i.am_hal_uart_line_receive_polled), (72 bytes).
    Removing am_hal_uart.o(i.am_hal_uart_service_buffered), (196 bytes).
    Removing am_hal_uart.o(i.am_hal_uart_status_get), (12 bytes).
    Removing am_hal_uart.o(i.am_hal_uart_string_transmit_buffered), (100 bytes).
    Removing am_hal_uart.o(i.am_hal_uart_string_transmit_polled), (36 bytes).
    Removing am_hal_uart.o(.bss), (40 bytes).
    Removing am_bsp.o(i.am_bsp_debug_printf_disable), (68 bytes).
    Removing am_bsp.o(i.am_bsp_debug_printf_enable), (60 bytes).
    Removing am_bsp.o(i.am_bsp_iom_i2c_pins_disable), (64 bytes).
    Removing am_bsp.o(i.am_bsp_iom_i2c_pins_enable), (72 bytes).
    Removing am_bsp.o(i.am_bsp_iom_spi_pins_disable), (92 bytes).
    Removing am_bsp.o(i.am_bsp_iom_spi_pins_enable), (92 bytes).
    Removing am_bsp.o(i.am_bsp_itm_string_print), (4 bytes).
    Removing am_bsp.o(i.am_bsp_uart_string_print), (8 bytes).
    Removing am_bsp.o(.data), (32 bytes).
    Removing am_bsp.o(.data), (48 bytes).
    Removing am_hal_debug.o(i.am_hal_debug_error), (2 bytes).
    Removing am_hal_itm.o(.emb_text), (6 bytes).
    Removing am_hal_itm.o(i.am_hal_itm_delay_us), (28 bytes).
    Removing am_hal_itm.o(i.am_hal_itm_disable), (100 bytes).
    Removing am_hal_itm.o(i.am_hal_itm_enable), (88 bytes).
    Removing am_hal_itm.o(i.am_hal_itm_not_busy), (44 bytes).
    Removing am_hal_itm.o(i.am_hal_itm_print), (48 bytes).
    Removing am_hal_itm.o(i.am_hal_itm_print_not_busy), (14 bytes).
    Removing am_hal_itm.o(i.am_hal_itm_stimulus_not_busy), (18 bytes).
    Removing am_hal_itm.o(i.am_hal_itm_stimulus_reg_byte_write), (18 bytes).
    Removing am_hal_itm.o(i.am_hal_itm_stimulus_reg_short_write), (18 bytes).
    Removing am_hal_itm.o(i.am_hal_itm_stimulus_reg_word_write), (18 bytes).
    Removing am_hal_itm.o(i.am_hal_itm_sync_send), (20 bytes).
    Removing am_hal_itm.o(i.am_hal_itm_trace_port_disable), (24 bytes).
    Removing am_hal_itm.o(i.am_hal_itm_trace_port_enable), (24 bytes).
    Removing am_hal_mcuctrl.o(i.am_hal_mcuctrl_bandgap_enable), (16 bytes).
    Removing am_hal_mcuctrl.o(i.am_hal_mcuctrl_bodpor_control), (12 bytes).
    Removing am_hal_mcuctrl.o(i.am_hal_mcuctrl_bucks_disable), (24 bytes).
    Removing am_hal_mcuctrl.o(i.am_hal_mcuctrl_device_info_get), (64 bytes).
    Removing am_hal_mcuctrl.o(i.am_hal_mcuctrl_fault_capture_disable), (20 bytes).
    Removing am_hal_mcuctrl.o(i.am_hal_mcuctrl_fault_capture_enable), (20 bytes).
    Removing am_hal_mcuctrl.o(i.am_hal_mcuctrl_fault_status), (56 bytes).
    Removing am_hal_mcuctrl.o(i.am_hal_mcuctrl_flash_power_set), (12 bytes).
    Removing am_hal_mcuctrl.o(i.am_hal_mcuctrl_pmu_disable), (16 bytes).
    Removing am_hal_mcuctrl.o(i.am_hal_mcuctrl_pmu_enable), (16 bytes).
    Removing am_hal_mcuctrl.o(i.am_hal_mcuctrl_sram_power_set), (16 bytes).
    Removing am_hal_mcuctrl.o(.constdata), (128 bytes).
    Removing am_hal_rtc.o(i.am_hal_rtc_alarm_get), (158 bytes).
    Removing am_hal_rtc.o(i.am_hal_rtc_alarm_interval_set), (52 bytes).
    Removing am_hal_rtc.o(i.am_hal_rtc_alarm_set), (312 bytes).
    Removing am_hal_rtc.o(i.am_hal_rtc_int_clear), (10 bytes).
    Removing am_hal_rtc.o(i.am_hal_rtc_int_disable), (18 bytes).
    Removing am_hal_rtc.o(i.am_hal_rtc_int_enable), (16 bytes).
    Removing am_hal_rtc.o(i.am_hal_rtc_int_enable_get), (10 bytes).
    Removing am_hal_rtc.o(i.am_hal_rtc_int_set), (10 bytes).
    Removing am_hal_rtc.o(i.am_hal_rtc_int_status_get), (24 bytes).
    Removing am_hal_rtc.o(i.am_hal_rtc_osc_enable), (14 bytes).
    Removing am_hal_rtc.o(i.am_hal_rtc_time_12hour), (18 bytes).
    Removing am_hal_rtc.o(i.am_hal_rtc_time_get), (198 bytes).
    Removing am_hal_rtc.o(i.am_hal_rtc_time_set), (368 bytes).
    Removing am_hal_tpiu.o(i.am_hal_tpiu_clock_disable), (20 bytes).
    Removing am_hal_tpiu.o(i.am_hal_tpiu_clock_enable), (20 bytes).
    Removing am_hal_tpiu.o(i.am_hal_tpiu_configure), (48 bytes).
    Removing am_hal_tpiu.o(i.am_hal_tpiu_disable), (16 bytes).
    Removing am_hal_tpiu.o(i.am_hal_tpiu_enable), (52 bytes).
    Removing am_hal_tpiu.o(i.am_hal_tpiu_port_width_get), (40 bytes).
    Removing am_hal_tpiu.o(i.am_hal_tpiu_port_width_set), (20 bytes).
    Removing am_hal_tpiu.o(i.am_hal_tpiu_supported_port_width_get), (56 bytes).
    Removing am_hal_vcomp.o(i.am_hal_vcomp_config), (20 bytes).
    Removing am_hal_vcomp.o(i.am_hal_vcomp_dac_level_set), (24 bytes).
    Removing am_hal_vcomp.o(i.am_hal_vcomp_enable), (12 bytes).
    Removing am_hal_vcomp.o(i.am_hal_vcomp_int_clear), (12 bytes).
    Removing am_hal_vcomp.o(i.am_hal_vcomp_int_disable), (20 bytes).
    Removing am_hal_vcomp.o(i.am_hal_vcomp_int_enable), (20 bytes).
    Removing am_hal_vcomp.o(i.am_hal_vcomp_int_enable_get), (12 bytes).
    Removing am_hal_vcomp.o(i.am_hal_vcomp_int_set), (12 bytes).
    Removing am_hal_vcomp.o(i.am_hal_vcomp_int_status_get), (24 bytes).
    Removing am_hal_vcomp.o(i.am_hal_vcomp_read), (16 bytes).

171 unused section(s) (total 14197 bytes) removed from the image.

==============================================================================

Image Symbol Table

    Local Symbols

    Symbol Name                              Value     Ov Type        Size  Object(Section)

    RESET                                    0x00000000   Section      160  startup_keil.o(RESET)
    ../../../../../bootloader/am_bootloader.c 0x00000000   Number         0  am_bootloader.o ABSOLUTE
    ../../../../../utils/am_util_delay.c     0x00000000   Number         0  am_util_delay.o ABSOLUTE
    ../../../../../utils/am_util_stdio.c     0x00000000   Number         0  am_util_stdio.o ABSOLUTE
    ../am_bsp.c                              0x00000000   Number         0  am_bsp.o ABSOLUTE
    ../am_hal_clkgen.c                       0x00000000   Number         0  am_hal_clkgen.o ABSOLUTE
    ../am_hal_debug.c                        0x00000000   Number         0  am_hal_debug.o ABSOLUTE
    ../am_hal_flash.c                        0x00000000   Number         0  am_hal_flash.o ABSOLUTE
    ../am_hal_global.c                       0x00000000   Number         0  am_hal_global.o ABSOLUTE
    ../am_hal_gpio.c                         0x00000000   Number         0  am_hal_gpio.o ABSOLUTE
    ../am_hal_interrupt.c                    0x00000000   Number         0  am_hal_interrupt.o ABSOLUTE
    ../am_hal_ios.c                          0x00000000   Number         0  am_hal_ios.o ABSOLUTE
    ../am_hal_itm.c                          0x00000000   Number         0  am_hal_itm.o ABSOLUTE
    ../am_hal_mcuctrl.c                      0x00000000   Number         0  am_hal_mcuctrl.o ABSOLUTE
    ../am_hal_reset.c                        0x00000000   Number         0  am_hal_reset.o ABSOLUTE
    ../am_hal_rtc.c                          0x00000000   Number         0  am_hal_rtc.o ABSOLUTE
    ../am_hal_systick.c                      0x00000000   Number         0  am_hal_systick.o ABSOLUTE
    ../am_hal_tpiu.c                         0x00000000   Number         0  am_hal_tpiu.o ABSOLUTE
    ../am_hal_uart.c                         0x00000000   Number         0  am_hal_uart.o ABSOLUTE
    ../am_hal_vcomp.c                        0x00000000   Number         0  am_hal_vcomp.o ABSOLUTE
    ../clib/angel/boardlib.s                 0x00000000   Number         0  boardshut.o ABSOLUTE
    ../clib/angel/boardlib.s                 0x00000000   Number         0  boardinit1.o ABSOLUTE
    ../clib/angel/boardlib.s                 0x00000000   Number         0  boardinit3.o ABSOLUTE
    ../clib/angel/boardlib.s                 0x00000000   Number         0  boardinit2.o ABSOLUTE
    ../clib/angel/handlers.s                 0x00000000   Number         0  __scatter_zi.o ABSOLUTE
    ../clib/angel/handlers.s                 0x00000000   Number         0  __scatter_copy.o ABSOLUTE
    ../clib/angel/kernel.s                   0x00000000   Number         0  __rtentry.o ABSOLUTE
    ../clib/angel/kernel.s                   0x00000000   Number         0  rtexit.o ABSOLUTE
    ../clib/angel/kernel.s                   0x00000000   Number         0  rtexit2.o ABSOLUTE
    ../clib/angel/kernel.s                   0x00000000   Number         0  __rtentry4.o ABSOLUTE
    ../clib/angel/kernel.s                   0x00000000   Number         0  __rtentry2.o ABSOLUTE
    ../clib/angel/rt.s                       0x00000000   Number         0  rt_raise.o ABSOLUTE
    ../clib/angel/scatter.s                  0x00000000   Number         0  __scatter.o ABSOLUTE
    ../clib/angel/startup.s                  0x00000000   Number         0  __main.o ABSOLUTE
    ../clib/angel/sys.s                      0x00000000   Number         0  sys_stackheap_outer.o ABSOLUTE
    ../clib/angel/sys.s                      0x00000000   Number         0  libspace.o ABSOLUTE
    ../clib/angel/sys.s                      0x00000000   Number         0  indicate_semi.o ABSOLUTE
    ../clib/angel/sys.s                      0x00000000   Number         0  use_no_semi.o ABSOLUTE
    ../clib/angel/sysapp.c                   0x00000000   Number         0  sys_wrch.o ABSOLUTE
    ../clib/angel/sysapp.c                   0x00000000   Number         0  sys_exit.o ABSOLUTE
    ../clib/angel/sysapp.c                   0x00000000   Number         0  sys_command.o ABSOLUTE
    ../clib/armsys.c                         0x00000000   Number         0  no_argv.o ABSOLUTE
    ../clib/armsys.c                         0x00000000   Number         0  argv_veneer.o ABSOLUTE
    ../clib/armsys.c                         0x00000000   Number         0  argv_veneer.o ABSOLUTE
    ../clib/armsys.c                         0x00000000   Number         0  _get_argv_nomalloc.o ABSOLUTE
    ../clib/heapalloc.c                      0x00000000   Number         0  hrguard.o ABSOLUTE
    ../clib/heapaux.c                        0x00000000   Number         0  heapauxi.o ABSOLUTE
    ../clib/libinit.s                        0x00000000   Number         0  libshutdown2.o ABSOLUTE
    ../clib/libinit.s                        0x00000000   Number         0  libinit2.o ABSOLUTE
    ../clib/libinit.s                        0x00000000   Number         0  libinit.o ABSOLUTE
    ../clib/libinit.s                        0x00000000   Number         0  libshutdown.o ABSOLUTE
    ../clib/memcpset.s                       0x00000000   Number         0  rt_memcpy_w.o ABSOLUTE
    ../clib/signal.c                         0x00000000   Number         0  defsig_segv_inner.o ABSOLUTE
    ../clib/signal.c                         0x00000000   Number         0  defsig_cppl_inner.o ABSOLUTE
    ../clib/signal.c                         0x00000000   Number         0  defsig_pvfn_inner.o ABSOLUTE
    ../clib/signal.c                         0x00000000   Number         0  defsig_stak_inner.o ABSOLUTE
    ../clib/signal.c                         0x00000000   Number         0  defsig_rtred_inner.o ABSOLUTE
    ../clib/signal.c                         0x00000000   Number         0  defsig_fpe_inner.o ABSOLUTE
    ../clib/signal.c                         0x00000000   Number         0  defsig_abrt_inner.o ABSOLUTE
    ../clib/signal.c                         0x00000000   Number         0  defsig_general.o ABSOLUTE
    ../clib/signal.c                         0x00000000   Number         0  __raise.o ABSOLUTE
    ../clib/signal.c                         0x00000000   Number         0  defsig_rtmem_inner.o ABSOLUTE
    ../clib/signal.c                         0x00000000   Number         0  defsig_exit.o ABSOLUTE
    ../clib/signal.c                         0x00000000   Number         0  defsig_rtmem_outer.o ABSOLUTE
    ../clib/signal.c                         0x00000000   Number         0  defsig_rtmem_formal.o ABSOLUTE
    ../clib/signal.c                         0x00000000   Number         0  defsig_other.o ABSOLUTE
    ../clib/signal.s                         0x00000000   Number         0  defsig.o ABSOLUTE
    ../clib/stdlib.c                         0x00000000   Number         0  exit.o ABSOLUTE
    ../fplib/d2f.s                           0x00000000   Number         0  d2f.o ABSOLUTE
    ../fplib/dnaninf.s                       0x00000000   Number         0  dnaninf.o ABSOLUTE
    ../fplib/fpinit.s                        0x00000000   Number         0  fpinit.o ABSOLUTE
    ../fplib/fretinf.s                       0x00000000   Number         0  fretinf.o ABSOLUTE
    ../fplib/usenofp.s                       0x00000000   Number         0  usenofp.o ABSOLUTE
    ../keil/startup_keil.s                   0x00000000   Number         0  startup_keil.o ABSOLUTE
    ../src/ios_boot_handlers.c               0x00000000   Number         0  ios_boot_handlers.o ABSOLUTE
    ../src/multi_boot.c                      0x00000000   Number         0  multi_boot.o ABSOLUTE
    ../src/uart_boot_handlers.c              0x00000000   Number         0  uart_boot_handlers.o ABSOLUTE
    ..\..\..\..\..\bootloader\am_bootloader.c 0x00000000   Number         0  am_bootloader.o ABSOLUTE
    ..\..\..\..\..\utils\am_util_delay.c     0x00000000   Number         0  am_util_delay.o ABSOLUTE
    ..\am_hal_interrupt.c                    0x00000000   Number         0  am_hal_interrupt.o ABSOLUTE
    ..\am_hal_itm.c                          0x00000000   Number         0  am_hal_itm.o ABSOLUTE
    ..\src\binary_counter_0x4000_up.c        0x00000000   Number         0  binary_counter_0x4000_up.o ABSOLUTE
    ..\src\binary_counter_0x8000_down.c      0x00000000   Number         0  binary_counter_0x8000_down.o ABSOLUTE
    ..\src\image_boot_handlers.c             0x00000000   Number         0  image_boot_handlers.o ABSOLUTE
    dc.s                                     0x00000000   Number         0  dc.o ABSOLUTE
    $v0                                      0x00000070   Number         0  startup_keil.o(RESET)
    !!!main                                  0x000000a0   Section        8  __main.o(!!!main)
    !!!scatter                               0x000000a8   Section       52  __scatter.o(!!!scatter)
    !!handler_copy                           0x000000dc   Section       26  __scatter_copy.o(!!handler_copy)
    !!handler_zi                             0x000000f8   Section       28  __scatter_zi.o(!!handler_zi)
    .ARM.Collect$$libinit$$00000000          0x00000114   Section        2  libinit.o(.ARM.Collect$$libinit$$00000000)
    .ARM.Collect$$libinit$$00000001          0x00000116   Section        4  libinit2.o(.ARM.Collect$$libinit$$00000001)
    .ARM.Collect$$libinit$$00000004          0x0000011a   Section        0  libinit2.o(.ARM.Collect$$libinit$$00000004)
    .ARM.Collect$$libinit$$0000000A          0x0000011a   Section        0  libinit2.o(.ARM.Collect$$libinit$$0000000A)
    .ARM.Collect$$libinit$$0000000C          0x0000011a   Section        0  libinit2.o(.ARM.Collect$$libinit$$0000000C)
    .ARM.Collect$$libinit$$0000000E          0x0000011a   Section        0  libinit2.o(.ARM.Collect$$libinit$$0000000E)
    .ARM.Collect$$libinit$$00000011          0x0000011a   Section        0  libinit2.o(.ARM.Collect$$libinit$$00000011)
    .ARM.Collect$$libinit$$00000013          0x0000011a   Section        0  libinit2.o(.ARM.Collect$$libinit$$00000013)
    .ARM.Collect$$libinit$$00000015          0x0000011a   Section        0  libinit2.o(.ARM.Collect$$libinit$$00000015)
    .ARM.Collect$$libinit$$00000017          0x0000011a   Section        0  libinit2.o(.ARM.Collect$$libinit$$00000017)
    .ARM.Collect$$libinit$$00000019          0x0000011a   Section        0  libinit2.o(.ARM.Collect$$libinit$$00000019)
    .ARM.Collect$$libinit$$0000001B          0x0000011a   Section        0  libinit2.o(.ARM.Collect$$libinit$$0000001B)
    .ARM.Collect$$libinit$$0000001D          0x0000011a   Section        0  libinit2.o(.ARM.Collect$$libinit$$0000001D)
    .ARM.Collect$$libinit$$0000001F          0x0000011a   Section        0  libinit2.o(.ARM.Collect$$libinit$$0000001F)
    .ARM.Collect$$libinit$$00000021          0x0000011a   Section        0  libinit2.o(.ARM.Collect$$libinit$$00000021)
    .ARM.Collect$$libinit$$00000023          0x0000011a   Section        0  libinit2.o(.ARM.Collect$$libinit$$00000023)
    .ARM.Collect$$libinit$$00000025          0x0000011a   Section        0  libinit2.o(.ARM.Collect$$libinit$$00000025)
    .ARM.Collect$$libinit$$0000002C          0x0000011a   Section        0  libinit2.o(.ARM.Collect$$libinit$$0000002C)
    .ARM.Collect$$libinit$$0000002E          0x0000011a   Section        0  libinit2.o(.ARM.Collect$$libinit$$0000002E)
    .ARM.Collect$$libinit$$00000030          0x0000011a   Section        0  libinit2.o(.ARM.Collect$$libinit$$00000030)
    .ARM.Collect$$libinit$$00000032          0x0000011a   Section        0  libinit2.o(.ARM.Collect$$libinit$$00000032)
    .ARM.Collect$$libinit$$00000033          0x0000011a   Section        2  libinit2.o(.ARM.Collect$$libinit$$00000033)
    .ARM.Collect$$libshutdown$$00000000      0x0000011c   Section        2  libshutdown.o(.ARM.Collect$$libshutdown$$00000000)
    .ARM.Collect$$libshutdown$$00000002      0x0000011e   Section        0  libshutdown2.o(.ARM.Collect$$libshutdown$$00000002)
    .ARM.Collect$$libshutdown$$00000004      0x0000011e   Section        0  libshutdown2.o(.ARM.Collect$$libshutdown$$00000004)
    .ARM.Collect$$libshutdown$$00000007      0x0000011e   Section        0  libshutdown2.o(.ARM.Collect$$libshutdown$$00000007)
    .ARM.Collect$$libshutdown$$0000000A      0x0000011e   Section        0  libshutdown2.o(.ARM.Collect$$libshutdown$$0000000A)
    .ARM.Collect$$libshutdown$$0000000C      0x0000011e   Section        0  libshutdown2.o(.ARM.Collect$$libshutdown$$0000000C)
    .ARM.Collect$$libshutdown$$0000000F      0x0000011e   Section        0  libshutdown2.o(.ARM.Collect$$libshutdown$$0000000F)
    .ARM.Collect$$libshutdown$$00000010      0x0000011e   Section        2  libshutdown2.o(.ARM.Collect$$libshutdown$$00000010)
    .ARM.Collect$$rtentry$$00000000          0x00000120   Section        0  __rtentry.o(.ARM.Collect$$rtentry$$00000000)
    .ARM.Collect$$rtentry$$00000002          0x00000120   Section        0  __rtentry2.o(.ARM.Collect$$rtentry$$00000002)
    .ARM.Collect$$rtentry$$00000004          0x00000120   Section        6  __rtentry4.o(.ARM.Collect$$rtentry$$00000004)
    .ARM.Collect$$rtentry$$00000009          0x00000126   Section        0  __rtentry2.o(.ARM.Collect$$rtentry$$00000009)
    .ARM.Collect$$rtentry$$0000000A          0x00000126   Section        4  __rtentry2.o(.ARM.Collect$$rtentry$$0000000A)
    .ARM.Collect$$rtentry$$0000000C          0x0000012a   Section        0  __rtentry2.o(.ARM.Collect$$rtentry$$0000000C)
    .ARM.Collect$$rtentry$$0000000D          0x0000012a   Section        8  __rtentry2.o(.ARM.Collect$$rtentry$$0000000D)
    .ARM.Collect$$rtexit$$00000000           0x00000132   Section        2  rtexit.o(.ARM.Collect$$rtexit$$00000000)
    .ARM.Collect$$rtexit$$00000002           0x00000134   Section        0  rtexit2.o(.ARM.Collect$$rtexit$$00000002)
    .ARM.Collect$$rtexit$$00000003           0x00000134   Section        4  rtexit2.o(.ARM.Collect$$rtexit$$00000003)
    .ARM.Collect$$rtexit$$00000004           0x00000138   Section        6  rtexit2.o(.ARM.Collect$$rtexit$$00000004)
    .emb_text                                0x00000140   Section        6  am_util_delay.o(.emb_text)
    $v0                                      0x00000140   Number         0  am_util_delay.o(.emb_text)
    .emb_text                                0x00000148   Section       20  am_bootloader.o(.emb_text)
    $v0                                      0x00000148   Number         0  am_bootloader.o(.emb_text)
    .emb_text                                0x0000015c   Section       22  am_hal_interrupt.o(.emb_text)
    $v0                                      0x0000015c   Number         0  am_hal_interrupt.o(.emb_text)
    .text                                    0x00000174   Section       24  startup_keil.o(.text)
    $v0                                      0x00000174   Number         0  startup_keil.o(.text)
    .text                                    0x0000018c   Section      100  rt_memcpy_w.o(.text)
    .text                                    0x000001f0   Section        0  heapauxi.o(.text)
    .text                                    0x000001f6   Section       74  sys_stackheap_outer.o(.text)
    .text                                    0x00000240   Section        0  exit.o(.text)
    .text                                    0x00000254   Section        8  libspace.o(.text)
    .text                                    0x0000025c   Section        0  sys_exit.o(.text)
    .text                                    0x00000268   Section        2  use_no_semi.o(.text)
    .text                                    0x0000026a   Section        0  indicate_semi.o(.text)
    i.am_bootloader_boot_from_storage        0x0000026a   Section        0  am_bootloader.o(i.am_bootloader_boot_from_storage)
    i.am_bootloader_fast_crc32               0x000002dc   Section        0  am_bootloader.o(i.am_bootloader_fast_crc32)
    i.am_bootloader_flag_page_update         0x00000308   Section        0  am_bootloader.o(i.am_bootloader_flag_page_update)
    i.am_bootloader_flash_check              0x0000033c   Section        0  am_bootloader.o(i.am_bootloader_flash_check)
    i.am_bootloader_image_check              0x0000039c   Section        0  am_bootloader.o(i.am_bootloader_image_check)
    i.am_bootloader_new_image_check          0x00000574   Section        0  am_bootloader.o(i.am_bootloader_new_image_check)
    i.am_bootloader_partial_crc32            0x000005e4   Section        0  am_bootloader.o(i.am_bootloader_partial_crc32)
    i.am_bsp_low_power_init                  0x00000610   Section        0  am_bsp.o(i.am_bsp_low_power_init)
    i.am_gpio_isr                            0x00000638   Section        0  multi_boot.o(i.am_gpio_isr)
    i.am_hal_clkgen_osc_stop                 0x000006fc   Section        0  am_hal_clkgen.o(i.am_hal_clkgen_osc_stop)
    i.am_hal_clkgen_sysclk_get               0x00000708   Section        0  am_hal_clkgen.o(i.am_hal_clkgen_sysclk_get)
    i.am_hal_clkgen_sysclk_select            0x00000768   Section        0  am_hal_clkgen.o(i.am_hal_clkgen_sysclk_select)
    i.am_hal_flash_page_erase                0x00000778   Section        0  am_hal_flash.o(i.am_hal_flash_page_erase)
    i.am_hal_flash_program_main              0x00000784   Section        0  am_hal_flash.o(i.am_hal_flash_program_main)
    i.am_hal_gpio_int_clear                  0x00000794   Section        0  am_hal_gpio.o(i.am_hal_gpio_int_clear)
    i.am_hal_gpio_int_disable                0x000007a4   Section        0  am_hal_gpio.o(i.am_hal_gpio_int_disable)
    i.am_hal_gpio_int_enable                 0x000007c4   Section        0  am_hal_gpio.o(i.am_hal_gpio_int_enable)
    i.am_hal_interrupt_enable                0x000007e0   Section        0  am_hal_interrupt.o(i.am_hal_interrupt_enable)
    i.am_hal_ios_access_int_clear            0x0000082c   Section        0  am_hal_ios.o(i.am_hal_ios_access_int_clear)
    i.am_hal_ios_access_int_enable           0x00000836   Section        0  am_hal_ios.o(i.am_hal_ios_access_int_enable)
    i.am_hal_ios_access_int_status_get       0x00000846   Section        0  am_hal_ios.o(i.am_hal_ios_access_int_status_get)
    i.am_hal_ios_config                      0x0000085c   Section        0  am_hal_ios.o(i.am_hal_ios_config)
    i.am_hal_ios_fifo_service                0x000008e8   Section        0  am_hal_ios.o(i.am_hal_ios_fifo_service)
    i.am_hal_ios_int_clear                   0x00000980   Section        0  am_hal_ios.o(i.am_hal_ios_int_clear)
    i.am_hal_ios_int_enable                  0x0000098a   Section        0  am_hal_ios.o(i.am_hal_ios_int_enable)
    i.am_hal_ios_int_status_get              0x0000099a   Section        0  am_hal_ios.o(i.am_hal_ios_int_status_get)
    i.am_hal_mcuctrl_bandgap_disable         0x000009b0   Section        0  am_hal_mcuctrl.o(i.am_hal_mcuctrl_bandgap_disable)
    i.am_hal_mcuctrl_bucks_enable            0x000009c0   Section        0  am_hal_mcuctrl.o(i.am_hal_mcuctrl_bucks_enable)
    i.am_hal_reset_poi                       0x000009e8   Section        0  am_hal_reset.o(i.am_hal_reset_poi)
    i.am_hal_rtc_osc_disable                 0x000009f2   Section        0  am_hal_rtc.o(i.am_hal_rtc_osc_disable)
    i.am_hal_rtc_osc_select                  0x00000a00   Section        0  am_hal_rtc.o(i.am_hal_rtc_osc_select)
    i.am_hal_systick_count                   0x00000a16   Section        0  am_hal_systick.o(i.am_hal_systick_count)
    i.am_hal_systick_load                    0x00000a1e   Section        0  am_hal_systick.o(i.am_hal_systick_load)
    i.am_hal_systick_start                   0x00000a26   Section        0  am_hal_systick.o(i.am_hal_systick_start)
    i.am_hal_uart_char_transmit_polled       0x00000a34   Section        0  am_hal_uart.o(i.am_hal_uart_char_transmit_polled)
    i.am_hal_uart_clock_enable               0x00000a48   Section        0  am_hal_uart.o(i.am_hal_uart_clock_enable)
    i.am_hal_uart_config                     0x00000a6c   Section        0  am_hal_uart.o(i.am_hal_uart_config)
    i.am_hal_uart_disable                    0x00000ac0   Section        0  am_hal_uart.o(i.am_hal_uart_disable)
    i.am_hal_uart_enable                     0x00000ad4   Section        0  am_hal_uart.o(i.am_hal_uart_enable)
    i.am_hal_uart_fifo_config                0x00000ae8   Section        0  am_hal_uart.o(i.am_hal_uart_fifo_config)
    i.am_hal_uart_int_clear                  0x00000afc   Section        0  am_hal_uart.o(i.am_hal_uart_int_clear)
    i.am_hal_uart_int_enable                 0x00000b08   Section        0  am_hal_uart.o(i.am_hal_uart_int_enable)
    i.am_hal_uart_int_status_get             0x00000b18   Section        0  am_hal_uart.o(i.am_hal_uart_int_status_get)
    i.am_hal_vcomp_disable                   0x00000b28   Section        0  am_hal_vcomp.o(i.am_hal_vcomp_disable)
    i.am_ioslave_acc_isr                     0x00000b34   Section        0  ios_boot_handlers.o(i.am_ioslave_acc_isr)
    i.am_ioslave_ios_isr                     0x00000c58   Section        0  ios_boot_handlers.o(i.am_ioslave_ios_isr)
    i.am_uart_isr                            0x00000c70   Section        0  uart_boot_handlers.o(i.am_uart_isr)
    i.am_util_delay_ms                       0x00000ea4   Section        0  am_util_delay.o(i.am_util_delay_ms)
    i.cleanup_ios_interface                  0x00000ec0   Section        0  ios_boot_handlers.o(i.cleanup_ios_interface)
    i.flash_load_from_image                  0x00000f7c   Section        0  image_boot_handlers.o(i.flash_load_from_image)
    i.image_data_packet_read                 0x00001030   Section        0  ios_boot_handlers.o(i.image_data_packet_read)
    image_data_packet_read                   0x00001031   Thumb Code   194  ios_boot_handlers.o(i.image_data_packet_read)
    i.image_data_packet_read                 0x00001118   Section        0  uart_boot_handlers.o(i.image_data_packet_read)
    image_data_packet_read                   0x00001119   Thumb Code   216  uart_boot_handlers.o(i.image_data_packet_read)
    i.image_start_packet_read                0x00001214   Section        0  ios_boot_handlers.o(i.image_start_packet_read)
    image_start_packet_read                  0x00001215   Thumb Code    68  ios_boot_handlers.o(i.image_start_packet_read)
    i.image_start_packet_read                0x00001268   Section        0  uart_boot_handlers.o(i.image_start_packet_read)
    image_start_packet_read                  0x00001269   Thumb Code    60  uart_boot_handlers.o(i.image_start_packet_read)
    i.main                                   0x000012b0   Section        0  multi_boot.o(i.main)
    i.ser_out                                0x0000140c   Section        0  uart_boot_handlers.o(i.ser_out)
    i.setup_ios_interface                    0x00001424   Section        0  ios_boot_handlers.o(i.setup_ios_interface)
    i.setup_serial                           0x000015c4   Section        0  uart_boot_handlers.o(i.setup_serial)
    x$fpl$fpinit                             0x00001698   Section       10  fpinit.o(x$fpl$fpinit)
    $v0                                      0x00001698   Number         0  fpinit.o(x$fpl$fpinit)
    .constdata                               0x000016a4   Section     1024  am_bootloader.o(.constdata)
    g_pui32CRC32Table                        0x000016a4   Data        1024  am_bootloader.o(.constdata)
    .constdata                               0x00001aa4   Section        4  am_hal_ios.o(.constdata)
    .ARM.__at_0x8000                         0x00008000   Section     5168  binary_counter_0x4000_up.o(.ARM.__at_0x8000)
    __tagsym$$used                           0x00008000   Number         0  binary_counter_0x4000_up.o(.ARM.__at_0x8000)
    .data                                    0x10000000   Section       28  ios_boot_handlers.o(.data)
    g_sIOSConfig                             0x10000004   Data          24  ios_boot_handlers.o(.data)
    .data                                    0x1000001c   Section       36  multi_boot.o(.data)
    .data                                    0x10000040   Section       42  uart_boot_handlers.o(.data)
    .data                                    0x1000006c   Section        4  am_hal_global.o(.data)
    .data                                    0x10000070   Section       40  am_hal_flash.o(.data)
    .data                                    0x10000098   Section       12  am_hal_ios.o(.data)
    .bss                                     0x100000a4   Section     2088  multi_boot.o(.bss)
    .bss                                     0x100008cc   Section      256  uart_boot_handlers.o(.bss)
    .bss                                     0x100009cc   Section     2048  image_boot_handlers.o(.bss)
    .bss                                     0x100011cc   Section       20  am_hal_ios.o(.bss)
    .bss                                     0x100011e0   Section       96  libspace.o(.bss)
    HEAP                                     0x10001240   Section        0  startup_keil.o(HEAP)
    STACK                                    0x10001240   Section      512  startup_keil.o(STACK)
    HeapMem                                  0x10001240   Data           0  startup_keil.o(HEAP)
    StackMem                                 0x10001240   Data           0  startup_keil.o(STACK)

    Global Symbols

    Symbol Name                              Value     Ov Type        Size  Object(Section)

    BuildAttributes$$THM_ISAv4$E$P$D$K$B$S$7EM$VFPi3$EXTD16$VFPS$VFMA$PE$A:L22UL41UL21$X:L11$S22US41US21$IEEE1$IW$USESV6$~STKCKD$USESV7$~SHL$OTIME$ROPI$EBA8$UX$STANDARDLIB$REQ8$EABIv2 0x00000000   Number         0  anon$$obj.o ABSOLUTE
    __ARM_use_no_argv                        0x00000000   Number         0  multi_boot.o ABSOLUTE
    __Vectors                                0x00000000   Data           0  startup_keil.o(RESET)
    __ARM_exceptions_init                     - Undefined Weak Reference
    __alloca_initialize                       - Undefined Weak Reference
    __arm_preinit_                            - Undefined Weak Reference
    __cpp_initialize__aeabi_                  - Undefined Weak Reference
    __cxa_finalize                            - Undefined Weak Reference
    __rt_locale                               - Undefined Weak Reference
    __sigvec_lookup                           - Undefined Weak Reference
    _atexit_init                              - Undefined Weak Reference
    _call_atexit_fns                          - Undefined Weak Reference
    _clock_init                               - Undefined Weak Reference
    _fp_trap_init                             - Undefined Weak Reference
    _fp_trap_shutdown                         - Undefined Weak Reference
    _get_lc_collate                           - Undefined Weak Reference
    _get_lc_ctype                             - Undefined Weak Reference
    _get_lc_monetary                          - Undefined Weak Reference
    _get_lc_numeric                           - Undefined Weak Reference
    _get_lc_time                              - Undefined Weak Reference
    _getenv_init                              - Undefined Weak Reference
    _handle_redirection                       - Undefined Weak Reference
    _init_alloc                               - Undefined Weak Reference
    _init_user_alloc                          - Undefined Weak Reference
    _initio                                   - Undefined Weak Reference
    _rand_init                                - Undefined Weak Reference
    _signal_finish                            - Undefined Weak Reference
    _signal_init                              - Undefined Weak Reference
    _terminate_alloc                          - Undefined Weak Reference
    _terminate_user_alloc                     - Undefined Weak Reference
    _terminateio                              - Undefined Weak Reference
    Reset_Handler                            0x00000071   Thumb Code    28  startup_keil.o(RESET)
    am_nmi_isr                               0x0000008d   Thumb Code     2  startup_keil.o(RESET)
    am_fault_isr                             0x0000008f   Thumb Code     2  startup_keil.o(RESET)
    am_memmanage_isr                         0x00000091   Thumb Code     2  startup_keil.o(RESET)
    am_mpufault_isr                          0x00000093   Thumb Code     2  startup_keil.o(RESET)
    am_busfault_isr                          0x00000095   Thumb Code     2  startup_keil.o(RESET)
    am_usagefault_isr                        0x00000097   Thumb Code     2  startup_keil.o(RESET)
    am_adc_isr                               0x00000099   Thumb Code     0  startup_keil.o(RESET)
    am_brownout_isr                          0x00000099   Thumb Code     0  startup_keil.o(RESET)
    am_clkgen_isr                            0x00000099   Thumb Code     0  startup_keil.o(RESET)
    am_ctimer_isr                            0x00000099   Thumb Code     0  startup_keil.o(RESET)
    am_debugmon_isr                          0x00000099   Thumb Code     0  startup_keil.o(RESET)
    am_iomaster0_isr                         0x00000099   Thumb Code     0  startup_keil.o(RESET)
    am_iomaster1_isr                         0x00000099   Thumb Code     0  startup_keil.o(RESET)
    am_pendsv_isr                            0x00000099   Thumb Code     0  startup_keil.o(RESET)
    am_svcall_isr                            0x00000099   Thumb Code     0  startup_keil.o(RESET)
    am_systick_isr                           0x00000099   Thumb Code     0  startup_keil.o(RESET)
    am_vcomp_isr                             0x00000099   Thumb Code     0  startup_keil.o(RESET)
    am_watchdog_isr                          0x00000099   Thumb Code     0  startup_keil.o(RESET)
    __main                                   0x000000a1   Thumb Code     8  __main.o(!!!main)
    __scatterload                            0x000000a9   Thumb Code     0  __scatter.o(!!!scatter)
    __scatterload_rt2                        0x000000a9   Thumb Code    44  __scatter.o(!!!scatter)
    __scatterload_rt2_thumb_only             0x000000a9   Thumb Code     0  __scatter.o(!!!scatter)
    __scatterload_null                       0x000000b7   Thumb Code     0  __scatter.o(!!!scatter)
    __scatterload_copy                       0x000000dd   Thumb Code    26  __scatter_copy.o(!!handler_copy)
    __scatterload_zeroinit                   0x000000f9   Thumb Code    28  __scatter_zi.o(!!handler_zi)
    __rt_lib_init                            0x00000115   Thumb Code     0  libinit.o(.ARM.Collect$$libinit$$00000000)
    __rt_lib_init_fp_1                       0x00000117   Thumb Code     0  libinit2.o(.ARM.Collect$$libinit$$00000001)
    __rt_lib_init_alloca_1                   0x0000011b   Thumb Code     0  libinit2.o(.ARM.Collect$$libinit$$0000002E)
    __rt_lib_init_argv_1                     0x0000011b   Thumb Code     0  libinit2.o(.ARM.Collect$$libinit$$0000002C)
    __rt_lib_init_atexit_1                   0x0000011b   Thumb Code     0  libinit2.o(.ARM.Collect$$libinit$$0000001B)
    __rt_lib_init_clock_1                    0x0000011b   Thumb Code     0  libinit2.o(.ARM.Collect$$libinit$$00000021)
    __rt_lib_init_cpp_1                      0x0000011b   Thumb Code     0  libinit2.o(.ARM.Collect$$libinit$$00000032)
    __rt_lib_init_exceptions_1               0x0000011b   Thumb Code     0  libinit2.o(.ARM.Collect$$libinit$$00000030)
    __rt_lib_init_fp_trap_1                  0x0000011b   Thumb Code     0  libinit2.o(.ARM.Collect$$libinit$$0000001F)
    __rt_lib_init_getenv_1                   0x0000011b   Thumb Code     0  libinit2.o(.ARM.Collect$$libinit$$00000023)
    __rt_lib_init_heap_1                     0x0000011b   Thumb Code     0  libinit2.o(.ARM.Collect$$libinit$$0000000A)
    __rt_lib_init_lc_collate_1               0x0000011b   Thumb Code     0  libinit2.o(.ARM.Collect$$libinit$$00000011)
    __rt_lib_init_lc_ctype_1                 0x0000011b   Thumb Code     0  libinit2.o(.ARM.Collect$$libinit$$00000013)
    __rt_lib_init_lc_monetary_1              0x0000011b   Thumb Code     0  libinit2.o(.ARM.Collect$$libinit$$00000015)
    __rt_lib_init_lc_numeric_1               0x0000011b   Thumb Code     0  libinit2.o(.ARM.Collect$$libinit$$00000017)
    __rt_lib_init_lc_time_1                  0x0000011b   Thumb Code     0  libinit2.o(.ARM.Collect$$libinit$$00000019)
    __rt_lib_init_preinit_1                  0x0000011b   Thumb Code     0  libinit2.o(.ARM.Collect$$libinit$$00000004)
    __rt_lib_init_rand_1                     0x0000011b   Thumb Code     0  libinit2.o(.ARM.Collect$$libinit$$0000000E)
    __rt_lib_init_return                     0x0000011b   Thumb Code     0  libinit2.o(.ARM.Collect$$libinit$$00000033)
    __rt_lib_init_signal_1                   0x0000011b   Thumb Code     0  libinit2.o(.ARM.Collect$$libinit$$0000001D)
    __rt_lib_init_stdio_1                    0x0000011b   Thumb Code     0  libinit2.o(.ARM.Collect$$libinit$$00000025)
    __rt_lib_init_user_alloc_1               0x0000011b   Thumb Code     0  libinit2.o(.ARM.Collect$$libinit$$0000000C)
    __rt_lib_shutdown                        0x0000011d   Thumb Code     0  libshutdown.o(.ARM.Collect$$libshutdown$$00000000)
    __rt_lib_shutdown_cpp_1                  0x0000011f   Thumb Code     0  libshutdown2.o(.ARM.Collect$$libshutdown$$00000002)
    __rt_lib_shutdown_fp_trap_1              0x0000011f   Thumb Code     0  libshutdown2.o(.ARM.Collect$$libshutdown$$00000007)
    __rt_lib_shutdown_heap_1                 0x0000011f   Thumb Code     0  libshutdown2.o(.ARM.Collect$$libshutdown$$0000000F)
    __rt_lib_shutdown_return                 0x0000011f   Thumb Code     0  libshutdown2.o(.ARM.Collect$$libshutdown$$00000010)
    __rt_lib_shutdown_signal_1               0x0000011f   Thumb Code     0  libshutdown2.o(.ARM.Collect$$libshutdown$$0000000A)
    __rt_lib_shutdown_stdio_1                0x0000011f   Thumb Code     0  libshutdown2.o(.ARM.Collect$$libshutdown$$00000004)
    __rt_lib_shutdown_user_alloc_1           0x0000011f   Thumb Code     0  libshutdown2.o(.ARM.Collect$$libshutdown$$0000000C)
    __rt_entry                               0x00000121   Thumb Code     0  __rtentry.o(.ARM.Collect$$rtentry$$00000000)
    __rt_entry_presh_1                       0x00000121   Thumb Code     0  __rtentry2.o(.ARM.Collect$$rtentry$$00000002)
    __rt_entry_sh                            0x00000121   Thumb Code     0  __rtentry4.o(.ARM.Collect$$rtentry$$00000004)
    __rt_entry_li                            0x00000127   Thumb Code     0  __rtentry2.o(.ARM.Collect$$rtentry$$0000000A)
    __rt_entry_postsh_1                      0x00000127   Thumb Code     0  __rtentry2.o(.ARM.Collect$$rtentry$$00000009)
    __rt_entry_main                          0x0000012b   Thumb Code     0  __rtentry2.o(.ARM.Collect$$rtentry$$0000000D)
    __rt_entry_postli_1                      0x0000012b   Thumb Code     0  __rtentry2.o(.ARM.Collect$$rtentry$$0000000C)
    __rt_exit                                0x00000133   Thumb Code     0  rtexit.o(.ARM.Collect$$rtexit$$00000000)
    __rt_exit_ls                             0x00000135   Thumb Code     0  rtexit2.o(.ARM.Collect$$rtexit$$00000003)
    __rt_exit_prels_1                        0x00000135   Thumb Code     0  rtexit2.o(.ARM.Collect$$rtexit$$00000002)
    __rt_exit_exit                           0x00000139   Thumb Code     0  rtexit2.o(.ARM.Collect$$rtexit$$00000004)
    am_util_delay_cycles                     0x00000141   Thumb Code     6  am_util_delay.o(.emb_text)
    am_bootloader_image_run                  0x00000149   Thumb Code    20  am_bootloader.o(.emb_text)
    am_hal_interrupt_master_enable           0x0000015d   Thumb Code     8  am_hal_interrupt.o(.emb_text)
    am_hal_interrupt_master_disable          0x00000165   Thumb Code     8  am_hal_interrupt.o(.emb_text)
    am_hal_interrupt_master_set              0x0000016d   Thumb Code     6  am_hal_interrupt.o(.emb_text)
    __user_initial_stackheap                 0x00000175   Thumb Code    10  startup_keil.o(.text)
    __aeabi_memcpy4                          0x0000018d   Thumb Code     0  rt_memcpy_w.o(.text)
    __aeabi_memcpy8                          0x0000018d   Thumb Code     0  rt_memcpy_w.o(.text)
    __rt_memcpy_w                            0x0000018d   Thumb Code   100  rt_memcpy_w.o(.text)
    _memcpy_lastbytes_aligned                0x000001d5   Thumb Code     0  rt_memcpy_w.o(.text)
    __use_two_region_memory                  0x000001f1   Thumb Code     2  heapauxi.o(.text)
    __rt_heap_escrow$2region                 0x000001f3   Thumb Code     2  heapauxi.o(.text)
    __rt_heap_expand$2region                 0x000001f5   Thumb Code     2  heapauxi.o(.text)
    __user_setup_stackheap                   0x000001f7   Thumb Code    74  sys_stackheap_outer.o(.text)
    exit                                     0x00000241   Thumb Code    18  exit.o(.text)
    __user_libspace                          0x00000255   Thumb Code     8  libspace.o(.text)
    __user_perproc_libspace                  0x00000255   Thumb Code     0  libspace.o(.text)
    __user_perthread_libspace                0x00000255   Thumb Code     0  libspace.o(.text)
    _sys_exit                                0x0000025d   Thumb Code     8  sys_exit.o(.text)
    __I$use$semihosting                      0x00000269   Thumb Code     0  use_no_semi.o(.text)
    __use_no_semihosting_swi                 0x00000269   Thumb Code     2  use_no_semi.o(.text)
    __semihosting_library_function           0x0000026b   Thumb Code     0  indicate_semi.o(.text)
    am_bootloader_boot_from_storage          0x0000026b   Thumb Code   112  am_bootloader.o(i.am_bootloader_boot_from_storage)
    am_bootloader_fast_crc32                 0x000002dd   Thumb Code    38  am_bootloader.o(i.am_bootloader_fast_crc32)
    am_bootloader_flag_page_update           0x00000309   Thumb Code    48  am_bootloader.o(i.am_bootloader_flag_page_update)
    am_bootloader_flash_check                0x0000033d   Thumb Code    96  am_bootloader.o(i.am_bootloader_flash_check)
    am_bootloader_image_check                0x0000039d   Thumb Code   468  am_bootloader.o(i.am_bootloader_image_check)
    am_bootloader_new_image_check            0x00000575   Thumb Code   110  am_bootloader.o(i.am_bootloader_new_image_check)
    am_bootloader_partial_crc32              0x000005e5   Thumb Code    40  am_bootloader.o(i.am_bootloader_partial_crc32)
    am_bsp_low_power_init                    0x00000611   Thumb Code    40  am_bsp.o(i.am_bsp_low_power_init)
    am_gpio_isr                              0x00000639   Thumb Code   186  multi_boot.o(i.am_gpio_isr)
    am_hal_clkgen_osc_stop                   0x000006fd   Thumb Code    12  am_hal_clkgen.o(i.am_hal_clkgen_osc_stop)
    am_hal_clkgen_sysclk_get                 0x00000709   Thumb Code    64  am_hal_clkgen.o(i.am_hal_clkgen_sysclk_get)
    am_hal_clkgen_sysclk_select              0x00000769   Thumb Code    16  am_hal_clkgen.o(i.am_hal_clkgen_sysclk_select)
    am_hal_flash_page_erase                  0x00000779   Thumb Code     6  am_hal_flash.o(i.am_hal_flash_page_erase)
    am_hal_flash_program_main                0x00000785   Thumb Code    10  am_hal_flash.o(i.am_hal_flash_program_main)
    am_hal_gpio_int_clear                    0x00000795   Thumb Code    12  am_hal_gpio.o(i.am_hal_gpio_int_clear)
    am_hal_gpio_int_disable                  0x000007a5   Thumb Code    28  am_hal_gpio.o(i.am_hal_gpio_int_disable)
    am_hal_gpio_int_enable                   0x000007c5   Thumb Code    24  am_hal_gpio.o(i.am_hal_gpio_int_enable)
    am_hal_interrupt_enable                  0x000007e1   Thumb Code    70  am_hal_interrupt.o(i.am_hal_interrupt_enable)
    am_hal_ios_access_int_clear              0x0000082d   Thumb Code    10  am_hal_ios.o(i.am_hal_ios_access_int_clear)
    am_hal_ios_access_int_enable             0x00000837   Thumb Code    16  am_hal_ios.o(i.am_hal_ios_access_int_enable)
    am_hal_ios_access_int_status_get         0x00000847   Thumb Code    20  am_hal_ios.o(i.am_hal_ios_access_int_status_get)
    am_hal_ios_config                        0x0000085d   Thumb Code   136  am_hal_ios.o(i.am_hal_ios_config)
    am_hal_ios_fifo_service                  0x000008e9   Thumb Code   142  am_hal_ios.o(i.am_hal_ios_fifo_service)
    am_hal_ios_int_clear                     0x00000981   Thumb Code    10  am_hal_ios.o(i.am_hal_ios_int_clear)
    am_hal_ios_int_enable                    0x0000098b   Thumb Code    16  am_hal_ios.o(i.am_hal_ios_int_enable)
    am_hal_ios_int_status_get                0x0000099b   Thumb Code    20  am_hal_ios.o(i.am_hal_ios_int_status_get)
    am_hal_mcuctrl_bandgap_disable           0x000009b1   Thumb Code    12  am_hal_mcuctrl.o(i.am_hal_mcuctrl_bandgap_disable)
    am_hal_mcuctrl_bucks_enable              0x000009c1   Thumb Code    36  am_hal_mcuctrl.o(i.am_hal_mcuctrl_bucks_enable)
    am_hal_reset_poi                         0x000009e9   Thumb Code    10  am_hal_reset.o(i.am_hal_reset_poi)
    am_hal_rtc_osc_disable                   0x000009f3   Thumb Code    14  am_hal_rtc.o(i.am_hal_rtc_osc_disable)
    am_hal_rtc_osc_select                    0x00000a01   Thumb Code    22  am_hal_rtc.o(i.am_hal_rtc_osc_select)
    am_hal_systick_count                     0x00000a17   Thumb Code     8  am_hal_systick.o(i.am_hal_systick_count)
    am_hal_systick_load                      0x00000a1f   Thumb Code     8  am_hal_systick.o(i.am_hal_systick_load)
    am_hal_systick_start                     0x00000a27   Thumb Code    14  am_hal_systick.o(i.am_hal_systick_start)
    am_hal_uart_char_transmit_polled         0x00000a35   Thumb Code    14  am_hal_uart.o(i.am_hal_uart_char_transmit_polled)
    am_hal_uart_clock_enable                 0x00000a49   Thumb Code    32  am_hal_uart.o(i.am_hal_uart_clock_enable)
    am_hal_uart_config                       0x00000a6d   Thumb Code    78  am_hal_uart.o(i.am_hal_uart_config)
    am_hal_uart_disable                      0x00000ac1   Thumb Code    16  am_hal_uart.o(i.am_hal_uart_disable)
    am_hal_uart_enable                       0x00000ad5   Thumb Code    14  am_hal_uart.o(i.am_hal_uart_enable)
    am_hal_uart_fifo_config                  0x00000ae9   Thumb Code    14  am_hal_uart.o(i.am_hal_uart_fifo_config)
    am_hal_uart_int_clear                    0x00000afd   Thumb Code     6  am_hal_uart.o(i.am_hal_uart_int_clear)
    am_hal_uart_int_enable                   0x00000b09   Thumb Code    10  am_hal_uart.o(i.am_hal_uart_int_enable)
    am_hal_uart_int_status_get               0x00000b19   Thumb Code    12  am_hal_uart.o(i.am_hal_uart_int_status_get)
    am_hal_vcomp_disable                     0x00000b29   Thumb Code     8  am_hal_vcomp.o(i.am_hal_vcomp_disable)
    am_ioslave_acc_isr                       0x00000b35   Thumb Code   256  ios_boot_handlers.o(i.am_ioslave_acc_isr)
    am_ioslave_ios_isr                       0x00000c59   Thumb Code    24  ios_boot_handlers.o(i.am_ioslave_ios_isr)
    am_uart_isr                              0x00000c71   Thumb Code   488  uart_boot_handlers.o(i.am_uart_isr)
    am_util_delay_ms                         0x00000ea5   Thumb Code    28  am_util_delay.o(i.am_util_delay_ms)
    cleanup_ios_interface                    0x00000ec1   Thumb Code   184  ios_boot_handlers.o(i.cleanup_ios_interface)
    flash_load_from_image                    0x00000f7d   Thumb Code   172  image_boot_handlers.o(i.flash_load_from_image)
    main                                     0x000012b1   Thumb Code   324  multi_boot.o(i.main)
    ser_out                                  0x0000140d   Thumb Code    20  uart_boot_handlers.o(i.ser_out)
    setup_ios_interface                      0x00001425   Thumb Code   404  ios_boot_handlers.o(i.setup_ios_interface)
    setup_serial                             0x000015c5   Thumb Code   176  uart_boot_handlers.o(i.setup_serial)
    _fp_init                                 0x00001699   Thumb Code    10  fpinit.o(x$fpl$fpinit)
    __fplib_config_fpu_vfp                   0x000016a1   Thumb Code     0  fpinit.o(x$fpl$fpinit)
    __fplib_config_pureend_doubles           0x000016a1   Thumb Code     0  fpinit.o(x$fpl$fpinit)
    am_hal_ios_pui8LRAM                      0x00001aa4   Data           4  am_hal_ios.o(.constdata)
    Region$$Table$$Base                      0x00001aa8   Number         0  anon$$obj.o(Region$$Table)
    Region$$Table$$Limit                     0x00001ac8   Number         0  anon$$obj.o(Region$$Table)
    g_pui8binary_counter_0x4000_up           0x00008000   Data        5168  binary_counter_0x4000_up.o(.ARM.__at_0x8000)
    g_bIOSActive                             0x10000000   Data           1  ios_boot_handlers.o(.data)
    g_pui8TxBuffer                           0x1000001c   Data           8  multi_boot.o(.data)
    g_pui8RxBuffer                           0x10000024   Data           4  multi_boot.o(.data)
    g_ui32BytesInBuffer                      0x10000028   Data           4  multi_boot.o(.data)
    g_pui32WriteAddress                      0x1000002c   Data           4  multi_boot.o(.data)
    g_ui32BytesReceived                      0x10000030   Data           4  multi_boot.o(.data)
    g_bImageValid                            0x10000034   Data           1  multi_boot.o(.data)
    g_ui32CRC                                0x10000038   Data           4  multi_boot.o(.data)
    g_psBootImage                            0x1000003c   Data           4  multi_boot.o(.data)
    g_sUartConfig                            0x10000040   Data          20  uart_boot_handlers.o(.data)
    ui32_serial_status                       0x10000054   Data           4  uart_boot_handlers.o(.data)
    cRecChar                                 0x10000058   Data           1  uart_boot_handlers.o(.data)
    RX_FIFO_FULL                             0x10000059   Data           1  uart_boot_handlers.o(.data)
    RX_FIFO_EMPTY                            0x1000005a   Data           1  uart_boot_handlers.o(.data)
    uart_RX_cnt                              0x1000005b   Data           1  uart_boot_handlers.o(.data)
    uart_RX_head                             0x1000005c   Data           1  uart_boot_handlers.o(.data)
    uart_RX_tail                             0x1000005d   Data           1  uart_boot_handlers.o(.data)
    cTxChar                                  0x1000005e   Data           1  uart_boot_handlers.o(.data)
    TX_FIFO_FULL                             0x1000005f   Data           1  uart_boot_handlers.o(.data)
    TX_FIFO_EMPTY                            0x10000060   Data           1  uart_boot_handlers.o(.data)
    uart_TX_cnt                              0x10000061   Data           1  uart_boot_handlers.o(.data)
    uart_TX_head                             0x10000062   Data           1  uart_boot_handlers.o(.data)
    uart_TX_tail                             0x10000063   Data           1  uart_boot_handlers.o(.data)
    command                                  0x10000064   Data           4  uart_boot_handlers.o(.data)
    packet_cnt                               0x10000068   Data           1  uart_boot_handlers.o(.data)
    pkt_size                                 0x10000069   Data           1  uart_boot_handlers.o(.data)
    g_ui32HALflags                           0x1000006c   Data           4  am_hal_global.o(.data)
    SRAM_load_ui32                           0x10000070   Data           8  am_hal_flash.o(.data)
    g_am_hal_flash                           0x10000078   Data          32  am_hal_flash.o(.data)
    g_pui8FIFOBase                           0x10000098   Data           4  am_hal_ios.o(.data)
    g_pui8FIFOEnd                            0x1000009c   Data           4  am_hal_ios.o(.data)
    g_pui8FIFOPtr                            0x100000a0   Data           4  am_hal_ios.o(.data)
    g_pui32RxBuffer                          0x100000a4   Data        2048  multi_boot.o(.bss)
    g_sImage                                 0x100008a4   Data          40  multi_boot.o(.bss)
    uart_RX_buffer                           0x100008cc   Data         128  uart_boot_handlers.o(.bss)
    uart_TX_buffer                           0x1000094c   Data         128  uart_boot_handlers.o(.bss)
    g_ui32FlashLoadingBuffer                 0x100009cc   Data        2048  image_boot_handlers.o(.bss)
    g_sSRAMBuffer                            0x100011cc   Data          20  am_hal_ios.o(.bss)
    __libspace_start                         0x100011e0   Data          96  libspace.o(.bss)
    __temporary_stack_top$libspace           0x10001240   Data           0  libspace.o(.bss)



==============================================================================

Memory Map of the image

  Image Entry point : 0x000000a1

  Load Region LR_1 (Base: 0x00000000, Size: 0x00001b6c, Max: 0x00080000, ABSOLUTE)

    Execution Region FLASH (Base: 0x00000000, Size: 0x00001ac8, Max: 0x00008000, ABSOLUTE)

    Base Addr    Size         Type   Attr      Idx    E Section Name        Object

    0x00000000   0x000000a0   Code   RO          640    RESET               startup_keil.o
    0x000000a0   0x00000008   Code   RO         1047  * !!!main             c_w.l(__main.o)
    0x000000a8   0x00000034   Code   RO         1211    !!!scatter          c_w.l(__scatter.o)
    0x000000dc   0x0000001a   Code   RO         1213    !!handler_copy      c_w.l(__scatter_copy.o)
    0x000000f6   0x00000002   PAD
    0x000000f8   0x0000001c   Code   RO         1215    !!handler_zi        c_w.l(__scatter_zi.o)
    0x00000114   0x00000002   Code   RO         1081    .ARM.Collect$$libinit$$00000000  c_w.l(libinit.o)
    0x00000116   0x00000004   Code   RO         1087    .ARM.Collect$$libinit$$00000001  c_w.l(libinit2.o)
    0x0000011a   0x00000000   Code   RO         1090    .ARM.Collect$$libinit$$00000004  c_w.l(libinit2.o)
    0x0000011a   0x00000000   Code   RO         1093    .ARM.Collect$$libinit$$0000000A  c_w.l(libinit2.o)
    0x0000011a   0x00000000   Code   RO         1095    .ARM.Collect$$libinit$$0000000C  c_w.l(libinit2.o)
    0x0000011a   0x00000000   Code   RO         1097    .ARM.Collect$$libinit$$0000000E  c_w.l(libinit2.o)
    0x0000011a   0x00000000   Code   RO         1100    .ARM.Collect$$libinit$$00000011  c_w.l(libinit2.o)
    0x0000011a   0x00000000   Code   RO         1102    .ARM.Collect$$libinit$$00000013  c_w.l(libinit2.o)
    0x0000011a   0x00000000   Code   RO         1104    .ARM.Collect$$libinit$$00000015  c_w.l(libinit2.o)
    0x0000011a   0x00000000   Code   RO         1106    .ARM.Collect$$libinit$$00000017  c_w.l(libinit2.o)
    0x0000011a   0x00000000   Code   RO         1108    .ARM.Collect$$libinit$$00000019  c_w.l(libinit2.o)
    0x0000011a   0x00000000   Code   RO         1110    .ARM.Collect$$libinit$$0000001B  c_w.l(libinit2.o)
    0x0000011a   0x00000000   Code   RO         1112    .ARM.Collect$$libinit$$0000001D  c_w.l(libinit2.o)
    0x0000011a   0x00000000   Code   RO         1114    .ARM.Collect$$libinit$$0000001F  c_w.l(libinit2.o)
    0x0000011a   0x00000000   Code   RO         1116    .ARM.Collect$$libinit$$00000021  c_w.l(libinit2.o)
    0x0000011a   0x00000000   Code   RO         1118    .ARM.Collect$$libinit$$00000023  c_w.l(libinit2.o)
    0x0000011a   0x00000000   Code   RO         1120    .ARM.Collect$$libinit$$00000025  c_w.l(libinit2.o)
    0x0000011a   0x00000000   Code   RO         1124    .ARM.Collect$$libinit$$0000002C  c_w.l(libinit2.o)
    0x0000011a   0x00000000   Code   RO         1126    .ARM.Collect$$libinit$$0000002E  c_w.l(libinit2.o)
    0x0000011a   0x00000000   Code   RO         1128    .ARM.Collect$$libinit$$00000030  c_w.l(libinit2.o)
    0x0000011a   0x00000000   Code   RO         1130    .ARM.Collect$$libinit$$00000032  c_w.l(libinit2.o)
    0x0000011a   0x00000002   Code   RO         1131    .ARM.Collect$$libinit$$00000033  c_w.l(libinit2.o)
    0x0000011c   0x00000002   Code   RO         1151    .ARM.Collect$$libshutdown$$00000000  c_w.l(libshutdown.o)
    0x0000011e   0x00000000   Code   RO         1164    .ARM.Collect$$libshutdown$$00000002  c_w.l(libshutdown2.o)
    0x0000011e   0x00000000   Code   RO         1166    .ARM.Collect$$libshutdown$$00000004  c_w.l(libshutdown2.o)
    0x0000011e   0x00000000   Code   RO         1169    .ARM.Collect$$libshutdown$$00000007  c_w.l(libshutdown2.o)
    0x0000011e   0x00000000   Code   RO         1172    .ARM.Collect$$libshutdown$$0000000A  c_w.l(libshutdown2.o)
    0x0000011e   0x00000000   Code   RO         1174    .ARM.Collect$$libshutdown$$0000000C  c_w.l(libshutdown2.o)
    0x0000011e   0x00000000   Code   RO         1177    .ARM.Collect$$libshutdown$$0000000F  c_w.l(libshutdown2.o)
    0x0000011e   0x00000002   Code   RO         1178    .ARM.Collect$$libshutdown$$00000010  c_w.l(libshutdown2.o)
    0x00000120   0x00000000   Code   RO         1051    .ARM.Collect$$rtentry$$00000000  c_w.l(__rtentry.o)
    0x00000120   0x00000000   Code   RO         1058    .ARM.Collect$$rtentry$$00000002  c_w.l(__rtentry2.o)
    0x00000120   0x00000006   Code   RO         1070    .ARM.Collect$$rtentry$$00000004  c_w.l(__rtentry4.o)
    0x00000126   0x00000000   Code   RO         1060    .ARM.Collect$$rtentry$$00000009  c_w.l(__rtentry2.o)
    0x00000126   0x00000004   Code   RO         1061    .ARM.Collect$$rtentry$$0000000A  c_w.l(__rtentry2.o)
    0x0000012a   0x00000000   Code   RO         1063    .ARM.Collect$$rtentry$$0000000C  c_w.l(__rtentry2.o)
    0x0000012a   0x00000008   Code   RO         1064    .ARM.Collect$$rtentry$$0000000D  c_w.l(__rtentry2.o)
    0x00000132   0x00000002   Code   RO         1085    .ARM.Collect$$rtexit$$00000000  c_w.l(rtexit.o)
    0x00000134   0x00000000   Code   RO         1133    .ARM.Collect$$rtexit$$00000002  c_w.l(rtexit2.o)
    0x00000134   0x00000004   Code   RO         1134    .ARM.Collect$$rtexit$$00000003  c_w.l(rtexit2.o)
    0x00000138   0x00000006   Code   RO         1135    .ARM.Collect$$rtexit$$00000004  c_w.l(rtexit2.o)
    0x0000013e   0x00000002   PAD
    0x00000140   0x00000006   Code   RO          463    .emb_text           am_util_delay.o
    0x00000146   0x00000002   PAD
    0x00000148   0x00000014   Code   RO          578    .emb_text           am_bootloader.o
    0x0000015c   0x00000016   Code   RO          747    .emb_text           libam_hal.lib(am_hal_interrupt.o)
    0x00000172   0x00000002   PAD
    0x00000174   0x00000018   Code   RO          641    .text               startup_keil.o
    0x0000018c   0x00000064   Code   RO         1043    .text               c_w.l(rt_memcpy_w.o)
    0x000001f0   0x00000006   Code   RO         1045    .text               c_w.l(heapauxi.o)
    0x000001f6   0x0000004a   Code   RO         1072    .text               c_w.l(sys_stackheap_outer.o)
    0x00000240   0x00000012   Code   RO         1074    .text               c_w.l(exit.o)
    0x00000252   0x00000002   PAD
    0x00000254   0x00000008   Code   RO         1082    .text               c_w.l(libspace.o)
    0x0000025c   0x0000000c   Code   RO         1143    .text               c_w.l(sys_exit.o)
    0x00000268   0x00000002   Code   RO         1154    .text               c_w.l(use_no_semi.o)
    0x0000026a   0x00000000   Code   RO         1156    .text               c_w.l(indicate_semi.o)
    0x0000026a   0x00000070   Code   RO          579    i.am_bootloader_boot_from_storage  am_bootloader.o
    0x000002da   0x00000002   PAD
    0x000002dc   0x0000002c   Code   RO          581    i.am_bootloader_fast_crc32  am_bootloader.o
    0x00000308   0x00000034   Code   RO          582    i.am_bootloader_flag_page_update  am_bootloader.o
    0x0000033c   0x00000060   Code   RO          583    i.am_bootloader_flash_check  am_bootloader.o
    0x0000039c   0x000001d8   Code   RO          584    i.am_bootloader_image_check  am_bootloader.o
    0x00000574   0x0000006e   Code   RO          585    i.am_bootloader_new_image_check  am_bootloader.o
    0x000005e2   0x00000002   PAD
    0x000005e4   0x0000002c   Code   RO          586    i.am_bootloader_partial_crc32  am_bootloader.o
    0x00000610   0x00000028   Code   RO          903    i.am_bsp_low_power_init  libam_bsp.lib(am_bsp.o)
    0x00000638   0x000000c4   Code   RO          357    i.am_gpio_isr       multi_boot.o
    0x000006fc   0x0000000c   Code   RO          684    i.am_hal_clkgen_osc_stop  libam_hal.lib(am_hal_clkgen.o)
    0x00000708   0x00000060   Code   RO          685    i.am_hal_clkgen_sysclk_get  libam_hal.lib(am_hal_clkgen.o)
    0x00000768   0x00000010   Code   RO          686    i.am_hal_clkgen_sysclk_select  libam_hal.lib(am_hal_clkgen.o)
    0x00000778   0x0000000c   Code   RO          705    i.am_hal_flash_page_erase  libam_hal.lib(am_hal_flash.o)
    0x00000784   0x00000010   Code   RO          706    i.am_hal_flash_program_main  libam_hal.lib(am_hal_flash.o)
    0x00000794   0x00000010   Code   RO          721    i.am_hal_gpio_int_clear  libam_hal.lib(am_hal_gpio.o)
    0x000007a4   0x00000020   Code   RO          722    i.am_hal_gpio_int_disable  libam_hal.lib(am_hal_gpio.o)
    0x000007c4   0x0000001c   Code   RO          723    i.am_hal_gpio_int_enable  libam_hal.lib(am_hal_gpio.o)
    0x000007e0   0x0000004c   Code   RO          749    i.am_hal_interrupt_enable  libam_hal.lib(am_hal_interrupt.o)
    0x0000082c   0x0000000a   Code   RO          759    i.am_hal_ios_access_int_clear  libam_hal.lib(am_hal_ios.o)
    0x00000836   0x00000010   Code   RO          761    i.am_hal_ios_access_int_enable  libam_hal.lib(am_hal_ios.o)
    0x00000846   0x00000014   Code   RO          764    i.am_hal_ios_access_int_status_get  libam_hal.lib(am_hal_ios.o)
    0x0000085a   0x00000002   PAD
    0x0000085c   0x0000008c   Code   RO          765    i.am_hal_ios_config  libam_hal.lib(am_hal_ios.o)
    0x000008e8   0x00000098   Code   RO          770    i.am_hal_ios_fifo_service  libam_hal.lib(am_hal_ios.o)
    0x00000980   0x0000000a   Code   RO          778    i.am_hal_ios_int_clear  libam_hal.lib(am_hal_ios.o)
    0x0000098a   0x00000010   Code   RO          780    i.am_hal_ios_int_enable  libam_hal.lib(am_hal_ios.o)
    0x0000099a   0x00000014   Code   RO          783    i.am_hal_ios_int_status_get  libam_hal.lib(am_hal_ios.o)
    0x000009ae   0x00000002   PAD
    0x000009b0   0x00000010   Code   RO          946    i.am_hal_mcuctrl_bandgap_disable  libam_hal.lib(am_hal_mcuctrl.o)
    0x000009c0   0x00000028   Code   RO          950    i.am_hal_mcuctrl_bucks_enable  libam_hal.lib(am_hal_mcuctrl.o)
    0x000009e8   0x0000000a   Code   RO          822    i.am_hal_reset_poi  libam_hal.lib(am_hal_reset.o)
    0x000009f2   0x0000000e   Code   RO          982    i.am_hal_rtc_osc_disable  libam_hal.lib(am_hal_rtc.o)
    0x00000a00   0x00000016   Code   RO          984    i.am_hal_rtc_osc_select  libam_hal.lib(am_hal_rtc.o)
    0x00000a16   0x00000008   Code   RO          831    i.am_hal_systick_count  libam_hal.lib(am_hal_systick.o)
    0x00000a1e   0x00000008   Code   RO          836    i.am_hal_systick_load  libam_hal.lib(am_hal_systick.o)
    0x00000a26   0x0000000e   Code   RO          838    i.am_hal_systick_start  libam_hal.lib(am_hal_systick.o)
    0x00000a34   0x00000014   Code   RO          854    i.am_hal_uart_char_transmit_polled  libam_hal.lib(am_hal_uart.o)
    0x00000a48   0x00000024   Code   RO          856    i.am_hal_uart_clock_enable  libam_hal.lib(am_hal_uart.o)
    0x00000a6c   0x00000054   Code   RO          857    i.am_hal_uart_config  libam_hal.lib(am_hal_uart.o)
    0x00000ac0   0x00000014   Code   RO          858    i.am_hal_uart_disable  libam_hal.lib(am_hal_uart.o)
    0x00000ad4   0x00000014   Code   RO          859    i.am_hal_uart_enable  libam_hal.lib(am_hal_uart.o)
    0x00000ae8   0x00000014   Code   RO          860    i.am_hal_uart_fifo_config  libam_hal.lib(am_hal_uart.o)
    0x00000afc   0x0000000c   Code   RO          863    i.am_hal_uart_int_clear  libam_hal.lib(am_hal_uart.o)
    0x00000b08   0x00000010   Code   RO          865    i.am_hal_uart_int_enable  libam_hal.lib(am_hal_uart.o)
    0x00000b18   0x00000010   Code   RO          867    i.am_hal_uart_int_status_get  libam_hal.lib(am_hal_uart.o)
    0x00000b28   0x0000000c   Code   RO         1021    i.am_hal_vcomp_disable  libam_hal.lib(am_hal_vcomp.o)
    0x00000b34   0x00000124   Code   RO            1    i.am_ioslave_acc_isr  ios_boot_handlers.o
    0x00000c58   0x00000018   Code   RO            3    i.am_ioslave_ios_isr  ios_boot_handlers.o
    0x00000c70   0x00000234   Code   RO          386    i.am_uart_isr       uart_boot_handlers.o
    0x00000ea4   0x0000001c   Code   RO          464    i.am_util_delay_ms  am_util_delay.o
    0x00000ec0   0x000000bc   Code   RO            4    i.cleanup_ios_interface  ios_boot_handlers.o
    0x00000f7c   0x000000b4   Code   RO          436    i.flash_load_from_image  image_boot_handlers.o
    0x00001030   0x000000e8   Code   RO            5    i.image_data_packet_read  ios_boot_handlers.o
    0x00001118   0x000000fc   Code   RO          389    i.image_data_packet_read  uart_boot_handlers.o
    0x00001214   0x00000054   Code   RO            6    i.image_start_packet_read  ios_boot_handlers.o
    0x00001268   0x00000048   Code   RO          390    i.image_start_packet_read  uart_boot_handlers.o
    0x000012b0   0x0000015c   Code   RO          358    i.main              multi_boot.o
    0x0000140c   0x00000018   Code   RO          391    i.ser_out           uart_boot_handlers.o
    0x00001424   0x000001a0   Code   RO            7    i.setup_ios_interface  ios_boot_handlers.o
    0x000015c4   0x000000d4   Code   RO          392    i.setup_serial      uart_boot_handlers.o
    0x00001698   0x0000000a   Code   RO         1141    x$fpl$fpinit        fz_wm.l(fpinit.o)
    0x000016a2   0x00000002   PAD
    0x000016a4   0x00000400   Data   RO          587    .constdata          am_bootloader.o
    0x00001aa4   0x00000004   Data   RO          789    .constdata          libam_hal.lib(am_hal_ios.o)
    0x00001aa8   0x00000020   Data   RO         1209    Region$$Table       anon$$obj.o


    Execution Region SRAM (Base: 0x10000000, Size: 0x00001440, Max: 0x00004000, ABSOLUTE)

    Base Addr    Size         Type   Attr      Idx    E Section Name        Object

    0x10000000   0x0000001c   Data   RW            8    .data               ios_boot_handlers.o
    0x1000001c   0x00000024   Data   RW          360    .data               multi_boot.o
    0x10000040   0x0000002a   Data   RW          394    .data               uart_boot_handlers.o
    0x1000006a   0x00000002   PAD
    0x1000006c   0x00000004   Data   RW          672    .data               libam_hal.lib(am_hal_global.o)
    0x10000070   0x00000028   Data   RW          710    .data               libam_hal.lib(am_hal_flash.o)
    0x10000098   0x0000000c   Data   RW          791    .data               libam_hal.lib(am_hal_ios.o)
    0x100000a4   0x00000828   Zero   RW          359    .bss                multi_boot.o
    0x100008cc   0x00000100   Zero   RW          393    .bss                uart_boot_handlers.o
    0x100009cc   0x00000800   Zero   RW          437    .bss                image_boot_handlers.o
    0x100011cc   0x00000014   Zero   RW          788    .bss                libam_hal.lib(am_hal_ios.o)
    0x100011e0   0x00000060   Zero   RW         1083    .bss                c_w.l(libspace.o)
    0x10001240   0x00000000   Zero   RW          639    HEAP                startup_keil.o
    0x10001240   0x00000200   Zero   RW          638    STACK               startup_keil.o



  Load Region LR$$.ARM.__at_0x8000 (Base: 0x00008000, Size: 0x00001430, Max: 0x00001430, ABSOLUTE)

    Execution Region ER$$.ARM.__at_0x8000 (Base: 0x00008000, Size: 0x00001430, Max: 0x00001430, ABSOLUTE, UNINIT)

    Base Addr    Size         Type   Attr      Idx    E Section Name        Object

    0x00008000   0x00001430   Data   RO          648    .ARM.__at_0x8000    binary_counter_0x4000_up.o


==============================================================================

Image component sizes


      Code (inc. data)   RO Data    RW Data    ZI Data      Debug   Object Name

       950         18       1024          0          0       7568   am_bootloader.o
        34          0          0          0          0       1167   am_util_delay.o
         0          0       5168          0          0        741   binary_counter_0x4000_up.o
       180          8          0          0       2048       2807   image_boot_handlers.o
      1236        116          0         28          0      18925   ios_boot_handlers.o
       544         34          0         36       2088       2843   multi_boot.o
       184        132          0          0        512       1184   startup_keil.o
      1124        178          0         42        256       5799   uart_boot_handlers.o

    ----------------------------------------------------------------------
      4258        486       6224        108       4904      41034   Object Totals
         0          0         32          0          0          0   (incl. Generated)
         6          0          0          2          0          0   (incl. Padding)

    ----------------------------------------------------------------------

      Code (inc. data)   RO Data    RW Data    ZI Data      Debug   Library Member Name

         8          0          0          0          0         68   __main.o
         0          0          0          0          0          0   __rtentry.o
        12          0          0          0          0          0   __rtentry2.o
         6          0          0          0          0          0   __rtentry4.o
        52          8          0          0          0          0   __scatter.o
        26          0          0          0          0          0   __scatter_copy.o
        28          0          0          0          0          0   __scatter_zi.o
        18          0          0          0          0         80   exit.o
         6          0          0          0          0        152   heapauxi.o
         0          0          0          0          0          0   indicate_semi.o
         2          0          0          0          0          0   libinit.o
         6          0          0          0          0          0   libinit2.o
         2          0          0          0          0          0   libshutdown.o
         2          0          0          0          0          0   libshutdown2.o
         8          4          0          0         96         68   libspace.o
       100          0          0          0          0         80   rt_memcpy_w.o
         2          0          0          0          0          0   rtexit.o
        10          0          0          0          0          0   rtexit2.o
        12          4          0          0          0         68   sys_exit.o
        74          0          0          0          0         80   sys_stackheap_outer.o
         2          0          0          0          0         68   use_no_semi.o
        10          0          0          0          0        116   fpinit.o
        40          0          0          0          0        128   am_bsp.o
       124         40          0          0          0        348   am_hal_clkgen.o
        28         12          0         40          0        232   am_hal_flash.o
         0          0          0          4          0          0   am_hal_global.o
        76         12          0          0          0        348   am_hal_gpio.o
        98          6          0          0          0        264   am_hal_interrupt.o
       384         14          4         12         20        972   am_hal_ios.o
        56          8          0          0          0        232   am_hal_mcuctrl.o
        10          0          0          0          0        116   am_hal_reset.o
        36          0          0          0          0        232   am_hal_rtc.o
        30          0          0          0          0        348   am_hal_systick.o
       244         48          0          0          0       1056   am_hal_uart.o
        12          4          0          0          0        116   am_hal_vcomp.o

    ----------------------------------------------------------------------
      1538        160          4         56        116       5172   Library Totals
        14          0          0          0          0          0   (incl. Padding)

    ----------------------------------------------------------------------

      Code (inc. data)   RO Data    RW Data    ZI Data      Debug   Library Name

       376         16          0          0         96        664   c_w.l
        10          0          0          0          0        116   fz_wm.l
        40          0          0          0          0        128   libam_bsp.lib
      1098        144          4         56         20       4264   libam_hal.lib

    ----------------------------------------------------------------------
      1538        160          4         56        116       5172   Library Totals

    ----------------------------------------------------------------------

==============================================================================


      Code (inc. data)   RO Data    RW Data    ZI Data      Debug   

      5796        646       6228        164       5020      40498   Grand Totals
      5796        646       6228        164       5020      40498   ELF Image Totals
      5796        646       6228        164          0          0   ROM Totals

==============================================================================

    Total RO  Size (Code + RO Data)                12024 (  11.74kB)
    Total RW  Size (RW Data + ZI Data)              5184 (   5.06kB)
    Total ROM Size (Code + RO Data + RW Data)      12188 (  11.90kB)

==============================================================================

