<html>
<body>
<pre>
<h1>µVision Build Log</h1>
<h2>Tool Versions:</h2>
IDE-Version: ¦ÌVision V5.20.0.0
Copyright (C) 2016 ARM Ltd and ARM Germany GmbH. All rights reserved.
License Information: ASDF Renton, SD, LIC=SDAPC-76HZD-DKABN-Y1PN2-LT25P-D33Z2
 
Tool Versions:
Toolchain:       MDK-ARM Plus  Version: 5.20
Toolchain Path:  C:\Keil_v5\ARM\ARMCC\Bin
C Compiler:      Armcc.exe V5.06 update 2 (build 183)
Assembler:       Armasm.exe V5.06 update 2 (build 183)
Linker/Locator:  ArmLink.exe V5.06 update 2 (build 183)
Library Manager: ArmAr.exe V5.06 update 2 (build 183)
Hex Converter:   FromElf.exe V5.06 update 2 (build 183)
CPU DLL:         SARMCM3.DLL V5.20
Dialog DLL:      DCM.DLL V1.13.7.0
Target DLL:      Segger\JL2CM3.dll V2.99.20.0
Dialog DLL:      TCM.DLL V1.14.9.0
 
<h2>Project:</h2>
C:\__Work\_events2016\1030_OTA_support\github\1228\ota_working\boards\apollo_evk_base\examples\multi_boot\keil\multi_boot.uvprojx
Project File Date:  12/28/2016

<h2>Output:</h2>
*** Using Compiler 'V5.06 update 2 (build 183)', folder: 'C:\Keil_v5\ARM\ARMCC\Bin'
Build target 'multi_boot'
compiling startup_keil.s...
compiling am_bootloader.c...
linking...
Program Size: Code=8576 RO-data=1176 RW-data=200 ZI-data=5248  
After Build - User command #1: fromelf --bin --output bin\multi_boot.bin bin\multi_boot.axf
After Build - User command #2: fromelf -cedrst --output bin\multi_boot.txt bin\multi_boot.axf
".\bin\multi_boot.axf" - 0 Error(s), 0 Warning(s).

<h2>Collection of Component include folders:</h2>
  C:\__Work\_events2016\1030_OTA_support\github\1228\ota_working\boards\apollo_evk_base\examples\multi_boot\keil\RTE
  C:\Keil_v5\ARM\PACK\AmbiqMicro\Apollo_DFP\0.9.2\Device\Include

<h2>Collection of Component Files used:</h2>
Build Time Elapsed:  00:00:02
</pre>
</body>
</html>
